Archive member included because of file (symbol)

/home/brghena/toolchains/gcc-arm-none-eabi-4_9-2014q4/bin/../lib/gcc/arm-none-eabi/4.9.3/armv6-m/libgcc.a(_arm_cmpdf2.o)
                              _build/tsl2561.o (__aeabi_dcmple)
/home/brghena/toolchains/gcc-arm-none-eabi-4_9-2014q4/bin/../lib/gcc/arm-none-eabi/4.9.3/armv6-m/libgcc.a(_arm_cmpsf2.o)
                              _build/tsl2561.o (__aeabi_fcmpeq)
/home/brghena/toolchains/gcc-arm-none-eabi-4_9-2014q4/bin/../lib/gcc/arm-none-eabi/4.9.3/armv6-m/libgcc.a(_aeabi_uldivmod.o)
                              _build/main.o (__aeabi_uldivmod)
/home/brghena/toolchains/gcc-arm-none-eabi-4_9-2014q4/bin/../lib/gcc/arm-none-eabi/4.9.3/armv6-m/libgcc.a(_fixunssfsi.o)
                              _build/main.o (__aeabi_f2uiz)
/home/brghena/toolchains/gcc-arm-none-eabi-4_9-2014q4/bin/../lib/gcc/arm-none-eabi/4.9.3/armv6-m/libgcc.a(_fixunsdfsi.o)
                              _build/tsl2561.o (__aeabi_d2uiz)
/home/brghena/toolchains/gcc-arm-none-eabi-4_9-2014q4/bin/../lib/gcc/arm-none-eabi/4.9.3/armv6-m/libgcc.a(bpabi.o)
                              /home/brghena/toolchains/gcc-arm-none-eabi-4_9-2014q4/bin/../lib/gcc/arm-none-eabi/4.9.3/armv6-m/libgcc.a(_aeabi_uldivmod.o) (__gnu_uldivmod_helper)
/home/brghena/toolchains/gcc-arm-none-eabi-4_9-2014q4/bin/../lib/gcc/arm-none-eabi/4.9.3/armv6-m/libgcc.a(divsf3.o)
                              _build/tsl2561.o (__aeabi_fdiv)
/home/brghena/toolchains/gcc-arm-none-eabi-4_9-2014q4/bin/../lib/gcc/arm-none-eabi/4.9.3/armv6-m/libgcc.a(eqsf2.o)
                              /home/brghena/toolchains/gcc-arm-none-eabi-4_9-2014q4/bin/../lib/gcc/arm-none-eabi/4.9.3/armv6-m/libgcc.a(_arm_cmpsf2.o) (__eqsf2)
/home/brghena/toolchains/gcc-arm-none-eabi-4_9-2014q4/bin/../lib/gcc/arm-none-eabi/4.9.3/armv6-m/libgcc.a(gesf2.o)
                              /home/brghena/toolchains/gcc-arm-none-eabi-4_9-2014q4/bin/../lib/gcc/arm-none-eabi/4.9.3/armv6-m/libgcc.a(_arm_cmpsf2.o) (__gesf2)
/home/brghena/toolchains/gcc-arm-none-eabi-4_9-2014q4/bin/../lib/gcc/arm-none-eabi/4.9.3/armv6-m/libgcc.a(lesf2.o)
                              /home/brghena/toolchains/gcc-arm-none-eabi-4_9-2014q4/bin/../lib/gcc/arm-none-eabi/4.9.3/armv6-m/libgcc.a(_arm_cmpsf2.o) (__lesf2)
/home/brghena/toolchains/gcc-arm-none-eabi-4_9-2014q4/bin/../lib/gcc/arm-none-eabi/4.9.3/armv6-m/libgcc.a(mulsf3.o)
                              _build/main.o (__aeabi_fmul)
/home/brghena/toolchains/gcc-arm-none-eabi-4_9-2014q4/bin/../lib/gcc/arm-none-eabi/4.9.3/armv6-m/libgcc.a(subsf3.o)
                              /home/brghena/toolchains/gcc-arm-none-eabi-4_9-2014q4/bin/../lib/gcc/arm-none-eabi/4.9.3/armv6-m/libgcc.a(_fixunssfsi.o) (__aeabi_fsub)
/home/brghena/toolchains/gcc-arm-none-eabi-4_9-2014q4/bin/../lib/gcc/arm-none-eabi/4.9.3/armv6-m/libgcc.a(fixsfsi.o)
                              _build/main.o (__aeabi_f2iz)
/home/brghena/toolchains/gcc-arm-none-eabi-4_9-2014q4/bin/../lib/gcc/arm-none-eabi/4.9.3/armv6-m/libgcc.a(floatsisf.o)
                              _build/tsl2561.o (__aeabi_i2f)
/home/brghena/toolchains/gcc-arm-none-eabi-4_9-2014q4/bin/../lib/gcc/arm-none-eabi/4.9.3/armv6-m/libgcc.a(floatunsisf.o)
                              _build/tsl2561.o (__aeabi_ui2f)
/home/brghena/toolchains/gcc-arm-none-eabi-4_9-2014q4/bin/../lib/gcc/arm-none-eabi/4.9.3/armv6-m/libgcc.a(adddf3.o)
                              _build/lps331ap.o (__aeabi_dadd)
/home/brghena/toolchains/gcc-arm-none-eabi-4_9-2014q4/bin/../lib/gcc/arm-none-eabi/4.9.3/armv6-m/libgcc.a(divdf3.o)
                              _build/lps331ap.o (__aeabi_ddiv)
/home/brghena/toolchains/gcc-arm-none-eabi-4_9-2014q4/bin/../lib/gcc/arm-none-eabi/4.9.3/armv6-m/libgcc.a(eqdf2.o)
                              /home/brghena/toolchains/gcc-arm-none-eabi-4_9-2014q4/bin/../lib/gcc/arm-none-eabi/4.9.3/armv6-m/libgcc.a(_arm_cmpdf2.o) (__eqdf2)
/home/brghena/toolchains/gcc-arm-none-eabi-4_9-2014q4/bin/../lib/gcc/arm-none-eabi/4.9.3/armv6-m/libgcc.a(gedf2.o)
                              /home/brghena/toolchains/gcc-arm-none-eabi-4_9-2014q4/bin/../lib/gcc/arm-none-eabi/4.9.3/armv6-m/libgcc.a(_arm_cmpdf2.o) (__gedf2)
/home/brghena/toolchains/gcc-arm-none-eabi-4_9-2014q4/bin/../lib/gcc/arm-none-eabi/4.9.3/armv6-m/libgcc.a(ledf2.o)
                              /home/brghena/toolchains/gcc-arm-none-eabi-4_9-2014q4/bin/../lib/gcc/arm-none-eabi/4.9.3/armv6-m/libgcc.a(_arm_cmpdf2.o) (__ledf2)
/home/brghena/toolchains/gcc-arm-none-eabi-4_9-2014q4/bin/../lib/gcc/arm-none-eabi/4.9.3/armv6-m/libgcc.a(muldf3.o)
                              _build/lps331ap.o (__aeabi_dmul)
/home/brghena/toolchains/gcc-arm-none-eabi-4_9-2014q4/bin/../lib/gcc/arm-none-eabi/4.9.3/armv6-m/libgcc.a(subdf3.o)
                              _build/si7021.o (__aeabi_dsub)
/home/brghena/toolchains/gcc-arm-none-eabi-4_9-2014q4/bin/../lib/gcc/arm-none-eabi/4.9.3/armv6-m/libgcc.a(fixdfsi.o)
[...]
Memory Configuration

Name             Origin             Length             Attributes
FLASH            0x00018000         0x00028000         xr
RAM              0x20002000         0x00002000         xrw
*default*        0x00000000         0xffffffff

Linker script and memory map

LOAD /home/brghena/toolchains/gcc-arm-none-eabi-4_9-2014q4/bin/../lib/gcc/arm-none-eabi/4.9.3/armv6-m/crti.o
LOAD /home/brghena/toolchains/gcc-arm-none-eabi-4_9-2014q4/bin/../lib/gcc/arm-none-eabi/4.9.3/armv6-m/crtbegin.o
LOAD /home/brghena/toolchains/gcc-arm-none-eabi-4_9-2014q4/bin/../lib/gcc/arm-none-eabi/4.9.3/../../../../arm-none-eabi/lib/armv6-m/crt0.o
LOAD _build/startup_nrf51.os
LOAD _build/system_nrf51.o
LOAD _build/ble_ess.o
LOAD _build/main.o
LOAD _build/softdevice_handler.o
LOAD _build/ble_advdata.o
LOAD _build/ble_conn_params.o
LOAD _build/ble_debug_assert_handler.o
LOAD _build/ble_srv_common.o
LOAD _build/app_timer.o
LOAD _build/app_util_platform.o
LOAD _build/nrf_delay.o
LOAD _build/nrf_drv_common.o
LOAD _build/nrf_drv_gpiote.o
LOAD _build/nrf_drv_twi.o
LOAD _build/led.o
LOAD _build/app_scheduler.o
LOAD _build/adxl362.o
LOAD _build/lps331ap.o
LOAD _build/si7021.o
LOAD _build/tsl2561.o
LOAD _build/spi_driver.o
LOAD _build/blees.o
START GROUP
LOAD /home/brghena/toolchains/gcc-arm-none-eabi-4_9-2014q4/bin/../lib/gcc/arm-none-eabi/4.9.3/armv6-m/libgcc.a
LOAD /home/brghena/toolchains/gcc-arm-none-eabi-4_9-2014q4/bin/../lib/gcc/arm-none-eabi/4.9.3/../../../../arm-none-eabi/lib/armv6-m/libc.a
END GROUP
LOAD /home/brghena/toolchains/gcc-arm-none-eabi-4_9-2014q4/bin/../lib/gcc/arm-none-eabi/4.9.3/armv6-m/crtend.o
LOAD /home/brghena/toolchains/gcc-arm-none-eabi-4_9-2014q4/bin/../lib/gcc/arm-none-eabi/4.9.3/armv6-m/crtn.o
START GROUP
LOAD /home/brghena/toolchains/gcc-arm-none-eabi-4_9-2014q4/bin/../lib/gcc/arm-none-eabi/4.9.3/armv6-m/libgcc.a
LOAD /home/brghena/toolchains/gcc-arm-none-eabi-4_9-2014q4/bin/../lib/gcc/arm-none-eabi/4.9.3/../../../../arm-none-eabi/lib/armv6-m/libc.a
LOAD /home/brghena/toolchains/gcc-arm-none-eabi-4_9-2014q4/bin/../lib/gcc/arm-none-eabi/4.9.3/../../../../arm-none-eabi/lib/armv6-m/libm.a
LOAD /home/brghena/toolchains/gcc-arm-none-eabi-4_9-2014q4/bin/../lib/gcc/arm-none-eabi/4.9.3/../../../../arm-none-eabi/lib/armv6-m/libnosys.a
END GROUP

.text           0x00018000     0x8314
 *(.isr_vector)
 .isr_vector    0x00018000       0xc0 _build/startup_nrf51.os
                0x00018000                __Vectors
 *(.text*)
 .text          0x000180c0       0x78 /home/brghena/toolchains/gcc-arm-none-eabi-4_9-2014q4/bin/../lib/gcc/arm-none-eabi/4.9.3/../../../../arm-none-eabi/lib/armv6-m/crt0.o
                0x000180c0                _mainCRTStartup
                0x000180c0                _start
 .text          0x00018138       0x7c _build/startup_nrf51.os
                0x00018138                Reset_Handler
                0x00018178                NMI_Handler
                0x0001817a                HardFault_Handler
                0x0001817c                SVC_Handler
                0x0001817e                PendSV_Handler
                0x00018180                SysTick_Handler
                0x00018182                Default_Handler
                0x00018182                DEF_IRQHandler
                0x00018184                POWER_CLOCK_IRQHandler
                0x00018186                RADIO_IRQHandler
                0x00018188                UART0_IRQHandler
                0x0001818a                SPI0_TWI0_IRQHandler
                0x00018190                ADC_IRQHandler
                0x00018192                TIMER0_IRQHandler
                0x00018194                TIMER1_IRQHandler
                0x00018196                TIMER2_IRQHandler
                0x00018198                RTC0_IRQHandler
                0x0001819a                TEMP_IRQHandler
                0x0001819c                RNG_IRQHandler
                0x0001819e                ECB_IRQHandler
                0x000181a0                CCM_AAR_IRQHandler
                0x000181a2                WDT_IRQHandler
                0x000181a6                QDEC_IRQHandler
                0x000181aa                SWI1_IRQHandler
                0x000181ae                SWI3_IRQHandler
                0x000181b0                SWI4_IRQHandler
                0x000181b2                SWI5_IRQHandler
 .text.SystemInit
                0x000181b4       0x8c _build/system_nrf51.o
                0x000181b4                SystemInit
 .text.sd_ble_gatts_service_add
                0x00018240        0x4 _build/ble_ess.o
 .text.sd_ble_gatts_characteristic_add
                0x00018244        0x4 _build/ble_ess.o
 .text.sd_ble_gatts_descriptor_add
                0x00018248        0x4 _build/ble_ess.o
 .text.sd_ble_gatts_value_set
                0x0001824c        0x4 _build/ble_ess.o
 .text.sd_ble_gatts_hvx
                0x00018250        0x4 _build/ble_ess.o
 .text.sd_ble_uuid_vs_add
                0x00018254        0x4 _build/ble_ess.o
 .text.ess_char_add.isra.2.constprop.3
                0x00018258      0x130 _build/ble_ess.o
 .text.ble_ess_on_ble_evt
                0x00018388       0xce _build/ble_ess.o
                0x00018388                ble_ess_on_ble_evt
 *fill*         0x00018456        0x2 
 .text.ble_ess_init
                0x00018458      0x1b4 _build/ble_ess.o
                0x00018458                ble_ess_init
 .text.ble_ess_intcmp
                0x0001860c       0x3e _build/ble_ess.o
                0x0001860c                ble_ess_intcmp
 *fill*         0x0001864a        0x2 
 .text.ble_ess_char_value_update
                0x0001864c       0xec _build/ble_ess.o
                0x0001864c                ble_ess_char_value_update
 .text.sd_ble_gap_address_set
                0x00018738        0x4 _build/main.o
 .text.sd_ble_gap_address_get
                0x0001873c        0x4 _build/main.o
 .text.sd_ble_gap_adv_start
                0x00018740        0x4 _build/main.o
 .text.sd_ble_gap_adv_stop
                0x00018744        0x4 _build/main.o
 .text.sd_ble_gap_disconnect
                0x00018748        0x4 _build/main.o
 .text.sd_ble_gap_tx_power_set
                0x0001874c        0x4 _build/main.o
 .text.sd_ble_gap_appearance_set
                0x00018750        0x4 _build/main.o
 .text.sd_ble_gap_ppcp_set
                0x00018754        0x4 _build/main.o
 .text.sd_ble_gap_device_name_set
                0x00018758        0x4 _build/main.o
 .text.sd_ble_gap_sec_params_reply
                0x0001875c        0x4 _build/main.o
 .text.sd_ble_gap_sec_info_reply
                0x00018760        0x4 _build/main.o
 .text.sd_ble_gatts_sys_attr_set
                0x00018764        0x4 _build/main.o
 .text.sd_ble_enable
                0x00018768        0x4 _build/main.o
 .text.sd_nvic_SetPriority
                0x0001876c        0x4 _build/main.o
 .text.sd_power_system_off
                0x00018770        0x4 _build/main.o
 .text.sd_app_evt_wait
                0x00018774        0x4 _build/main.o
 .text.on_ess_evt
                0x00018778        0x2 _build/main.o
 .text.sys_evt_dispatch
                0x0001877a        0x2 _build/main.o
 .text.conn_params_error_handler
                0x0001877c        0xc _build/main.o
 .text.advertising_start
                0x00018788       0x1c _build/main.o
 .text.lux_take_measurement
                0x000187a4       0x28 _build/main.o
 .text.ble_evt_dispatch
                0x000187cc      0x2f0 _build/main.o
 .text.update_advdata
                0x00018abc       0xb4 _build/main.o
 .text.lux_take_actual_measurement
                0x00018b70       0x94 _build/main.o
 .text.acc_take_measurement
                0x00018c04       0x88 _build/main.o
 .text.temp_take_measurement
                0x00018c8c       0x8c _build/main.o
 .text.hum_take_measurement
                0x00018d18       0x8c _build/main.o
 .text.pres_take_measurement
                0x00018da4       0x8c _build/main.o
 .text.timer_handler
                0x00018e30       0xa0 _build/main.o
 .text.in_pin_handler
                0x00018ed0       0x64 _build/main.o
                0x00018ed0                in_pin_handler
 .text.on_conn_params_evt
                0x00018f34       0x24 _build/main.o
 .text.app_error_handler
                0x00018f58        0x8 _build/main.o
                0x00018f58                app_error_handler
 .text.assert_nrf_callback
                0x00018f60       0x14 _build/main.o
                0x00018f60                assert_nrf_callback
 .text.startup.main
                0x00018f74      0x55c _build/main.o
                0x00018f74                main
 .text.sd_nvic_EnableIRQ
                0x000194d0        0x4 _build/softdevice_handler.o
 .text.sd_evt_get
                0x000194d4        0x4 _build/softdevice_handler.o
 .text.sd_softdevice_enable
                0x000194d8        0x4 _build/softdevice_handler.o
 .text.sd_ble_evt_get
                0x000194dc        0x4 _build/softdevice_handler.o
 .text.softdevice_assertion_handler
                0x000194e0        0xc _build/softdevice_handler.o
                0x000194e0                softdevice_assertion_handler
 .text.intern_softdevice_events_execute
                0x000194ec       0xb0 _build/softdevice_handler.o
                0x000194ec                intern_softdevice_events_execute
 .text.softdevice_handler_init
                0x0001959c       0x48 _build/softdevice_handler.o
                0x0001959c                softdevice_handler_init
 .text.softdevice_ble_evt_handler_set
                0x000195e4       0x14 _build/softdevice_handler.o
                0x000195e4                softdevice_ble_evt_handler_set
 .text.softdevice_sys_evt_handler_set
                0x000195f8       0x14 _build/softdevice_handler.o
                0x000195f8                softdevice_sys_evt_handler_set
 .text.SWI2_IRQHandler
                0x0001960c       0x24 _build/softdevice_handler.o
                0x0001960c                SWI2_IRQHandler
 .text.sd_ble_gap_adv_data_set
                0x00019630        0x4 _build/ble_advdata.o
 .text.sd_ble_gap_appearance_get
                0x00019634        0x4 _build/ble_advdata.o
 .text.sd_ble_gap_device_name_get
                0x00019638        0x4 _build/ble_advdata.o
 .text.sd_ble_uuid_encode
                0x0001963c        0x4 _build/ble_advdata.o
 .text.uuid_list_sized_encode
                0x00019640       0xaa _build/ble_advdata.o
 .text.uuid_list_encode
                0x000196ea       0x26 _build/ble_advdata.o
 .text.adv_data_encode
                0x00019710      0x2d8 _build/ble_advdata.o
 .text.ble_advdata_set
                0x000199e8       0x62 _build/ble_advdata.o
                0x000199e8                ble_advdata_set
 .text.sd_ble_gap_conn_param_update
                0x00019a4a        0x4 _build/ble_conn_params.o
 .text.sd_ble_gap_disconnect
                0x00019a4e        0x4 _build/ble_conn_params.o
 .text.sd_ble_gap_ppcp_set
                0x00019a52        0x4 _build/ble_conn_params.o
 .text.sd_ble_gap_ppcp_get
                0x00019a56        0x4 _build/ble_conn_params.o
 *fill*         0x00019a5a        0x2 
 .text.update_timeout_handler
                0x00019a5c       0x74 _build/ble_conn_params.o
 .text.conn_params_negotiation
                0x00019ad0       0x7c _build/ble_conn_params.o
 .text.ble_conn_params_init
                0x00019b4c       0x70 _build/ble_conn_params.o
                0x00019b4c                ble_conn_params_init
 .text.ble_conn_params_on_ble_evt
                0x00019bbc       0xb0 _build/ble_conn_params.o
                0x00019bbc                ble_conn_params_on_ble_evt
 .text.ble_debug_assert_handler
                0x00019c6c       0x38 _build/ble_debug_assert_handler.o
                0x00019c6c                ble_debug_assert_handler
 .text.user_op_alloc
                0x00019ca4       0x2a _build/app_timer.o
 *fill*         0x00019cce        0x2 
 .text.user_id_get
                0x00019cd0       0x64 _build/app_timer.o
 .text.rtc1_stop
                0x00019d34       0x78 _build/app_timer.o
 .text.RTC1_IRQHandler
                0x00019dac       0xbc _build/app_timer.o
                0x00019dac                RTC1_IRQHandler
 .text.SWI0_IRQHandler
                0x00019e68      0x41c _build/app_timer.o
                0x00019e68                SWI0_IRQHandler
 .text.app_timer_init
                0x0001a284       0xe8 _build/app_timer.o
                0x0001a284                app_timer_init
 .text.app_timer_create
                0x0001a36c       0x50 _build/app_timer.o
                0x0001a36c                app_timer_create
 .text.app_timer_start
                0x0001a3bc       0x98 _build/app_timer.o
                0x0001a3bc                app_timer_start
 .text.app_timer_stop
                0x0001a454       0x68 _build/app_timer.o
                0x0001a454                app_timer_stop
 .text.critical_region_enter
                0x0001a4bc       0x10 _build/app_util_platform.o
                0x0001a4bc                critical_region_enter
 .text.critical_region_exit
                0x0001a4cc       0x14 _build/app_util_platform.o
                0x0001a4cc                critical_region_exit
 .text.nrf_drv_common_irq_enable
                0x0001a4e0       0x78 _build/nrf_drv_common.o
                0x0001a4e0                nrf_drv_common_irq_enable
 .text.channel_free
                0x0001a558       0x1c _build/nrf_drv_gpiote.o
 .text.nrf_drv_gpiote_init
                0x0001a574       0x54 _build/nrf_drv_gpiote.o
                0x0001a574                nrf_drv_gpiote_init
 .text.nrf_drv_gpiote_in_init
                0x0001a5c8       0xd0 _build/nrf_drv_gpiote.o
                0x0001a5c8                nrf_drv_gpiote_in_init
 .text.nrf_drv_gpiote_in_event_enable
                0x0001a698       0xa8 _build/nrf_drv_gpiote.o
                0x0001a698                nrf_drv_gpiote_in_event_enable
 .text.GPIOTE_IRQHandler
                0x0001a740      0x104 _build/nrf_drv_gpiote.o
                0x0001a740                GPIOTE_IRQHandler
 .text.state_machine
                0x0001a844       0x58 _build/nrf_drv_twi.o
 .text.txrx_shorts_set_task_start
                0x0001a89c       0xa0 _build/nrf_drv_twi.o
 .text.rx_address_req
                0x0001a93c       0x64 _build/nrf_drv_twi.o
 .text.rx_prepare
                0x0001a9a0        0x8 _build/nrf_drv_twi.o
 .text.rx_done  0x0001a9a8       0x38 _build/nrf_drv_twi.o
 .text.tx_prepare
                0x0001a9e0       0x28 _build/nrf_drv_twi.o
 .text.address_req
                0x0001aa08       0x68 _build/nrf_drv_twi.o
 .text.tx_done  0x0001aa70       0x28 _build/nrf_drv_twi.o
 .text.on_error
                0x0001aa98       0x58 _build/nrf_drv_twi.o
 .text.ack_error
                0x0001aaf0       0x14 _build/nrf_drv_twi.o
 .text.twi_transfer
                0x0001ab04      0x120 _build/nrf_drv_twi.o
 .text.nrf_drv_twi_init
                0x0001ac24      0x1b8 _build/nrf_drv_twi.o
                0x0001ac24                nrf_drv_twi_init
 .text.nrf_drv_twi_enable
                0x0001addc       0x4c _build/nrf_drv_twi.o
                0x0001addc                nrf_drv_twi_enable
 .text.nrf_drv_twi_disable
                0x0001ae28       0x28 _build/nrf_drv_twi.o
                0x0001ae28                nrf_drv_twi_disable
 .text.nrf_drv_twi_tx
                0x0001ae50       0x12 _build/nrf_drv_twi.o
                0x0001ae50                nrf_drv_twi_tx
 .text.nrf_drv_twi_rx
                0x0001ae62       0x12 _build/nrf_drv_twi.o
                0x0001ae62                nrf_drv_twi_rx
 .text.SPI1_TWI1_IRQHandler
                0x0001ae74       0xa8 _build/nrf_drv_twi.o
                0x0001ae74                SPI1_TWI1_IRQHandler
 .text.led_init
                0x0001af1c       0x1e _build/led.o
                0x0001af1c                led_init
 *fill*         0x0001af3a        0x2 
 .text.led_on   0x0001af3c       0x14 _build/led.o
                0x0001af3c                led_on
 .text.led_off  0x0001af50       0x12 _build/led.o
                0x0001af50                led_off
 *fill*         0x0001af62        0x2 
 .text.app_sched_init
                0x0001af64       0x48 _build/app_scheduler.o
                0x0001af64                app_sched_init
 .text.app_sched_execute
                0x0001afac       0x5c _build/app_scheduler.o
                0x0001afac                app_sched_execute
 .text.adxl362_config_interrupt_mode
                0x0001b008       0x3c _build/adxl362.o
                0x0001b008                adxl362_config_interrupt_mode
 .text.adxl362_config_INTMAP
                0x0001b044       0x88 _build/adxl362.o
                0x0001b044                adxl362_config_INTMAP
 .text.adxl362_set_activity_threshold
                0x0001b0cc       0x36 _build/adxl362.o
                0x0001b0cc                adxl362_set_activity_threshold
 .text.adxl362_set_inactivity_threshold
                0x0001b102       0x24 _build/adxl362.o
                0x0001b102                adxl362_set_inactivity_threshold
 .text.adxl362_set_inactivity_time
                0x0001b126       0x20 _build/adxl362.o
                0x0001b126                adxl362_set_inactivity_time
 .text.adxl362_set_activity_time
                0x0001b146       0x10 _build/adxl362.o
                0x0001b146                adxl362_set_activity_time
 .text.adxl362_activity_inactivity_interrupt_enable
                0x0001b156       0x30 _build/adxl362.o
                0x0001b156                adxl362_activity_inactivity_interrupt_enable
 .text.adxl362_read_status_reg
                0x0001b186       0x16 _build/adxl362.o
                0x0001b186                adxl362_read_status_reg
 .text.adxl362_accelerometer_init
                0x0001b19c       0x58 _build/adxl362.o
                0x0001b19c                adxl362_accelerometer_init
 .text.lps331ap_amp_control
                0x0001b1f4       0x2c _build/lps331ap.o
                0x0001b1f4                lps331ap_amp_control
 .text.lps331ap_readPressure
                0x0001b220       0x5c _build/lps331ap.o
                0x0001b220                lps331ap_readPressure
 .text.lps331ap_power_off
                0x0001b27c       0x24 _build/lps331ap.o
                0x0001b27c                lps331ap_power_off
 .text.lps331ap_sw_reset
                0x0001b2a0       0x2c _build/lps331ap.o
                0x0001b2a0                lps331ap_sw_reset
 .text.lps331ap_sw_reset_disable
                0x0001b2cc       0x24 _build/lps331ap.o
                0x0001b2cc                lps331ap_sw_reset_disable
 .text.lps331ap_config_data_rate
                0x0001b2f0       0x24 _build/lps331ap.o
                0x0001b2f0                lps331ap_config_data_rate
 .text.lps331ap_init
                0x0001b314        0xc _build/lps331ap.o
                0x0001b314                lps331ap_init
 .text.lps331ap_config_res
                0x0001b320       0x28 _build/lps331ap.o
                0x0001b320                lps331ap_config_res
 .text.lps331ap_config
                0x0001b348       0x14 _build/lps331ap.o
                0x0001b348                lps331ap_config
 .text.lps331ap_power_on
                0x0001b35c       0x54 _build/lps331ap.o
                0x0001b35c                lps331ap_power_on
 .text.lps331ap_one_shot_config
                0x0001b3b0       0x2c _build/lps331ap.o
                0x0001b3b0                lps331ap_one_shot_config
 .text.lps331ap_one_shot_enable
                0x0001b3dc       0x2c _build/lps331ap.o
                0x0001b3dc                lps331ap_one_shot_enable
 .text.si7021_reset
                0x0001b408       0x20 _build/si7021.o
                0x0001b408                si7021_reset
 .text.si7021_init
                0x0001b428        0xc _build/si7021.o
                0x0001b428                si7021_init
 .text.si7021_read_temp
                0x0001b434       0x80 _build/si7021.o
                0x0001b434                si7021_read_temp
 .text.si7021_read_RH
                0x0001b4b4       0x6c _build/si7021.o
                0x0001b4b4                si7021_read_RH
 .text.si7021_read_user_reg
                0x0001b520       0x34 _build/si7021.o
                0x0001b520                si7021_read_user_reg
 .text.si7021_heater_off
                0x0001b554       0x34 _build/si7021.o
                0x0001b554                si7021_heater_off
 .text.tsl2561_readADC
                0x0001b588       0xc0 _build/tsl2561.o
                0x0001b588                tsl2561_readADC
 .text.tsl2561_readLux
                0x0001b648      0x1ec _build/tsl2561.o
                0x0001b648                tsl2561_readLux
 .text.tsl2561_on
                0x0001b834       0x3c _build/tsl2561.o
                0x0001b834                tsl2561_on
 .text.tsl2561_off
                0x0001b870       0x24 _build/tsl2561.o
                0x0001b870                tsl2561_off
 .text.tsl2561_init
                0x0001b894        0xc _build/tsl2561.o
                0x0001b894                tsl2561_init
 .text.spi_init
                0x0001b8a0       0x50 _build/spi_driver.o
                0x0001b8a0                spi_init
 .text.spi_write
                0x0001b8f0       0x30 _build/spi_driver.o
                0x0001b8f0                spi_write
 .text.spi_read
                0x0001b920       0x34 _build/spi_driver.o
                0x0001b920                spi_read
 .text.spi_write_reg
                0x0001b954       0x3c _build/spi_driver.o
                0x0001b954                spi_write_reg
 .text.spi_read_reg
                0x0001b990       0x3c _build/spi_driver.o
                0x0001b990                spi_read_reg
 .text.spi_disable
                0x0001b9cc       0x10 _build/spi_driver.o
                0x0001b9cc                spi_disable
 .text.spi_enable
                0x0001b9dc       0x10 _build/spi_driver.o
                0x0001b9dc                spi_enable
 .text          0x0001b9ec       0x7c /home/brghena/toolchains/gcc-arm-none-eabi-4_9-2014q4/bin/../lib/gcc/arm-none-eabi/4.9.3/armv6-m/libgcc.a(_arm_cmpdf2.o)
                0x0001b9ec                __aeabi_cdrcmple
                0x0001b9fc                __aeabi_cdcmple
                0x0001b9fc                __aeabi_cdcmpeq
                0x0001ba0c                __aeabi_dcmpeq
                0x0001ba18                __aeabi_dcmplt
                0x0001ba2c                __aeabi_dcmple
                0x0001ba40                __aeabi_dcmpgt
                0x0001ba54                __aeabi_dcmpge
 .text          0x0001ba68       0x74 /home/brghena/toolchains/gcc-arm-none-eabi-4_9-2014q4/bin/../lib/gcc/arm-none-eabi/4.9.3/armv6-m/libgcc.a(_arm_cmpsf2.o)
                0x0001ba68                __aeabi_cfrcmple
                0x0001ba70                __aeabi_cfcmple
                0x0001ba70                __aeabi_cfcmpeq
                0x0001ba80                __aeabi_fcmpeq
                0x0001ba8c                __aeabi_fcmplt
                0x0001baa0                __aeabi_fcmple
                0x0001bab4                __aeabi_fcmpgt
                0x0001bac8                __aeabi_fcmpge
 .text          0x0001badc       0x40 /home/brghena/toolchains/gcc-arm-none-eabi-4_9-2014q4/bin/../lib/gcc/arm-none-eabi/4.9.3/armv6-m/libgcc.a(_aeabi_uldivmod.o)
                0x0001badc                __aeabi_uldivmod
 .text          0x0001bb1c       0x30 /home/brghena/toolchains/gcc-arm-none-eabi-4_9-2014q4/bin/../lib/gcc/arm-none-eabi/4.9.3/armv6-m/libgcc.a(_fixunssfsi.o)
                0x0001bb1c                __aeabi_f2uiz
                0x0001bb1c                __fixunssfsi
 .text          0x0001bb4c       0x3c /home/brghena/toolchains/gcc-arm-none-eabi-4_9-2014q4/bin/../lib/gcc/arm-none-eabi/4.9.3/armv6-m/libgcc.a(_fixunsdfsi.o)
                0x0001bb4c                __fixunsdfsi
                0x0001bb4c                __aeabi_d2uiz
 .text          0x0001bb88       0x6c /home/brghena/toolchains/gcc-arm-none-eabi-4_9-2014q4/bin/../lib/gcc/arm-none-eabi/4.9.3/armv6-m/libgcc.a(bpabi.o)
                0x0001bb88                __gnu_ldivmod_helper
                0x0001bbc0                __gnu_uldivmod_helper
 .text          0x0001bbf4      0x270 /home/brghena/toolchains/gcc-arm-none-eabi-4_9-2014q4/bin/../lib/gcc/arm-none-eabi/4.9.3/armv6-m/libgcc.a(divsf3.o)
                0x0001bbf4                __aeabi_fdiv
 .text          0x0001be64       0x54 /home/brghena/toolchains/gcc-arm-none-eabi-4_9-2014q4/bin/../lib/gcc/arm-none-eabi/4.9.3/armv6-m/libgcc.a(eqsf2.o)
                0x0001be64                __nesf2
                0x0001be64                __eqsf2
 .text          0x0001beb8       0x94 /home/brghena/toolchains/gcc-arm-none-eabi-4_9-2014q4/bin/../lib/gcc/arm-none-eabi/4.9.3/armv6-m/libgcc.a(gesf2.o)
                0x0001beb8                __gtsf2
                0x0001beb8                __gesf2
 .text          0x0001bf4c       0x8c /home/brghena/toolchains/gcc-arm-none-eabi-4_9-2014q4/bin/../lib/gcc/arm-none-eabi/4.9.3/armv6-m/libgcc.a(lesf2.o)
                0x0001bf4c                __lesf2
                0x0001bf4c                __ltsf2
 .text          0x0001bfd8      0x264 /home/brghena/toolchains/gcc-arm-none-eabi-4_9-2014q4/bin/../lib/gcc/arm-none-eabi/4.9.3/armv6-m/libgcc.a(mulsf3.o)
                0x0001bfd8                __aeabi_fmul
 .text          0x0001c23c      0x2fc /home/brghena/toolchains/gcc-arm-none-eabi-4_9-2014q4/bin/../lib/gcc/arm-none-eabi/4.9.3/armv6-m/libgcc.a(subsf3.o)
                0x0001c23c                __aeabi_fsub
 .text          0x0001c538       0x40 /home/brghena/toolchains/gcc-arm-none-eabi-4_9-2014q4/bin/../lib/gcc/arm-none-eabi/4.9.3/armv6-m/libgcc.a(fixsfsi.o)
                0x0001c538                __aeabi_f2iz
 .text          0x0001c578       0x90 /home/brghena/toolchains/gcc-arm-none-eabi-4_9-2014q4/bin/../lib/gcc/arm-none-eabi/4.9.3/armv6-m/libgcc.a(floatsisf.o)
                0x0001c578                __aeabi_i2f
 .text          0x0001c608       0x90 /home/brghena/toolchains/gcc-arm-none-eabi-4_9-2014q4/bin/../lib/gcc/arm-none-eabi/4.9.3/armv6-m/libgcc.a(floatunsisf.o)
                0x0001c608                __aeabi_ui2f
 .text          0x0001c698      0x650 /home/brghena/toolchains/gcc-arm-none-eabi-4_9-2014q4/bin/../lib/gcc/arm-none-eabi/4.9.3/armv6-m/libgcc.a(adddf3.o)
                0x0001c698                __aeabi_dadd
 .text          0x0001cce8      0x648 /home/brghena/toolchains/gcc-arm-none-eabi-4_9-2014q4/bin/../lib/gcc/arm-none-eabi/4.9.3/armv6-m/libgcc.a(divdf3.o)
                0x0001cce8                __aeabi_ddiv
 .text          0x0001d330       0x88 /home/brghena/toolchains/gcc-arm-none-eabi-4_9-2014q4/bin/../lib/gcc/arm-none-eabi/4.9.3/armv6-m/libgcc.a(eqdf2.o)
                0x0001d330                __eqdf2
                0x0001d330                __nedf2
 .text          0x0001d3b8       0xe0 /home/brghena/toolchains/gcc-arm-none-eabi-4_9-2014q4/bin/../lib/gcc/arm-none-eabi/4.9.3/armv6-m/libgcc.a(gedf2.o)
                0x0001d3b8                __gtdf2
                0x0001d3b8                __gedf2
 .text          0x0001d498       0xcc /home/brghena/toolchains/gcc-arm-none-eabi-4_9-2014q4/bin/../lib/gcc/arm-none-eabi/4.9.3/armv6-m/libgcc.a(ledf2.o)
                0x0001d498                __ltdf2
                0x0001d498                __ledf2
 .text          0x0001d564      0x534 /home/brghena/toolchains/gcc-arm-none-eabi-4_9-2014q4/bin/../lib/gcc/arm-none-eabi/4.9.3/armv6-m/libgcc.a(muldf3.o)
                0x0001d564                __aeabi_dmul
 .text          0x0001da98      0x6f4 /home/brghena/toolchains/gcc-arm-none-eabi-4_9-2014q4/bin/../lib/gcc/arm-none-eabi/4.9.3/armv6-m/libgcc.a(subdf3.o)
                0x0001da98                __aeabi_dsub
 .text          0x0001e18c       0x6c /home/brghena/toolchains/gcc-arm-none-eabi-4_9-2014q4/bin/../lib/gcc/arm-none-eabi/4.9.3/armv6-m/libgcc.a(fixdfsi.o)
                0x0001e18c                __aeabi_d2iz
 .text          0x0001e1f8       0x78 /home/brghena/toolchains/gcc-arm-none-eabi-4_9-2014q4/bin/../lib/gcc/arm-none-eabi/4.9.3/armv6-m/libgcc.a(floatsidf.o)
                0x0001e1f8                __aeabi_i2d
 .text          0x0001e270       0x64 /home/brghena/toolchains/gcc-arm-none-eabi-4_9-2014q4/bin/../lib/gcc/arm-none-eabi/4.9.3/armv6-m/libgcc.a(floatunsidf.o)
                0x0001e270                __aeabi_ui2d
 .text          0x0001e2d4       0xa8 /home/brghena/toolchains/gcc-arm-none-eabi-4_9-2014q4/bin/../lib/gcc/arm-none-eabi/4.9.3/armv6-m/libgcc.a(extendsfdf2.o)
                0x0001e2d4                __aeabi_f2d
 .text          0x0001e37c      0x120 /home/brghena/toolchains/gcc-arm-none-eabi-4_9-2014q4/bin/../lib/gcc/arm-none-eabi/4.9.3/armv6-m/libgcc.a(truncdfsf2.o)
                0x0001e37c                __aeabi_d2f
 .text          0x0001e49c      0x120 /home/brghena/toolchains/gcc-arm-none-eabi-4_9-2014q4/bin/../lib/gcc/arm-none-eabi/4.9.3/armv6-m/libgcc.a(_udivsi3.o)
                0x0001e49c                __udivsi3
                0x0001e49c                __aeabi_uidiv
                0x0001e5a8                __aeabi_uidivmod
 .text          0x0001e5bc        0x4 /home/brghena/toolchains/gcc-arm-none-eabi-4_9-2014q4/bin/../lib/gcc/arm-none-eabi/4.9.3/armv6-m/libgcc.a(_dvmd_tls.o)
                0x0001e5bc                __aeabi_ldiv0
                0x0001e5bc                __aeabi_idiv0
 .text          0x0001e5c0       0x3c /home/brghena/toolchains/gcc-arm-none-eabi-4_9-2014q4/bin/../lib/gcc/arm-none-eabi/4.9.3/armv6-m/libgcc.a(_clzsi2.o)
                0x0001e5c0                __clzsi2
 .text          0x0001e5fc       0x54 /home/brghena/toolchains/gcc-arm-none-eabi-4_9-2014q4/bin/../lib/gcc/arm-none-eabi/4.9.3/armv6-m/libgcc.a(_muldi3.o)
                0x0001e5fc                __aeabi_lmul
                0x0001e5fc                __muldi3
 .text          0x0001e650      0x1f0 /home/brghena/toolchains/gcc-arm-none-eabi-4_9-2014q4/bin/../lib/gcc/arm-none-eabi/4.9.3/armv6-m/libgcc.a(_divdi3.o)
                0x0001e650                __divdi3
 .text          0x0001e840      0x158 /home/brghena/toolchains/gcc-arm-none-eabi-4_9-2014q4/bin/../lib/gcc/arm-none-eabi/4.9.3/armv6-m/libgcc.a(_udivdi3.o)
                0x0001e840                __udivdi3
 .text          0x0001e998       0x18 /home/brghena/toolchains/gcc-arm-none-eabi-4_9-2014q4/bin/../lib/gcc/arm-none-eabi/4.9.3/armv6-m/libgcc.a(_clzdi2.o)
                0x0001e998                __clzdi2
 .text.exit     0x0001e9b0       0x20 /home/brghena/toolchains/gcc-arm-none-eabi-4_9-2014q4/bin/../lib/gcc/arm-none-eabi/4.9.3/../../../../arm-none-eabi/lib/armv6-m/libc.a(lib_a-exit.o)
                0x0001e9b0                exit
 .text.__libc_init_array
                0x0001e9d0       0x48 /home/brghena/toolchains/gcc-arm-none-eabi-4_9-2014q4/bin/../lib/gcc/arm-none-eabi/4.9.3/../../../../arm-none-eabi/lib/armv6-m/libc.a(lib_a-init.o)
                0x0001e9d0                __libc_init_array
 .text.memcpy   0x0001ea18       0x7c /home/brghena/toolchains/gcc-arm-none-eabi-4_9-2014q4/bin/../lib/gcc/arm-none-eabi/4.9.3/../../../../arm-none-eabi/lib/armv6-m/libc.a(lib_a-memcpy.o)
                0x0001ea18                memcpy
 .text.memset   0x0001ea94       0x8c /home/brghena/toolchains/gcc-arm-none-eabi-4_9-2014q4/bin/../lib/gcc/arm-none-eabi/4.9.3/../../../../arm-none-eabi/lib/armv6-m/libc.a(lib_a-memset.o)
                0x0001ea94                memset
 .text.strncpy  0x0001eb20       0x78 /home/brghena/toolchains/gcc-arm-none-eabi-4_9-2014q4/bin/../lib/gcc/arm-none-eabi/4.9.3/../../../../arm-none-eabi/lib/armv6-m/libc.a(lib_a-strncpy.o)
                0x0001eb20                strncpy
 .text.__call_exitprocs
                0x0001eb98      0x108 /home/brghena/toolchains/gcc-arm-none-eabi-4_9-2014q4/bin/../lib/gcc/arm-none-eabi/4.9.3/../../../../arm-none-eabi/lib/armv6-m/libc.a(lib_a-__call_atexit.o)
                0x0001eb98                __call_exitprocs
 .text.atexit   0x0001eca0       0x10 /home/brghena/toolchains/gcc-arm-none-eabi-4_9-2014q4/bin/../lib/gcc/arm-none-eabi/4.9.3/../../../../arm-none-eabi/lib/armv6-m/libc.a(lib_a-atexit.o)
                0x0001eca0                atexit
 .text.__libc_fini_array
                0x0001ecb0       0x34 /home/brghena/toolchains/gcc-arm-none-eabi-4_9-2014q4/bin/../lib/gcc/arm-none-eabi/4.9.3/../../../../arm-none-eabi/lib/armv6-m/libc.a(lib_a-fini.o)
                0x0001ecb0                __libc_fini_array
 .text.__register_exitproc
                0x0001ece4       0xd4 /home/brghena/toolchains/gcc-arm-none-eabi-4_9-2014q4/bin/../lib/gcc/arm-none-eabi/4.9.3/../../../../arm-none-eabi/lib/armv6-m/libc.a(lib_a-__atexit.o)
                0x0001ece4                __register_exitproc
 .text.pow      0x0001edb8      0x35c /home/brghena/toolchains/gcc-arm-none-eabi-4_9-2014q4/bin/../lib/gcc/arm-none-eabi/4.9.3/../../../../arm-none-eabi/lib/armv6-m/libm.a(lib_a-w_pow.o)
                0x0001edb8                pow
 .text.__ieee754_pow
                0x0001f114      0xa8c /home/brghena/toolchains/gcc-arm-none-eabi-4_9-2014q4/bin/../lib/gcc/arm-none-eabi/4.9.3/../../../../arm-none-eabi/lib/armv6-m/libm.a(lib_a-e_pow.o)
                0x0001f114                __ieee754_pow
 .text.__ieee754_sqrt
                0x0001fba0      0x1ec /home/brghena/toolchains/gcc-arm-none-eabi-4_9-2014q4/bin/../lib/gcc/arm-none-eabi/4.9.3/../../../../arm-none-eabi/lib/armv6-m/libm.a(lib_a-e_sqrt.o)
                0x0001fba0                __ieee754_sqrt
 .text.fabs     0x0001fd8c        0x8 /home/brghena/toolchains/gcc-arm-none-eabi-4_9-2014q4/bin/../lib/gcc/arm-none-eabi/4.9.3/../../../../arm-none-eabi/lib/armv6-m/libm.a(lib_a-s_fabs.o)
                0x0001fd8c                fabs
 .text.finite   0x0001fd94       0x14 /home/brghena/toolchains/gcc-arm-none-eabi-4_9-2014q4/bin/../lib/gcc/arm-none-eabi/4.9.3/../../../../arm-none-eabi/lib/armv6-m/libm.a(lib_a-s_finite.o)
                0x0001fd94                finite
 .text.__fpclassifyd
                0x0001fda8       0x5c /home/brghena/toolchains/gcc-arm-none-eabi-4_9-2014q4/bin/../lib/gcc/arm-none-eabi/4.9.3/../../../../arm-none-eabi/lib/armv6-m/libm.a(lib_a-s_fpclassify.o)
                0x0001fda8                __fpclassifyd
 .text.matherr  0x0001fe04        0x4 /home/brghena/toolchains/gcc-arm-none-eabi-4_9-2014q4/bin/../lib/gcc/arm-none-eabi/4.9.3/../../../../arm-none-eabi/lib/armv6-m/libm.a(lib_a-s_matherr.o)
                0x0001fe04                matherr
 .text.nan      0x0001fe08        0xc /home/brghena/toolchains/gcc-arm-none-eabi-4_9-2014q4/bin/../lib/gcc/arm-none-eabi/4.9.3/../../../../arm-none-eabi/lib/armv6-m/libm.a(lib_a-s_nan.o)
                0x0001fe08                nan
 .text.rint     0x0001fe14      0x144 /home/brghena/toolchains/gcc-arm-none-eabi-4_9-2014q4/bin/../lib/gcc/arm-none-eabi/4.9.3/../../../../arm-none-eabi/lib/armv6-m/libm.a(lib_a-s_rint.o)
                0x0001fe14                rint
 .text.scalbn   0x0001ff58       0xf8 /home/brghena/toolchains/gcc-arm-none-eabi-4_9-2014q4/bin/../lib/gcc/arm-none-eabi/4.9.3/../../../../arm-none-eabi/lib/armv6-m/libm.a(lib_a-s_scalbn.o)
                0x0001ff58                scalbn
 .text.copysign
                0x00020050       0x10 /home/brghena/toolchains/gcc-arm-none-eabi-4_9-2014q4/bin/../lib/gcc/arm-none-eabi/4.9.3/../../../../arm-none-eabi/lib/armv6-m/libm.a(lib_a-s_copysign.o)
                0x00020050                copysign
 .text._exit    0x00020060        0x4 /home/brghena/toolchains/gcc-arm-none-eabi-4_9-2014q4/bin/../lib/gcc/arm-none-eabi/4.9.3/../../../../arm-none-eabi/lib/armv6-m/libnosys.a(_exit.o)
                0x00020060                _exit
 .text.__errno  0x00020064        0xc /home/brghena/toolchains/gcc-arm-none-eabi-4_9-2014q4/bin/../lib/gcc/arm-none-eabi/4.9.3/../../../../arm-none-eabi/lib/armv6-m/libc.a(lib_a-errno.o)
                0x00020064                __errno
 *(.init)
 .init          0x00020070        0x4 /home/brghena/toolchains/gcc-arm-none-eabi-4_9-2014q4/bin/../lib/gcc/arm-none-eabi/4.9.3/armv6-m/crti.o
                0x00020070                _init
 .init          0x00020074        0x8 /home/brghena/toolchains/gcc-arm-none-eabi-4_9-2014q4/bin/../lib/gcc/arm-none-eabi/4.9.3/armv6-m/crtn.o
 *(.fini)
 .fini          0x0002007c        0x4 /home/brghena/toolchains/gcc-arm-none-eabi-4_9-2014q4/bin/../lib/gcc/arm-none-eabi/4.9.3/armv6-m/crti.o
                0x0002007c                _fini
 .fini          0x00020080        0x8 /home/brghena/toolchains/gcc-arm-none-eabi-4_9-2014q4/bin/../lib/gcc/arm-none-eabi/4.9.3/armv6-m/crtn.o
 *crtbegin.o(.ctors)
 *crtbegin?.o(.ctors)
 *(EXCLUDE_FILE(*crtend.o *crtend?.o) .ctors)
 *(SORT(.ctors.*))
 *(.ctors)
 *crtbegin.o(.dtors)
 *crtbegin?.o(.dtors)
 *(EXCLUDE_FILE(*crtend.o *crtend?.o) .dtors)
 *(SORT(.dtors.*))
 *(.dtors)
 *(.rodata*)
 .rodata        0x00020088       0x10 _build/ble_ess.o
 .rodata        0x00020098        0x4 _build/main.o
 .rodata.str1.1
                0x0002009c       0x14 _build/main.o
 .rodata.m_states_len
                0x000200b0       0x14 _build/nrf_drv_twi.o
 .rodata.m_stopped
                0x000200c4       0x18 _build/nrf_drv_twi.o
 .rodata.m_rx_suspended
                0x000200dc       0x20 _build/nrf_drv_twi.o
 .rodata.m_default_config
                0x000200fc       0x10 _build/nrf_drv_twi.o
 .rodata.m_idle
                0x0002010c       0x10 _build/nrf_drv_twi.o
 .rodata.m_tx_suspended
                0x0002011c       0x28 _build/nrf_drv_twi.o
 .rodata.m_error
                0x00020144       0x18 _build/nrf_drv_twi.o
 .rodata.mp_states
                0x0002015c       0x14 _build/nrf_drv_twi.o
 .rodata        0x00020170        0x6 _build/lps331ap.o
 .rodata        0x00020176        0x2 _build/tsl2561.o
 .rodata        0x00020178       0x80 /home/brghena/toolchains/gcc-arm-none-eabi-4_9-2014q4/bin/../lib/gcc/arm-none-eabi/4.9.3/armv6-m/libgcc.a(divsf3.o)
 .rodata        0x000201f8       0x40 /home/brghena/toolchains/gcc-arm-none-eabi-4_9-2014q4/bin/../lib/gcc/arm-none-eabi/4.9.3/armv6-m/libgcc.a(mulsf3.o)
 .rodata        0x00020238       0x40 /home/brghena/toolchains/gcc-arm-none-eabi-4_9-2014q4/bin/../lib/gcc/arm-none-eabi/4.9.3/armv6-m/libgcc.a(divdf3.o)
 .rodata        0x00020278       0x40 /home/brghena/toolchains/gcc-arm-none-eabi-4_9-2014q4/bin/../lib/gcc/arm-none-eabi/4.9.3/armv6-m/libgcc.a(muldf3.o)
 .rodata.str1.4
                0x000202b8        0x2 /home/brghena/toolchains/gcc-arm-none-eabi-4_9-2014q4/bin/../lib/gcc/arm-none-eabi/4.9.3/../../../../arm-none-eabi/lib/armv6-m/libc.a(lib_a-impure.o)
                                  0x4 (size before relaxing)
 *fill*         0x000202ba        0x2 
 .rodata._global_impure_ptr
                0x000202bc        0x4 /home/brghena/toolchains/gcc-arm-none-eabi-4_9-2014q4/bin/../lib/gcc/arm-none-eabi/4.9.3/../../../../arm-none-eabi/lib/armv6-m/libc.a(lib_a-impure.o)
                0x000202bc                _global_impure_ptr
 .rodata.str1.4
                0x000202c0        0x4 /home/brghena/toolchains/gcc-arm-none-eabi-4_9-2014q4/bin/../lib/gcc/arm-none-eabi/4.9.3/../../../../arm-none-eabi/lib/armv6-m/libm.a(lib_a-w_pow.o)
 *fill*         0x000202c4        0x4 
 .rodata.dp_h   0x000202c8       0x10 /home/brghena/toolchains/gcc-arm-none-eabi-4_9-2014q4/bin/../lib/gcc/arm-none-eabi/4.9.3/../../../../arm-none-eabi/lib/armv6-m/libm.a(lib_a-e_pow.o)
 .rodata.dp_l   0x000202d8       0x10 /home/brghena/toolchains/gcc-arm-none-eabi-4_9-2014q4/bin/../lib/gcc/arm-none-eabi/4.9.3/../../../../arm-none-eabi/lib/armv6-m/libm.a(lib_a-e_pow.o)
 .rodata.bp     0x000202e8       0x10 /home/brghena/toolchains/gcc-arm-none-eabi-4_9-2014q4/bin/../lib/gcc/arm-none-eabi/4.9.3/../../../../arm-none-eabi/lib/armv6-m/libm.a(lib_a-e_pow.o)
 .rodata.str1.4
                0x000202f8        0x4 /home/brghena/toolchains/gcc-arm-none-eabi-4_9-2014q4/bin/../lib/gcc/arm-none-eabi/4.9.3/../../../../arm-none-eabi/lib/armv6-m/libm.a(lib_a-e_pow.o)
 *fill*         0x000202fc        0x4 
 .rodata.TWO52  0x00020300       0x10 /home/brghena/toolchains/gcc-arm-none-eabi-4_9-2014q4/bin/../lib/gcc/arm-none-eabi/4.9.3/../../../../arm-none-eabi/lib/armv6-m/libm.a(lib_a-s_rint.o)
 *(.eh_frame*)
 .eh_frame      0x00020310        0x0 /home/brghena/toolchains/gcc-arm-none-eabi-4_9-2014q4/bin/../lib/gcc/arm-none-eabi/4.9.3/armv6-m/crtbegin.o
 .eh_frame      0x00020310        0x4 /home/brghena/toolchains/gcc-arm-none-eabi-4_9-2014q4/bin/../lib/gcc/arm-none-eabi/4.9.3/armv6-m/crtend.o

.glue_7         0x00020314        0x0
 .glue_7        0x00000000        0x0 linker stubs

.glue_7t        0x00020314        0x0
 .glue_7t       0x00000000        0x0 linker stubs

.vfp11_veneer   0x00020314        0x0
 .vfp11_veneer  0x00000000        0x0 linker stubs

.v4_bx          0x00020314        0x0
 .v4_bx         0x00000000        0x0 linker stubs

.iplt           0x00020314        0x0
 .iplt          0x00000000        0x0 /home/brghena/toolchains/gcc-arm-none-eabi-4_9-2014q4/bin/../lib/gcc/arm-none-eabi/4.9.3/armv6-m/crtbegin.o

.ARM.extab
 *(.ARM.extab* .gnu.linkonce.armextab.*)
                0x00020314                __exidx_start = .

.ARM.exidx      0x00020314        0x8
 *(.ARM.exidx* .gnu.linkonce.armexidx.*)
 .ARM.exidx     0x00020314        0x8 /home/brghena/toolchains/gcc-arm-none-eabi-4_9-2014q4/bin/../lib/gcc/arm-none-eabi/4.9.3/../../../../arm-none-eabi/lib/armv6-m/crt0.o
 .ARM.exidx     0x0002031c        0x0 /home/brghena/toolchains/gcc-arm-none-eabi-4_9-2014q4/bin/../lib/gcc/arm-none-eabi/4.9.3/armv6-m/libgcc.a(_divdi3.o)
                                  0x8 (size before relaxing)
 .ARM.exidx     0x0002031c        0x0 /home/brghena/toolchains/gcc-arm-none-eabi-4_9-2014q4/bin/../lib/gcc/arm-none-eabi/4.9.3/armv6-m/libgcc.a(_udivdi3.o)
                                  0x8 (size before relaxing)
                0x0002031c                __exidx_end = .
                0x0002031c                __etext = .

.rel.dyn        0x0002031c        0x0
 .rel.iplt      0x00000000        0x0 /home/brghena/toolchains/gcc-arm-none-eabi-4_9-2014q4/bin/../lib/gcc/arm-none-eabi/4.9.3/armv6-m/crtbegin.o

.data           0x20002000      0x460 load address 0x0002031c
                0x20002000                __data_start__ = .
 *(vtable)
 *(.data*)
 .data.PHYSWEB_SERVICE_UUID
                0x20002000        0x4 _build/main.o
                0x20002000                PHYSWEB_SERVICE_UUID
 .data.m_sec_params
                0x20002004        0x5 _build/main.o
 *fill*         0x20002009        0x3 
 .data.twi_instance
                0x2000200c        0x8 _build/main.o
                0x2000200c                twi_instance
 .data.PHYSWEB_SERVICE_LIST
                0x20002014        0x8 _build/main.o
                0x20002014                PHYSWEB_SERVICE_LIST
 .data.MAC_ADDR
                0x2000201c        0x6 _build/main.o
                0x2000201c                MAC_ADDR
 *fill*         0x20002022        0x2 
 .data.m_sensor_info
                0x20002024        0xc _build/main.o
 .data.impure_data
                0x20002030      0x428 /home/brghena/toolchains/gcc-arm-none-eabi-4_9-2014q4/bin/../lib/gcc/arm-none-eabi/4.9.3/../../../../arm-none-eabi/lib/armv6-m/libc.a(lib_a-impure.o)
 .data._impure_ptr
                0x20002458        0x4 /home/brghena/toolchains/gcc-arm-none-eabi-4_9-2014q4/bin/../lib/gcc/arm-none-eabi/4.9.3/../../../../arm-none-eabi/lib/armv6-m/libc.a(lib_a-impure.o)
                0x20002458                _impure_ptr
 .data.__fdlib_version
                0x2000245c        0x1 /home/brghena/toolchains/gcc-arm-none-eabi-4_9-2014q4/bin/../lib/gcc/arm-none-eabi/4.9.3/../../../../arm-none-eabi/lib/armv6-m/libm.a(lib_a-s_lib_ver.o)
                0x2000245c                __fdlib_version
                0x20002460                . = ALIGN (0x4)
 *fill*         0x2000245d        0x3 
                0x20002460                PROVIDE (__preinit_array_start, .)
 *(.preinit_array)
                0x20002460                PROVIDE (__preinit_array_end, .)
                0x20002460                . = ALIGN (0x4)
                0x20002460                PROVIDE (__init_array_start, .)
 *(SORT(.init_array.*))
 *(.init_array)
                0x20002460                PROVIDE (__init_array_end, .)
                0x20002460                . = ALIGN (0x4)
                0x20002460                PROVIDE (__fini_array_start, .)
 *(SORT(.fini_array.*))
 *(.fini_array)
                0x20002460                PROVIDE (__fini_array_end, .)
                0x20002460                . = ALIGN (0x4)
                0x20002460                __data_end__ = .

.igot.plt       0x20002460        0x0 load address 0x0002077c
 .igot.plt      0x00000000        0x0 /home/brghena/toolchains/gcc-arm-none-eabi-4_9-2014q4/bin/../lib/gcc/arm-none-eabi/4.9.3/armv6-m/crtbegin.o

.bss            0x20002460      0x970 load address 0x0002077c
                0x20002460                __bss_start__ = .
 *(.bss*)
 .bss.m_temp_timer_id
                0x20002460        0x4 _build/main.o
 .bss.APP_TIMER_BUF.9833
                0x20002464      0x428 _build/main.o
 .bss.m_lux_wait_timer_id
                0x2000288c        0x4 _build/main.o
 .bss.m_adv_params
                0x20002890       0x18 _build/main.o
 .bss.m_hum_timer_id
                0x200028a8        0x4 _build/main.o
 .bss.m_ess_updating_advdata
                0x200028ac        0x1 _build/main.o
 .bss.switch_acc
                0x200028ad        0x1 _build/main.o
 .bss.m_beacon_info
                0x200028ae        0xb _build/main.o
 *fill*         0x200028b9        0x3 
 .bss.m_lux_timer_id
                0x200028bc        0x4 _build/main.o
 .bss.m_acc_timer_id
                0x200028c0        0x4 _build/main.o
 .bss.PHYSWEB_MODE
                0x200028c4        0x1 _build/main.o
 *fill*         0x200028c5        0x3 
 .bss.sample_timer
                0x200028c8        0x4 _build/main.o
 .bss.APP_SCHED_BUF.9876
                0x200028cc      0x280 _build/main.o
 .bss.m_pres_timer_id
                0x20002b4c        0x4 _build/main.o
 .bss.app       0x20002b50       0x1c _build/main.o
 .bss.advdata   0x20002b6c       0x30 _build/main.o
 .bss.m_ess     0x20002b9c       0x70 _build/main.o
 .bss.BLE_EVT_BUFFER.9795
                0x20002c0c       0x48 _build/main.o
 .bss.m_softdevice_enabled
                0x20002c54        0x1 _build/softdevice_handler.o
 *fill*         0x20002c55        0x1 
 .bss.m_ble_evt_buffer_size
                0x20002c56        0x2 _build/softdevice_handler.o
 .bss.mp_ble_evt_buffer
                0x20002c58        0x4 _build/softdevice_handler.o
 .bss.m_sys_evt_handler
                0x20002c5c        0x4 _build/softdevice_handler.o
 .bss.m_ble_evt_handler
                0x20002c60        0x4 _build/softdevice_handler.o
 .bss.m_evt_schedule_func
                0x20002c64        0x4 _build/softdevice_handler.o
 .bss.m_change_param
                0x20002c68        0x1 _build/ble_conn_params.o
 *fill*         0x20002c69        0x1 
 .bss.m_current_conn_params
                0x20002c6a        0x8 _build/ble_conn_params.o
 .bss.m_update_count
                0x20002c72        0x1 _build/ble_conn_params.o
 *fill*         0x20002c73        0x1 
 .bss.m_conn_params_config
                0x20002c74       0x1c _build/ble_conn_params.o
 .bss.m_conn_params_timer_id
                0x20002c90        0x4 _build/ble_conn_params.o
 .bss.m_conn_handle
                0x20002c94        0x2 _build/ble_conn_params.o
 .bss.m_preferred_conn_params
                0x20002c96        0x8 _build/ble_conn_params.o
 *fill*         0x20002c9e        0x2 
 .bss.s_error_code.5391
                0x20002ca0        0x4 _build/ble_debug_assert_handler.o
 .bss.s_file_name.5389
                0x20002ca4       0x80 _build/ble_debug_assert_handler.o
 .bss.s_line_num.5390
                0x20002d24        0x2 _build/ble_debug_assert_handler.o
 *fill*         0x20002d26        0x2 
 .bss.m_ticks_latest
                0x20002d28        0x4 _build/app_timer.o
 .bss.m_evt_schedule_func
                0x20002d2c        0x4 _build/app_timer.o
 .bss.mp_nodes  0x20002d30        0x4 _build/app_timer.o
 .bss.m_user_array_size
                0x20002d34        0x1 _build/app_timer.o
 *fill*         0x20002d35        0x3 
 .bss.mp_users  0x20002d38        0x4 _build/app_timer.o
 .bss.m_ticks_elapsed_q_read_ind
                0x20002d3c        0x1 _build/app_timer.o
 .bss.m_ticks_elapsed_q_write_ind
                0x20002d3d        0x1 _build/app_timer.o
 .bss.m_node_array_size
                0x20002d3e        0x1 _build/app_timer.o
 *fill*         0x20002d3f        0x1 
 .bss.m_timer_id_head
                0x20002d40        0x4 _build/app_timer.o
 .bss.m_rtc1_reset
                0x20002d44        0x1 _build/app_timer.o
 *fill*         0x20002d45        0x3 
 .bss.m_ticks_elapsed
                0x20002d48        0x8 _build/app_timer.o
 .bss.m_rtc1_running
                0x20002d50        0x1 _build/app_timer.o
 *fill*         0x20002d51        0x3 
 .bss.m_in_critical_region
                0x20002d54        0x4 _build/app_util_platform.o
 .bss.m_cb      0x20002d58       0x38 _build/nrf_drv_gpiote.o
 .bss.m_instances
                0x20002d90        0x4 _build/nrf_drv_twi.o
 .bss.m_handlers
                0x20002d94        0x4 _build/nrf_drv_twi.o
 .bss.m_cb      0x20002d98       0x1c _build/nrf_drv_twi.o
 .bss.m_queue_event_headers
                0x20002db4        0x4 _build/app_scheduler.o
 .bss.m_queue_event_data
                0x20002db8        0x4 _build/app_scheduler.o
 .bss.m_queue_event_size
                0x20002dbc        0x2 _build/app_scheduler.o
 .bss.m_queue_start_index
                0x20002dbe        0x1 _build/app_scheduler.o
 .bss.m_queue_end_index
                0x20002dbf        0x1 _build/app_scheduler.o
 .bss.m_queue_size
                0x20002dc0        0x2 _build/app_scheduler.o
 *fill*         0x20002dc2        0x2 
 .bss.m_instance
                0x20002dc4        0x4 _build/lps331ap.o
 .bss.m_instance
                0x20002dc8        0x4 _build/si7021.o
 .bss.m_instance
                0x20002dcc        0x4 _build/tsl2561.o
 *(COMMON)
                0x20002dd0                __bss_end__ = .

.heap           0x20002dd0      0x100
                0x20002dd0                __end__ = .
                0x20002dd0                end = __end__
 *(.heap*)
 .heap          0x20002dd0      0x100 _build/startup_nrf51.os
                0x20002dd0                __HeapBase
                0x20002ed0                __HeapLimit = .

.stack_dummy    0x20002dd0      0xc00
 *(.stack)
 .stack         0x20002dd0      0xc00 _build/startup_nrf51.os
                0x20004000                __StackTop = (ORIGIN (RAM) + 0x2000)
                0x20003400                __StackLimit = (__StackTop - SIZEOF (.stack_dummy))
                0x20004000                PROVIDE (__stack, __StackTop)
                0x00000001                ASSERT ((__StackLimit >= __HeapLimit), region RAM overflowed with stack)
OUTPUT(_build/blees_s110.elf elf32-littlearm)

.ARM.attributes
                0x00000000       0x28
 .ARM.attributes
                0x00000000       0x1e /home/brghena/toolchains/gcc-arm-none-eabi-4_9-2014q4/bin/../lib/gcc/arm-none-eabi/4.9.3/armv6-m/crti.o
 .ARM.attributes
                0x0000001e       0x2c /home/brghena/toolchains/gcc-arm-none-eabi-4_9-2014q4/bin/../lib/gcc/arm-none-eabi/4.9.3/armv6-m/crtbegin.o
 .ARM.attributes
                0x0000004a       0x1b /home/brghena/toolchains/gcc-arm-none-eabi-4_9-2014q4/bin/../lib/gcc/arm-none-eabi/4.9.3/../../../../arm-none-eabi/lib/armv6-m/crt0.o
 .ARM.attributes
                0x00000065       0x1b _build/startup_nrf51.os
 .ARM.attributes
                0x00000080       0x31 _build/system_nrf51.o
 .ARM.attributes
                0x000000b1       0x31 _build/ble_ess.o
 .ARM.attributes
                0x000000e2       0x31 _build/main.o
 .ARM.attributes
                0x00000113       0x31 _build/softdevice_handler.o
 .ARM.attributes
                0x00000144       0x31 _build/ble_advdata.o
 .ARM.attributes
                0x00000175       0x31 _build/ble_conn_params.o
 .ARM.attributes
                0x000001a6       0x31 _build/ble_debug_assert_handler.o
 .ARM.attributes
                0x000001d7       0x31 _build/app_timer.o
 .ARM.attributes
                0x00000208       0x31 _build/app_util_platform.o
 .ARM.attributes
                0x00000239       0x31 _build/nrf_drv_common.o
 .ARM.attributes
                0x0000026a       0x31 _build/nrf_drv_gpiote.o
 .ARM.attributes
                0x0000029b       0x31 _build/nrf_drv_twi.o
 .ARM.attributes
                0x000002cc       0x31 _build/led.o
 .ARM.attributes
                0x000002fd       0x31 _build/app_scheduler.o
 .ARM.attributes
                0x0000032e       0x31 _build/adxl362.o
 .ARM.attributes
                0x0000035f       0x31 _build/lps331ap.o
 .ARM.attributes
                0x00000390       0x31 _build/si7021.o
 .ARM.attributes
                0x000003c1       0x31 _build/tsl2561.o
 .ARM.attributes
                0x000003f2       0x31 _build/spi_driver.o
 .ARM.attributes
                0x00000423       0x1e /home/brghena/toolchains/gcc-arm-none-eabi-4_9-2014q4/bin/../lib/gcc/arm-none-eabi/4.9.3/armv6-m/libgcc.a(_arm_cmpdf2.o)
 .ARM.attributes
                0x00000441       0x1e /home/brghena/toolchains/gcc-arm-none-eabi-4_9-2014q4/bin/../lib/gcc/arm-none-eabi/4.9.3/armv6-m/libgcc.a(_arm_cmpsf2.o)
 .ARM.attributes
                0x0000045f       0x1e /home/brghena/toolchains/gcc-arm-none-eabi-4_9-2014q4/bin/../lib/gcc/arm-none-eabi/4.9.3/armv6-m/libgcc.a(_aeabi_uldivmod.o)
 .ARM.attributes
                0x0000047d       0x2c /home/brghena/toolchains/gcc-arm-none-eabi-4_9-2014q4/bin/../lib/gcc/arm-none-eabi/4.9.3/armv6-m/libgcc.a(_fixunssfsi.o)
 .ARM.attributes
                0x000004a9       0x2c /home/brghena/toolchains/gcc-arm-none-eabi-4_9-2014q4/bin/../lib/gcc/arm-none-eabi/4.9.3/armv6-m/libgcc.a(_fixunsdfsi.o)
 .ARM.attributes
                0x000004d5       0x2c /home/brghena/toolchains/gcc-arm-none-eabi-4_9-2014q4/bin/../lib/gcc/arm-none-eabi/4.9.3/armv6-m/libgcc.a(bpabi.o)
 .ARM.attributes
                0x00000501       0x2c /home/brghena/toolchains/gcc-arm-none-eabi-4_9-2014q4/bin/../lib/gcc/arm-none-eabi/4.9.3/armv6-m/libgcc.a(divsf3.o)
 .ARM.attributes
                0x0000052d       0x2c /home/brghena/toolchains/gcc-arm-none-eabi-4_9-2014q4/bin/../lib/gcc/arm-none-eabi/4.9.3/armv6-m/libgcc.a(eqsf2.o)
 .ARM.attributes
                0x00000559       0x2c /home/brghena/toolchains/gcc-arm-none-eabi-4_9-2014q4/bin/../lib/gcc/arm-none-eabi/4.9.3/armv6-m/libgcc.a(gesf2.o)
 .ARM.attributes
                0x00000585       0x2c /home/brghena/toolchains/gcc-arm-none-eabi-4_9-2014q4/bin/../lib/gcc/arm-none-eabi/4.9.3/armv6-m/libgcc.a(lesf2.o)
 .ARM.attributes
                0x000005b1       0x2c /home/brghena/toolchains/gcc-arm-none-eabi-4_9-2014q4/bin/../lib/gcc/arm-none-eabi/4.9.3/armv6-m/libgcc.a(mulsf3.o)
 .ARM.attributes
                0x000005dd       0x2c /home/brghena/toolchains/gcc-arm-none-eabi-4_9-2014q4/bin/../lib/gcc/arm-none-eabi/4.9.3/armv6-m/libgcc.a(subsf3.o)
 .ARM.attributes
                0x00000609       0x2c /home/brghena/toolchains/gcc-arm-none-eabi-4_9-2014q4/bin/../lib/gcc/arm-none-eabi/4.9.3/armv6-m/libgcc.a(fixsfsi.o)
 .ARM.attributes
                0x00000635       0x2c /home/brghena/toolchains/gcc-arm-none-eabi-4_9-2014q4/bin/../lib/gcc/arm-none-eabi/4.9.3/armv6-m/libgcc.a(floatsisf.o)
 .ARM.attributes
                0x00000661       0x2c /home/brghena/toolchains/gcc-arm-none-eabi-4_9-2014q4/bin/../lib/gcc/arm-none-eabi/4.9.3/armv6-m/libgcc.a(floatunsisf.o)
 .ARM.attributes
                0x0000068d       0x2c /home/brghena/toolchains/gcc-arm-none-eabi-4_9-2014q4/bin/../lib/gcc/arm-none-eabi/4.9.3/armv6-m/libgcc.a(adddf3.o)
 .ARM.attributes
                0x000006b9       0x2c /home/brghena/toolchains/gcc-arm-none-eabi-4_9-2014q4/bin/../lib/gcc/arm-none-eabi/4.9.3/armv6-m/libgcc.a(divdf3.o)
 .ARM.attributes
                0x000006e5       0x2c /home/brghena/toolchains/gcc-arm-none-eabi-4_9-2014q4/bin/../lib/gcc/arm-none-eabi/4.9.3/armv6-m/libgcc.a(eqdf2.o)
 .ARM.attributes
                0x00000711       0x2c /home/brghena/toolchains/gcc-arm-none-eabi-4_9-2014q4/bin/../lib/gcc/arm-none-eabi/4.9.3/armv6-m/libgcc.a(gedf2.o)
 .ARM.attributes
                0x0000073d       0x2c /home/brghena/toolchains/gcc-arm-none-eabi-4_9-2014q4/bin/../lib/gcc/arm-none-eabi/4.9.3/armv6-m/libgcc.a(ledf2.o)
 .ARM.attributes
                0x00000769       0x2c /home/brghena/toolchains/gcc-arm-none-eabi-4_9-2014q4/bin/../lib/gcc/arm-none-eabi/4.9.3/armv6-m/libgcc.a(muldf3.o)
 .ARM.attributes
                0x00000795       0x2c /home/brghena/toolchains/gcc-arm-none-eabi-4_9-2014q4/bin/../lib/gcc/arm-none-eabi/4.9.3/armv6-m/libgcc.a(subdf3.o)
 .ARM.attributes
                0x000007c1       0x2c /home/brghena/toolchains/gcc-arm-none-eabi-4_9-2014q4/bin/../lib/gcc/arm-none-eabi/4.9.3/armv6-m/libgcc.a(fixdfsi.o)
 .ARM.attributes
                0x000007ed       0x2c /home/brghena/toolchains/gcc-arm-none-eabi-4_9-2014q4/bin/../lib/gcc/arm-none-eabi/4.9.3/armv6-m/libgcc.a(floatsidf.o)
 .ARM.attributes
                0x00000819       0x2c /home/brghena/toolchains/gcc-arm-none-eabi-4_9-2014q4/bin/../lib/gcc/arm-none-eabi/4.9.3/armv6-m/libgcc.a(floatunsidf.o)
 .ARM.attributes
                0x00000845       0x2c /home/brghena/toolchains/gcc-arm-none-eabi-4_9-2014q4/bin/../lib/gcc/arm-none-eabi/4.9.3/armv6-m/libgcc.a(extendsfdf2.o)
 .ARM.attributes
                0x00000871       0x2c /home/brghena/toolchains/gcc-arm-none-eabi-4_9-2014q4/bin/../lib/gcc/arm-none-eabi/4.9.3/armv6-m/libgcc.a(truncdfsf2.o)
 .ARM.attributes
                0x0000089d       0x1e /home/brghena/toolchains/gcc-arm-none-eabi-4_9-2014q4/bin/../lib/gcc/arm-none-eabi/4.9.3/armv6-m/libgcc.a(_udivsi3.o)
 .ARM.attributes
                0x000008bb       0x1e /home/brghena/toolchains/gcc-arm-none-eabi-4_9-2014q4/bin/../lib/gcc/arm-none-eabi/4.9.3/armv6-m/libgcc.a(_dvmd_tls.o)
 .ARM.attributes
                0x000008d9       0x1e /home/brghena/toolchains/gcc-arm-none-eabi-4_9-2014q4/bin/../lib/gcc/arm-none-eabi/4.9.3/armv6-m/libgcc.a(_clzsi2.o)
 .ARM.attributes
                0x000008f7       0x2c /home/brghena/toolchains/gcc-arm-none-eabi-4_9-2014q4/bin/../lib/gcc/arm-none-eabi/4.9.3/armv6-m/libgcc.a(_muldi3.o)
 .ARM.attributes
                0x00000923       0x2c /home/brghena/toolchains/gcc-arm-none-eabi-4_9-2014q4/bin/../lib/gcc/arm-none-eabi/4.9.3/armv6-m/libgcc.a(_divdi3.o)
 .ARM.attributes
                0x0000094f       0x2c /home/brghena/toolchains/gcc-arm-none-eabi-4_9-2014q4/bin/../lib/gcc/arm-none-eabi/4.9.3/armv6-m/libgcc.a(_udivdi3.o)
 .ARM.attributes
                0x0000097b       0x1e /home/brghena/toolchains/gcc-arm-none-eabi-4_9-2014q4/bin/../lib/gcc/arm-none-eabi/4.9.3/armv6-m/libgcc.a(_clzdi2.o)
 .ARM.attributes
                0x00000999       0x2c /home/brghena/toolchains/gcc-arm-none-eabi-4_9-2014q4/bin/../lib/gcc/arm-none-eabi/4.9.3/../../../../arm-none-eabi/lib/armv6-m/libc.a(lib_a-exit.o)
 .ARM.attributes
                0x000009c5       0x2c /home/brghena/toolchains/gcc-arm-none-eabi-4_9-2014q4/bin/../lib/gcc/arm-none-eabi/4.9.3/../../../../arm-none-eabi/lib/armv6-m/libc.a(lib_a-impure.o)
 .ARM.attributes
                0x000009f1       0x2c /home/brghena/toolchains/gcc-arm-none-eabi-4_9-2014q4/bin/../lib/gcc/arm-none-eabi/4.9.3/../../../../arm-none-eabi/lib/armv6-m/libc.a(lib_a-init.o)
 .ARM.attributes
                0x00000a1d       0x2c /home/brghena/toolchains/gcc-arm-none-eabi-4_9-2014q4/bin/../lib/gcc/arm-none-eabi/4.9.3/../../../../arm-none-eabi/lib/armv6-m/libc.a(lib_a-memcpy.o)
 .ARM.attributes
                0x00000a49       0x2c /home/brghena/toolchains/gcc-arm-none-eabi-4_9-2014q4/bin/../lib/gcc/arm-none-eabi/4.9.3/../../../../arm-none-eabi/lib/armv6-m/libc.a(lib_a-memset.o)
 .ARM.attributes
                0x00000a75       0x2c /home/brghena/toolchains/gcc-arm-none-eabi-4_9-2014q4/bin/../lib/gcc/arm-none-eabi/4.9.3/../../../../arm-none-eabi/lib/armv6-m/libc.a(lib_a-strncpy.o)
 .ARM.attributes
                0x00000aa1       0x2c /home/brghena/toolchains/gcc-arm-none-eabi-4_9-2014q4/bin/../lib/gcc/arm-none-eabi/4.9.3/../../../../arm-none-eabi/lib/armv6-m/libc.a(lib_a-__call_atexit.o)
 .ARM.attributes
                0x00000acd       0x2c /home/brghena/toolchains/gcc-arm-none-eabi-4_9-2014q4/bin/../lib/gcc/arm-none-eabi/4.9.3/../../../../arm-none-eabi/lib/armv6-m/libc.a(lib_a-atexit.o)
 .ARM.attributes
                0x00000af9       0x2c /home/brghena/toolchains/gcc-arm-none-eabi-4_9-2014q4/bin/../lib/gcc/arm-none-eabi/4.9.3/../../../../arm-none-eabi/lib/armv6-m/libc.a(lib_a-fini.o)
 .ARM.attributes
                0x00000b25       0x2c /home/brghena/toolchains/gcc-arm-none-eabi-4_9-2014q4/bin/../lib/gcc/arm-none-eabi/4.9.3/../../../../arm-none-eabi/lib/armv6-m/libc.a(lib_a-__atexit.o)
 .ARM.attributes
                0x00000b51       0x2c /home/brghena/toolchains/gcc-arm-none-eabi-4_9-2014q4/bin/../lib/gcc/arm-none-eabi/4.9.3/armv6-m/crtend.o
 .ARM.attributes
                0x00000b7d       0x1e /home/brghena/toolchains/gcc-arm-none-eabi-4_9-2014q4/bin/../lib/gcc/arm-none-eabi/4.9.3/armv6-m/crtn.o
 .ARM.attributes
                0x00000b9b       0x2c /home/brghena/toolchains/gcc-arm-none-eabi-4_9-2014q4/bin/../lib/gcc/arm-none-eabi/4.9.3/../../../../arm-none-eabi/lib/armv6-m/libm.a(lib_a-w_pow.o)
 .ARM.attributes
                0x00000bc7       0x2c /home/brghena/toolchains/gcc-arm-none-eabi-4_9-2014q4/bin/../lib/gcc/arm-none-eabi/4.9.3/../../../../arm-none-eabi/lib/armv6-m/libm.a(lib_a-e_pow.o)
 .ARM.attributes
                0x00000bf3       0x2c /home/brghena/toolchains/gcc-arm-none-eabi-4_9-2014q4/bin/../lib/gcc/arm-none-eabi/4.9.3/../../../../arm-none-eabi/lib/armv6-m/libm.a(lib_a-e_sqrt.o)
 .ARM.attributes
                0x00000c1f       0x2c /home/brghena/toolchains/gcc-arm-none-eabi-4_9-2014q4/bin/../lib/gcc/arm-none-eabi/4.9.3/../../../../arm-none-eabi/lib/armv6-m/libm.a(lib_a-s_fabs.o)
 .ARM.attributes
                0x00000c4b       0x2c /home/brghena/toolchains/gcc-arm-none-eabi-4_9-2014q4/bin/../lib/gcc/arm-none-eabi/4.9.3/../../../../arm-none-eabi/lib/armv6-m/libm.a(lib_a-s_finite.o)
 .ARM.attributes
                0x00000c77       0x2c /home/brghena/toolchains/gcc-arm-none-eabi-4_9-2014q4/bin/../lib/gcc/arm-none-eabi/4.9.3/../../../../arm-none-eabi/lib/armv6-m/libm.a(lib_a-s_fpclassify.o)
 .ARM.attributes
                0x00000ca3       0x2c /home/brghena/toolchains/gcc-arm-none-eabi-4_9-2014q4/bin/../lib/gcc/arm-none-eabi/4.9.3/../../../../arm-none-eabi/lib/armv6-m/libm.a(lib_a-s_lib_ver.o)
 .ARM.attributes
                0x00000ccf       0x2c /home/brghena/toolchains/gcc-arm-none-eabi-4_9-2014q4/bin/../lib/gcc/arm-none-eabi/4.9.3/../../../../arm-none-eabi/lib/armv6-m/libm.a(lib_a-s_matherr.o)
 .ARM.attributes
                0x00000cfb       0x2c /home/brghena/toolchains/gcc-arm-none-eabi-4_9-2014q4/bin/../lib/gcc/arm-none-eabi/4.9.3/../../../../arm-none-eabi/lib/armv6-m/libm.a(lib_a-s_nan.o)
 .ARM.attributes
                0x00000d27       0x2c /home/brghena/toolchains/gcc-arm-none-eabi-4_9-2014q4/bin/../lib/gcc/arm-none-eabi/4.9.3/../../../../arm-none-eabi/lib/armv6-m/libm.a(lib_a-s_rint.o)
 .ARM.attributes
                0x00000d53       0x2c /home/brghena/toolchains/gcc-arm-none-eabi-4_9-2014q4/bin/../lib/gcc/arm-none-eabi/4.9.3/../../../../arm-none-eabi/lib/armv6-m/libm.a(lib_a-s_scalbn.o)
 .ARM.attributes
                0x00000d7f       0x2c /home/brghena/toolchains/gcc-arm-none-eabi-4_9-2014q4/bin/../lib/gcc/arm-none-eabi/4.9.3/../../../../arm-none-eabi/lib/armv6-m/libm.a(lib_a-s_copysign.o)
 .ARM.attributes
                0x00000dab       0x2c /home/brghena/toolchains/gcc-arm-none-eabi-4_9-2014q4/bin/../lib/gcc/arm-none-eabi/4.9.3/../../../../arm-none-eabi/lib/armv6-m/libnosys.a(_exit.o)
 .ARM.attributes
                0x00000dd7       0x2c /home/brghena/toolchains/gcc-arm-none-eabi-4_9-2014q4/bin/../lib/gcc/arm-none-eabi/4.9.3/../../../../arm-none-eabi/lib/armv6-m/libc.a(lib_a-errno.o)

.comment        0x00000000       0x70
 .comment       0x00000000       0x70 _build/system_nrf51.o
                                 0x71 (size before relaxing)
 .comment       0x00000000       0x71 _build/ble_ess.o
 .comment       0x00000000       0x71 _build/main.o
 .comment       0x00000000       0x71 _build/softdevice_handler.o
 .comment       0x00000000       0x71 _build/ble_advdata.o
 .comment       0x00000000       0x71 _build/ble_conn_params.o
 .comment       0x00000000       0x71 _build/ble_debug_assert_handler.o
 .comment       0x00000000       0x71 _build/app_timer.o
 .comment       0x00000000       0x71 _build/app_util_platform.o
 .comment       0x00000000       0x71 _build/nrf_drv_common.o
 .comment       0x00000000       0x71 _build/nrf_drv_gpiote.o
 .comment       0x00000000       0x71 _build/nrf_drv_twi.o
 .comment       0x00000000       0x71 _build/led.o
 .comment       0x00000000       0x71 _build/app_scheduler.o
 .comment       0x00000000       0x71 _build/adxl362.o
 .comment       0x00000000       0x71 _build/lps331ap.o
 .comment       0x00000000       0x71 _build/si7021.o
 .comment       0x00000000       0x71 _build/tsl2561.o
 .comment       0x00000000       0x71 _build/spi_driver.o

.debug_frame    0x00000000      0x970
 .debug_frame   0x00000000       0x28 /home/brghena/toolchains/gcc-arm-none-eabi-4_9-2014q4/bin/../lib/gcc/arm-none-eabi/4.9.3/armv6-m/libgcc.a(_fixunssfsi.o)
 .debug_frame   0x00000028       0x2c /home/brghena/toolchains/gcc-arm-none-eabi-4_9-2014q4/bin/../lib/gcc/arm-none-eabi/4.9.3/armv6-m/libgcc.a(_fixunsdfsi.o)
 .debug_frame   0x00000054       0x50 /home/brghena/toolchains/gcc-arm-none-eabi-4_9-2014q4/bin/../lib/gcc/arm-none-eabi/4.9.3/armv6-m/libgcc.a(bpabi.o)
 .debug_frame   0x000000a4       0x3c /home/brghena/toolchains/gcc-arm-none-eabi-4_9-2014q4/bin/../lib/gcc/arm-none-eabi/4.9.3/armv6-m/libgcc.a(divsf3.o)
 .debug_frame   0x000000e0       0x2c /home/brghena/toolchains/gcc-arm-none-eabi-4_9-2014q4/bin/../lib/gcc/arm-none-eabi/4.9.3/armv6-m/libgcc.a(eqsf2.o)
 .debug_frame   0x0000010c       0x30 /home/brghena/toolchains/gcc-arm-none-eabi-4_9-2014q4/bin/../lib/gcc/arm-none-eabi/4.9.3/armv6-m/libgcc.a(gesf2.o)
 .debug_frame   0x0000013c       0x30 /home/brghena/toolchains/gcc-arm-none-eabi-4_9-2014q4/bin/../lib/gcc/arm-none-eabi/4.9.3/armv6-m/libgcc.a(lesf2.o)
 .debug_frame   0x0000016c       0x3c /home/brghena/toolchains/gcc-arm-none-eabi-4_9-2014q4/bin/../lib/gcc/arm-none-eabi/4.9.3/armv6-m/libgcc.a(mulsf3.o)
 .debug_frame   0x000001a8       0x30 /home/brghena/toolchains/gcc-arm-none-eabi-4_9-2014q4/bin/../lib/gcc/arm-none-eabi/4.9.3/armv6-m/libgcc.a(subsf3.o)
 .debug_frame   0x000001d8       0x20 /home/brghena/toolchains/gcc-arm-none-eabi-4_9-2014q4/bin/../lib/gcc/arm-none-eabi/4.9.3/armv6-m/libgcc.a(fixsfsi.o)
 .debug_frame   0x000001f8       0x2c /home/brghena/toolchains/gcc-arm-none-eabi-4_9-2014q4/bin/../lib/gcc/arm-none-eabi/4.9.3/armv6-m/libgcc.a(floatsisf.o)
 .debug_frame   0x00000224       0x28 /home/brghena/toolchains/gcc-arm-none-eabi-4_9-2014q4/bin/../lib/gcc/arm-none-eabi/4.9.3/armv6-m/libgcc.a(floatunsisf.o)
 .debug_frame   0x0000024c       0x38 /home/brghena/toolchains/gcc-arm-none-eabi-4_9-2014q4/bin/../lib/gcc/arm-none-eabi/4.9.3/armv6-m/libgcc.a(adddf3.o)
 .debug_frame   0x00000284       0x3c /home/brghena/toolchains/gcc-arm-none-eabi-4_9-2014q4/bin/../lib/gcc/arm-none-eabi/4.9.3/armv6-m/libgcc.a(divdf3.o)
 .debug_frame   0x000002c0       0x38 /home/brghena/toolchains/gcc-arm-none-eabi-4_9-2014q4/bin/../lib/gcc/arm-none-eabi/4.9.3/armv6-m/libgcc.a(eqdf2.o)
 .debug_frame   0x000002f8       0x38 /home/brghena/toolchains/gcc-arm-none-eabi-4_9-2014q4/bin/../lib/gcc/arm-none-eabi/4.9.3/armv6-m/libgcc.a(gedf2.o)
 .debug_frame   0x00000330       0x38 /home/brghena/toolchains/gcc-arm-none-eabi-4_9-2014q4/bin/../lib/gcc/arm-none-eabi/4.9.3/armv6-m/libgcc.a(ledf2.o)
 .debug_frame   0x00000368       0x3c /home/brghena/toolchains/gcc-arm-none-eabi-4_9-2014q4/bin/../lib/gcc/arm-none-eabi/4.9.3/armv6-m/libgcc.a(muldf3.o)
 .debug_frame   0x000003a4       0x3c /home/brghena/toolchains/gcc-arm-none-eabi-4_9-2014q4/bin/../lib/gcc/arm-none-eabi/4.9.3/armv6-m/libgcc.a(subdf3.o)
 .debug_frame   0x000003e0       0x2c /home/brghena/toolchains/gcc-arm-none-eabi-4_9-2014q4/bin/../lib/gcc/arm-none-eabi/4.9.3/armv6-m/libgcc.a(fixdfsi.o)
 .debug_frame   0x0000040c       0x2c /home/brghena/toolchains/gcc-arm-none-eabi-4_9-2014q4/bin/../lib/gcc/arm-none-eabi/4.9.3/armv6-m/libgcc.a(floatsidf.o)
 .debug_frame   0x00000438       0x28 /home/brghena/toolchains/gcc-arm-none-eabi-4_9-2014q4/bin/../lib/gcc/arm-none-eabi/4.9.3/armv6-m/libgcc.a(floatunsidf.o)
 .debug_frame   0x00000460       0x2c /home/brghena/toolchains/gcc-arm-none-eabi-4_9-2014q4/bin/../lib/gcc/arm-none-eabi/4.9.3/armv6-m/libgcc.a(extendsfdf2.o)
 .debug_frame   0x0000048c       0x2c /home/brghena/toolchains/gcc-arm-none-eabi-4_9-2014q4/bin/../lib/gcc/arm-none-eabi/4.9.3/armv6-m/libgcc.a(truncdfsf2.o)
 .debug_frame   0x000004b8       0x20 /home/brghena/toolchains/gcc-arm-none-eabi-4_9-2014q4/bin/../lib/gcc/arm-none-eabi/4.9.3/armv6-m/libgcc.a(_udivsi3.o)
 .debug_frame   0x000004d8       0x34 /home/brghena/toolchains/gcc-arm-none-eabi-4_9-2014q4/bin/../lib/gcc/arm-none-eabi/4.9.3/armv6-m/libgcc.a(_muldi3.o)
 .debug_frame   0x0000050c       0x3c /home/brghena/toolchains/gcc-arm-none-eabi-4_9-2014q4/bin/../lib/gcc/arm-none-eabi/4.9.3/armv6-m/libgcc.a(_divdi3.o)
 .debug_frame   0x00000548       0x3c /home/brghena/toolchains/gcc-arm-none-eabi-4_9-2014q4/bin/../lib/gcc/arm-none-eabi/4.9.3/armv6-m/libgcc.a(_udivdi3.o)
 .debug_frame   0x00000584       0x28 /home/brghena/toolchains/gcc-arm-none-eabi-4_9-2014q4/bin/../lib/gcc/arm-none-eabi/4.9.3/../../../../arm-none-eabi/lib/armv6-m/libc.a(lib_a-exit.o)
 .debug_frame   0x000005ac       0x2c /home/brghena/toolchains/gcc-arm-none-eabi-4_9-2014q4/bin/../lib/gcc/arm-none-eabi/4.9.3/../../../../arm-none-eabi/lib/armv6-m/libc.a(lib_a-init.o)
 .debug_frame   0x000005d8       0x2c /home/brghena/toolchains/gcc-arm-none-eabi-4_9-2014q4/bin/../lib/gcc/arm-none-eabi/4.9.3/../../../../arm-none-eabi/lib/armv6-m/libc.a(lib_a-memcpy.o)
 .debug_frame   0x00000604       0x2c /home/brghena/toolchains/gcc-arm-none-eabi-4_9-2014q4/bin/../lib/gcc/arm-none-eabi/4.9.3/../../../../arm-none-eabi/lib/armv6-m/libc.a(lib_a-memset.o)
 .debug_frame   0x00000630       0x2c /home/brghena/toolchains/gcc-arm-none-eabi-4_9-2014q4/bin/../lib/gcc/arm-none-eabi/4.9.3/../../../../arm-none-eabi/lib/armv6-m/libc.a(lib_a-strncpy.o)
 .debug_frame   0x0000065c       0x54 /home/brghena/toolchains/gcc-arm-none-eabi-4_9-2014q4/bin/../lib/gcc/arm-none-eabi/4.9.3/../../../../arm-none-eabi/lib/armv6-m/libc.a(lib_a-__call_atexit.o)
 .debug_frame   0x000006b0       0x28 /home/brghena/toolchains/gcc-arm-none-eabi-4_9-2014q4/bin/../lib/gcc/arm-none-eabi/4.9.3/../../../../arm-none-eabi/lib/armv6-m/libc.a(lib_a-atexit.o)
 .debug_frame   0x000006d8       0x2c /home/brghena/toolchains/gcc-arm-none-eabi-4_9-2014q4/bin/../lib/gcc/arm-none-eabi/4.9.3/../../../../arm-none-eabi/lib/armv6-m/libc.a(lib_a-fini.o)
 .debug_frame   0x00000704       0x3c /home/brghena/toolchains/gcc-arm-none-eabi-4_9-2014q4/bin/../lib/gcc/arm-none-eabi/4.9.3/../../../../arm-none-eabi/lib/armv6-m/libc.a(lib_a-__atexit.o)
 .debug_frame   0x00000740       0x38 /home/brghena/toolchains/gcc-arm-none-eabi-4_9-2014q4/bin/../lib/gcc/arm-none-eabi/4.9.3/../../../../arm-none-eabi/lib/armv6-m/libm.a(lib_a-w_pow.o)
 .debug_frame   0x00000778       0x3c /home/brghena/toolchains/gcc-arm-none-eabi-4_9-2014q4/bin/../lib/gcc/arm-none-eabi/4.9.3/../../../../arm-none-eabi/lib/armv6-m/libm.a(lib_a-e_pow.o)
 .debug_frame   0x000007b4       0x3c /home/brghena/toolchains/gcc-arm-none-eabi-4_9-2014q4/bin/../lib/gcc/arm-none-eabi/4.9.3/../../../../arm-none-eabi/lib/armv6-m/libm.a(lib_a-e_sqrt.o)
 .debug_frame   0x000007f0       0x20 /home/brghena/toolchains/gcc-arm-none-eabi-4_9-2014q4/bin/../lib/gcc/arm-none-eabi/4.9.3/../../../../arm-none-eabi/lib/armv6-m/libm.a(lib_a-s_fabs.o)
 .debug_frame   0x00000810       0x20 /home/brghena/toolchains/gcc-arm-none-eabi-4_9-2014q4/bin/../lib/gcc/arm-none-eabi/4.9.3/../../../../arm-none-eabi/lib/armv6-m/libm.a(lib_a-s_finite.o)
 .debug_frame   0x00000830       0x2c /home/brghena/toolchains/gcc-arm-none-eabi-4_9-2014q4/bin/../lib/gcc/arm-none-eabi/4.9.3/../../../../arm-none-eabi/lib/armv6-m/libm.a(lib_a-s_fpclassify.o)
 .debug_frame   0x0000085c       0x20 /home/brghena/toolchains/gcc-arm-none-eabi-4_9-2014q4/bin/../lib/gcc/arm-none-eabi/4.9.3/../../../../arm-none-eabi/lib/armv6-m/libm.a(lib_a-s_matherr.o)
 .debug_frame   0x0000087c       0x20 /home/brghena/toolchains/gcc-arm-none-eabi-4_9-2014q4/bin/../lib/gcc/arm-none-eabi/4.9.3/../../../../arm-none-eabi/lib/armv6-m/libm.a(lib_a-s_nan.o)
 .debug_frame   0x0000089c       0x38 /home/brghena/toolchains/gcc-arm-none-eabi-4_9-2014q4/bin/../lib/gcc/arm-none-eabi/4.9.3/../../../../arm-none-eabi/lib/armv6-m/libm.a(lib_a-s_rint.o)
 .debug_frame   0x000008d4       0x30 /home/brghena/toolchains/gcc-arm-none-eabi-4_9-2014q4/bin/../lib/gcc/arm-none-eabi/4.9.3/../../../../arm-none-eabi/lib/armv6-m/libm.a(lib_a-s_scalbn.o)
 .debug_frame   0x00000904       0x2c /home/brghena/toolchains/gcc-arm-none-eabi-4_9-2014q4/bin/../lib/gcc/arm-none-eabi/4.9.3/../../../../arm-none-eabi/lib/armv6-m/libm.a(lib_a-s_copysign.o)
 .debug_frame   0x00000930       0x20 /home/brghena/toolchains/gcc-arm-none-eabi-4_9-2014q4/bin/../lib/gcc/arm-none-eabi/4.9.3/../../../../arm-none-eabi/lib/armv6-m/libnosys.a(_exit.o)
 .debug_frame   0x00000950       0x20 /home/brghena/toolchains/gcc-arm-none-eabi-4_9-2014q4/bin/../lib/gcc/arm-none-eabi/4.9.3/../../../../arm-none-eabi/lib/armv6-m/libc.a(lib_a-errno.o)

.stabstr        0x00000000       0x3f
 .stabstr       0x00000000       0x3f /home/brghena/toolchains/gcc-arm-none-eabi-4_9-2014q4/bin/../lib/gcc/arm-none-eabi/4.9.3/../../../../arm-none-eabi/lib/armv6-m/libnosys.a(times.o)
