Archive member included because of file (symbol)

/home/brghena/toolchains/gcc-arm-none-eabi-4_9-2014q4/bin/../lib/gcc/arm-none-eabi/4.9.3/armv6-m/libgcc.a(_arm_cmpdf2.o)
                              _build/tsl2561.o (__aeabi_dcmple)
/home/brghena/toolchains/gcc-arm-none-eabi-4_9-2014q4/bin/../lib/gcc/arm-none-eabi/4.9.3/armv6-m/libgcc.a(_arm_cmpsf2.o)
                              _build/tsl2561.o (__aeabi_fcmpeq)
/home/brghena/toolchains/gcc-arm-none-eabi-4_9-2014q4/bin/../lib/gcc/arm-none-eabi/4.9.3/armv6-m/libgcc.a(_aeabi_uldivmod.o)
                              _build/main.o (__aeabi_uldivmod)
/home/brghena/toolchains/gcc-arm-none-eabi-4_9-2014q4/bin/../lib/gcc/arm-none-eabi/4.9.3/armv6-m/libgcc.a(_fixunssfsi.o)
                              _build/main.o (__aeabi_f2uiz)
/home/brghena/toolchains/gcc-arm-none-eabi-4_9-2014q4/bin/../lib/gcc/arm-none-eabi/4.9.3/armv6-m/libgcc.a(_fixunsdfsi.o)
                              _build/tsl2561.o (__aeabi_d2uiz)
/home/brghena/toolchains/gcc-arm-none-eabi-4_9-2014q4/bin/../lib/gcc/arm-none-eabi/4.9.3/armv6-m/libgcc.a(bpabi.o)
                              /home/brghena/toolchains/gcc-arm-none-eabi-4_9-2014q4/bin/../lib/gcc/arm-none-eabi/4.9.3/armv6-m/libgcc.a(_aeabi_uldivmod.o) (__gnu_uldivmod_helper)
/home/brghena/toolchains/gcc-arm-none-eabi-4_9-2014q4/bin/../lib/gcc/arm-none-eabi/4.9.3/armv6-m/libgcc.a(divsf3.o)
                              _build/tsl2561.o (__aeabi_fdiv)
/home/brghena/toolchains/gcc-arm-none-eabi-4_9-2014q4/bin/../lib/gcc/arm-none-eabi/4.9.3/armv6-m/libgcc.a(eqsf2.o)
                              /home/brghena/toolchains/gcc-arm-none-eabi-4_9-2014q4/bin/../lib/gcc/arm-none-eabi/4.9.3/armv6-m/libgcc.a(_arm_cmpsf2.o) (__eqsf2)
/home/brghena/toolchains/gcc-arm-none-eabi-4_9-2014q4/bin/../lib/gcc/arm-none-eabi/4.9.3/armv6-m/libgcc.a(gesf2.o)
                              /home/brghena/toolchains/gcc-arm-none-eabi-4_9-2014q4/bin/../lib/gcc/arm-none-eabi/4.9.3/armv6-m/libgcc.a(_arm_cmpsf2.o) (__gesf2)
/home/brghena/toolchains/gcc-arm-none-eabi-4_9-2014q4/bin/../lib/gcc/arm-none-eabi/4.9.3/armv6-m/libgcc.a(lesf2.o)
                              /home/brghena/toolchains/gcc-arm-none-eabi-4_9-2014q4/bin/../lib/gcc/arm-none-eabi/4.9.3/armv6-m/libgcc.a(_arm_cmpsf2.o) (__lesf2)
/home/brghena/toolchains/gcc-arm-none-eabi-4_9-2014q4/bin/../lib/gcc/arm-none-eabi/4.9.3/armv6-m/libgcc.a(mulsf3.o)
                              _build/main.o (__aeabi_fmul)
/home/brghena/toolchains/gcc-arm-none-eabi-4_9-2014q4/bin/../lib/gcc/arm-none-eabi/4.9.3/armv6-m/libgcc.a(subsf3.o)
                              /home/brghena/toolchains/gcc-arm-none-eabi-4_9-2014q4/bin/../lib/gcc/arm-none-eabi/4.9.3/armv6-m/libgcc.a(_fixunssfsi.o) (__aeabi_fsub)
/home/brghena/toolchains/gcc-arm-none-eabi-4_9-2014q4/bin/../lib/gcc/arm-none-eabi/4.9.3/armv6-m/libgcc.a(fixsfsi.o)
                              _build/main.o (__aeabi_f2iz)
/home/brghena/toolchains/gcc-arm-none-eabi-4_9-2014q4/bin/../lib/gcc/arm-none-eabi/4.9.3/armv6-m/libgcc.a(floatsisf.o)
                              _build/tsl2561.o (__aeabi_i2f)
/home/brghena/toolchains/gcc-arm-none-eabi-4_9-2014q4/bin/../lib/gcc/arm-none-eabi/4.9.3/armv6-m/libgcc.a(floatunsisf.o)
                              _build/tsl2561.o (__aeabi_ui2f)
/home/brghena/toolchains/gcc-arm-none-eabi-4_9-2014q4/bin/../lib/gcc/arm-none-eabi/4.9.3/armv6-m/libgcc.a(adddf3.o)
                              _build/lps331ap.o (__aeabi_dadd)
/home/brghena/toolchains/gcc-arm-none-eabi-4_9-2014q4/bin/../lib/gcc/arm-none-eabi/4.9.3/armv6-m/libgcc.a(divdf3.o)
                              _build/lps331ap.o (__aeabi_ddiv)
/home/brghena/toolchains/gcc-arm-none-eabi-4_9-2014q4/bin/../lib/gcc/arm-none-eabi/4.9.3/armv6-m/libgcc.a(eqdf2.o)
                              /home/brghena/toolchains/gcc-arm-none-eabi-4_9-2014q4/bin/../lib/gcc/arm-none-eabi/4.9.3/armv6-m/libgcc.a(_arm_cmpdf2.o) (__eqdf2)
/home/brghena/toolchains/gcc-arm-none-eabi-4_9-2014q4/bin/../lib/gcc/arm-none-eabi/4.9.3/armv6-m/libgcc.a(gedf2.o)
                              /home/brghena/toolchains/gcc-arm-none-eabi-4_9-2014q4/bin/../lib/gcc/arm-none-eabi/4.9.3/armv6-m/libgcc.a(_arm_cmpdf2.o) (__gedf2)
/home/brghena/toolchains/gcc-arm-none-eabi-4_9-2014q4/bin/../lib/gcc/arm-none-eabi/4.9.3/armv6-m/libgcc.a(ledf2.o)
                              /home/brghena/toolchains/gcc-arm-none-eabi-4_9-2014q4/bin/../lib/gcc/arm-none-eabi/4.9.3/armv6-m/libgcc.a(_arm_cmpdf2.o) (__ledf2)
/home/brghena/toolchains/gcc-arm-none-eabi-4_9-2014q4/bin/../lib/gcc/arm-none-eabi/4.9.3/armv6-m/libgcc.a(muldf3.o)
                              _build/lps331ap.o (__aeabi_dmul)
/home/brghena/toolchains/gcc-arm-none-eabi-4_9-2014q4/bin/../lib/gcc/arm-none-eabi/4.9.3/armv6-m/libgcc.a(subdf3.o)
                              _build/si7021.o (__aeabi_dsub)
/home/brghena/toolchains/gcc-arm-none-eabi-4_9-2014q4/bin/../lib/gcc/arm-none-eabi/4.9.3/armv6-m/libgcc.a(fixdfsi.o)
[...]
Memory Configuration

Name             Origin             Length             Attributes
FLASH            0x00018000         0x00028000         xr
RAM              0x20002000         0x00002000         xrw
*default*        0x00000000         0xffffffff

Linker script and memory map

LOAD /home/brghena/toolchains/gcc-arm-none-eabi-4_9-2014q4/bin/../lib/gcc/arm-none-eabi/4.9.3/armv6-m/crti.o
LOAD /home/brghena/toolchains/gcc-arm-none-eabi-4_9-2014q4/bin/../lib/gcc/arm-none-eabi/4.9.3/armv6-m/crtbegin.o
LOAD /home/brghena/toolchains/gcc-arm-none-eabi-4_9-2014q4/bin/../lib/gcc/arm-none-eabi/4.9.3/../../../../arm-none-eabi/lib/armv6-m/crt0.o
LOAD _build/startup_nrf51.os
LOAD _build/system_nrf51.o
LOAD _build/ble_ess.o
LOAD _build/main.o
LOAD _build/softdevice_handler.o
LOAD _build/ble_advdata.o
LOAD _build/ble_conn_params.o
LOAD _build/ble_debug_assert_handler.o
LOAD _build/ble_srv_common.o
LOAD _build/app_timer.o
LOAD _build/app_util_platform.o
LOAD _build/nrf_delay.o
LOAD _build/nrf_drv_common.o
LOAD _build/nrf_drv_gpiote.o
LOAD _build/nrf_drv_twi.o
LOAD _build/led.o
LOAD _build/app_scheduler.o
LOAD _build/adxl362.o
LOAD _build/lps331ap.o
LOAD _build/si7021.o
LOAD _build/tsl2561.o
LOAD _build/spi_driver.o
LOAD _build/blees.o
START GROUP
LOAD /home/brghena/toolchains/gcc-arm-none-eabi-4_9-2014q4/bin/../lib/gcc/arm-none-eabi/4.9.3/armv6-m/libgcc.a
LOAD /home/brghena/toolchains/gcc-arm-none-eabi-4_9-2014q4/bin/../lib/gcc/arm-none-eabi/4.9.3/../../../../arm-none-eabi/lib/armv6-m/libc.a
END GROUP
LOAD /home/brghena/toolchains/gcc-arm-none-eabi-4_9-2014q4/bin/../lib/gcc/arm-none-eabi/4.9.3/armv6-m/crtend.o
LOAD /home/brghena/toolchains/gcc-arm-none-eabi-4_9-2014q4/bin/../lib/gcc/arm-none-eabi/4.9.3/armv6-m/crtn.o
START GROUP
LOAD /home/brghena/toolchains/gcc-arm-none-eabi-4_9-2014q4/bin/../lib/gcc/arm-none-eabi/4.9.3/armv6-m/libgcc.a
LOAD /home/brghena/toolchains/gcc-arm-none-eabi-4_9-2014q4/bin/../lib/gcc/arm-none-eabi/4.9.3/../../../../arm-none-eabi/lib/armv6-m/libc.a
LOAD /home/brghena/toolchains/gcc-arm-none-eabi-4_9-2014q4/bin/../lib/gcc/arm-none-eabi/4.9.3/../../../../arm-none-eabi/lib/armv6-m/libm.a
LOAD /home/brghena/toolchains/gcc-arm-none-eabi-4_9-2014q4/bin/../lib/gcc/arm-none-eabi/4.9.3/../../../../arm-none-eabi/lib/armv6-m/libnosys.a
END GROUP

.text           0x00018000     0x9124
 *(.isr_vector)
 .isr_vector    0x00018000       0xc0 _build/startup_nrf51.os
                0x00018000                __Vectors
 *(.text*)
 .text          0x000180c0        0x0 /home/brghena/toolchains/gcc-arm-none-eabi-4_9-2014q4/bin/../lib/gcc/arm-none-eabi/4.9.3/armv6-m/crti.o
 .text          0x000180c0       0x60 /home/brghena/toolchains/gcc-arm-none-eabi-4_9-2014q4/bin/../lib/gcc/arm-none-eabi/4.9.3/armv6-m/crtbegin.o
 .text          0x00018120       0x78 /home/brghena/toolchains/gcc-arm-none-eabi-4_9-2014q4/bin/../lib/gcc/arm-none-eabi/4.9.3/../../../../arm-none-eabi/lib/armv6-m/crt0.o
                0x00018120                _mainCRTStartup
                0x00018120                _start
 .text          0x00018198       0x7c _build/startup_nrf51.os
                0x00018198                Reset_Handler
                0x000181d8                NMI_Handler
                0x000181da                HardFault_Handler
                0x000181dc                SVC_Handler
                0x000181de                PendSV_Handler
                0x000181e0                SysTick_Handler
                0x000181e2                Default_Handler
                0x000181e2                DEF_IRQHandler
                0x000181e4                POWER_CLOCK_IRQHandler
                0x000181e6                RADIO_IRQHandler
                0x000181e8                UART0_IRQHandler
                0x000181ea                SPI0_TWI0_IRQHandler
                0x000181f0                ADC_IRQHandler
                0x000181f2                TIMER0_IRQHandler
                0x000181f4                TIMER1_IRQHandler
                0x000181f6                TIMER2_IRQHandler
                0x000181f8                RTC0_IRQHandler
                0x000181fa                TEMP_IRQHandler
                0x000181fc                RNG_IRQHandler
                0x000181fe                ECB_IRQHandler
                0x00018200                CCM_AAR_IRQHandler
                0x00018202                WDT_IRQHandler
                0x00018206                QDEC_IRQHandler
                0x0001820a                SWI1_IRQHandler
                0x0001820e                SWI3_IRQHandler
                0x00018210                SWI4_IRQHandler
                0x00018212                SWI5_IRQHandler
 .text          0x00018214       0x9c _build/system_nrf51.o
                0x00018214                SystemCoreClockUpdate
                0x00018224                SystemInit
 .text          0x000182b0      0x4f4 _build/ble_ess.o
                0x000183f8                ble_ess_on_ble_evt
                0x000184c6                ble_ess_init
                0x00018678                ble_ess_intcmp
                0x000186b6                ble_ess_char_value_update
 .text          0x000187a4      0x830 _build/main.o
                0x00018f30                in_pin_handler
                0x00018fb8                app_error_handler
                0x00018fc0                assert_nrf_callback
 .text.startup  0x00018fd4      0x530 _build/main.o
                0x00018fd4                main
 .text          0x00019504      0x150 _build/softdevice_handler.o
                0x00019518                softdevice_assertion_handler
                0x00019524                intern_softdevice_events_execute
                0x000195b8                softdevice_handler_init
                0x000195f0                softdevice_handler_sd_disable
                0x00019608                softdevice_ble_evt_handler_set
                0x0001961c                softdevice_sys_evt_handler_set
                0x00019630                SWI2_IRQHandler
 .text          0x00019654      0x41c _build/ble_advdata.o
                0x00019a0c                ble_advdata_set
 .text          0x00019a70      0x230 _build/ble_conn_params.o
                0x00019b48                ble_conn_params_init
                0x00019ba8                ble_conn_params_stop
                0x00019bb8                ble_conn_params_on_ble_evt
                0x00019c44                ble_conn_params_change_conn_params
 .text          0x00019ca0       0x30 _build/ble_debug_assert_handler.o
                0x00019ca0                ble_debug_assert_handler
 .text          0x00019cd0      0x130 _build/ble_srv_common.o
                0x00019cf8                ble_srv_report_ref_encode
                0x00019d04                ble_srv_ascii_to_utf8
                0x00019d16                characteristic_add
 .text          0x00019e00      0x7d8 _build/app_timer.o
                0x00019f04                RTC1_IRQHandler
                0x00019fa0                SWI0_IRQHandler
                0x0001a374                app_timer_init
                0x0001a434                app_timer_create
                0x0001a480                app_timer_start
                0x0001a510                app_timer_stop
                0x0001a570                app_timer_stop_all
                0x0001a5b8                app_timer_cnt_get
                0x0001a5cc                app_timer_cnt_diff_compute
 .text          0x0001a5d8       0x24 _build/app_util_platform.o
                0x0001a5d8                critical_region_enter
                0x0001a5e8                critical_region_exit
 .text          0x0001a5fc       0x38 _build/nrf_delay.o
                0x0001a5fc                nrf_delay_ms
 .text          0x0001a634       0x78 _build/nrf_drv_common.o
                0x0001a634                nrf_drv_common_irq_enable
 .text          0x0001a6ac      0x604 _build/nrf_drv_gpiote.o
                0x0001a6c8                nrf_drv_gpiote_init
                0x0001a71c                nrf_drv_gpiote_is_init
                0x0001a730                nrf_drv_gpiote_out_init
                0x0001a7e0                nrf_drv_gpiote_out_uninit
                0x0001a810                nrf_drv_gpiote_out_set
                0x0001a822                nrf_drv_gpiote_out_clear
                0x0001a838                nrf_drv_gpiote_out_toggle
                0x0001a864                nrf_drv_gpiote_out_task_enable
                0x0001a89c                nrf_drv_gpiote_out_task_disable
                0x0001a8c0                nrf_drv_gpiote_out_task_addr_get
                0x0001a8dc                nrf_drv_gpiote_out_task_force
                0x0001a914                nrf_drv_gpiote_out_task_trigger
                0x0001a934                nrf_drv_gpiote_in_init
                0x0001aa04                nrf_drv_gpiote_in_event_enable
                0x0001aaac                nrf_drv_gpiote_in_event_disable
                0x0001aafc                nrf_drv_gpiote_in_uninit
                0x0001ab44                nrf_drv_gpiote_uninit
                0x0001ab7c                nrf_drv_gpiote_in_is_set
                0x0001ab90                nrf_drv_gpiote_in_event_addr_get
                0x0001abac                GPIOTE_IRQHandler
 .text          0x0001acb0      0x700 _build/nrf_drv_twi.o
                0x0001b074                nrf_drv_twi_init
                0x0001b220                nrf_drv_twi_enable
                0x0001b26c                nrf_drv_twi_disable
                0x0001b294                nrf_drv_twi_uninit
                0x0001b2dc                nrf_drv_twi_tx
                0x0001b2ee                nrf_drv_twi_rx
                0x0001b300                nrf_data_count_get
                0x0001b314                SPI1_TWI1_IRQHandler
 .text          0x0001b3b0       0x70 _build/led.o
                0x0001b3b0                led_init
                0x0001b3ce                led_on
                0x0001b3e4                led_off
                0x0001b3f6                led_toggle
 .text          0x0001b420       0xf4 _build/app_scheduler.o
                0x0001b420                app_sched_init
                0x0001b44c                app_sched_event_put
                0x0001b4d4                app_sched_execute
 .text          0x0001b514      0x41c _build/adxl362.o
                0x0001b514                adxl362_config_interrupt_mode
                0x0001b550                adxl362_config_INTMAP
                0x0001b5d8                adxl362_set_activity_threshold
                0x0001b60e                adxl362_set_inactivity_threshold
                0x0001b632                adxl362_set_inactivity_time
                0x0001b652                adxl362_set_activity_time
                0x0001b662                adxl362_activity_interrupt_enable
                0x0001b692                adxl362_inactivity_interrupt_enable
                0x0001b6c2                adxl362_activity_inactivity_interrupt_enable
                0x0001b6f2                adxl362_num_FIFO_samples_ready
                0x0001b724                adxl362_read_FIFO
                0x0001b758                adxl362_parse_FIFO
                0x0001b784                adxl362_config_FIFO
                0x0001b7dc                adxl362_sample_accel_byte_x
                0x0001b7ea                adxl362_sample_accel_byte_y
                0x0001b7f8                adxl362_sample_accel_byte_z
                0x0001b806                adxl362_sample_accel_word_x
                0x0001b820                adxl362_sample_accel_word_y
                0x0001b83a                adxl362_sample_accel_word_z
                0x0001b854                adxl362_read_status_reg
                0x0001b86a                adxl362_sample_accel_word
                0x0001b882                adxl362_sample_accel_byte
                0x0001b89a                adxl362_accelerometer_init
                0x0001b8f2                adxl362_config_measurement_range
                0x0001b920                adxl362_read_dev_id
 .text          0x0001b930      0x480 _build/lps331ap.o
                0x0001b930                lps331ap_amp_control
                0x0001b95c                lps331ap_readPressure
                0x0001b9b8                lps331ap_readTemp
                0x0001ba14                lps331ap_power_off
                0x0001ba38                lps331ap_sw_reset
                0x0001ba64                lps331ap_sw_reset_disable
                0x0001ba88                lps331ap_interrupt_disable_all
                0x0001baac                lps331ap_interrupt_enable_manual
                0x0001baec                lps331ap_config_data_rate
                0x0001bb10                lps331ap_set_pressure_threshold
                0x0001bb38                lps331ap_init
                0x0001bb44                lps331ap_read_controlreg1
                0x0001bb74                lps331ap_read_controlreg2
                0x0001bba4                lps331ap_read_controlreg3
                0x0001bbd4                lps331ap_config_interrupt
                0x0001bc10                lps331ap_interrupt_enable
                0x0001bc68                lps331ap_read_status_reg
                0x0001bc98                lps331ap_read_interrupt_source_reg
                0x0001bcc8                lps331ap_config_res
                0x0001bcf0                lps331ap_config
                0x0001bd04                lps331ap_power_on
                0x0001bd58                lps331ap_one_shot_config
                0x0001bd84                lps331ap_one_shot_enable
 .text          0x0001bdb0      0x394 _build/si7021.o
                0x0001bdb0                si7021_reset
                0x0001bdd0                si7021_init
                0x0001bddc                si7021_read_temp_hold
                0x0001be54                si7021_read_temp
                0x0001bed4                si7021_read_RH_hold
                0x0001bf38                si7021_read_RH
                0x0001bfa4                si7021_read_temp_after_RH
                0x0001c01c                si7021_read_temp_and_RH
                0x0001c02e                si7021_read_user_reg
                0x0001c060                si7021_config
                0x0001c0a0                si7021_read_firmware_rev
                0x0001c0dc                si7021_heater_on
                0x0001c110                si7021_heater_off
 .text          0x0001c144      0x490 _build/tsl2561.o
                0x0001c144                sleep
                0x0001c158                tsl2561_readADC
                0x0001c218                tsl2561_readLux
                0x0001c404                tsl2561_on
                0x0001c440                tsl2561_off
                0x0001c464                tsl2561_interrupt_test
                0x0001c488                tsl2561_interrupt_enable
                0x0001c52c                tsl2561_interrupt_disable
                0x0001c550                tsl2561_init
                0x0001c55c                tsl2561_config
                0x0001c588                tsl2561_config_manual
 .text          0x0001c5d4      0x14c _build/spi_driver.o
                0x0001c5d4                spi_init
                0x0001c624                spi_write
                0x0001c654                spi_read
                0x0001c688                spi_write_reg
                0x0001c6c4                spi_read_reg
                0x0001c700                spi_disable
                0x0001c710                spi_enable
 .text          0x0001c720        0x0 _build/blees.o
 .text          0x0001c720       0x7c /home/brghena/toolchains/gcc-arm-none-eabi-4_9-2014q4/bin/../lib/gcc/arm-none-eabi/4.9.3/armv6-m/libgcc.a(_arm_cmpdf2.o)
                0x0001c720                __aeabi_cdrcmple
                0x0001c730                __aeabi_cdcmple
                0x0001c730                __aeabi_cdcmpeq
                0x0001c740                __aeabi_dcmpeq
                0x0001c74c                __aeabi_dcmplt
                0x0001c760                __aeabi_dcmple
                0x0001c774                __aeabi_dcmpgt
                0x0001c788                __aeabi_dcmpge
 .text          0x0001c79c       0x74 /home/brghena/toolchains/gcc-arm-none-eabi-4_9-2014q4/bin/../lib/gcc/arm-none-eabi/4.9.3/armv6-m/libgcc.a(_arm_cmpsf2.o)
                0x0001c79c                __aeabi_cfrcmple
                0x0001c7a4                __aeabi_cfcmple
                0x0001c7a4                __aeabi_cfcmpeq
                0x0001c7b4                __aeabi_fcmpeq
                0x0001c7c0                __aeabi_fcmplt
                0x0001c7d4                __aeabi_fcmple
                0x0001c7e8                __aeabi_fcmpgt
                0x0001c7fc                __aeabi_fcmpge
 .text          0x0001c810       0x40 /home/brghena/toolchains/gcc-arm-none-eabi-4_9-2014q4/bin/../lib/gcc/arm-none-eabi/4.9.3/armv6-m/libgcc.a(_aeabi_uldivmod.o)
                0x0001c810                __aeabi_uldivmod
 .text          0x0001c850       0x30 /home/brghena/toolchains/gcc-arm-none-eabi-4_9-2014q4/bin/../lib/gcc/arm-none-eabi/4.9.3/armv6-m/libgcc.a(_fixunssfsi.o)
                0x0001c850                __aeabi_f2uiz
                0x0001c850                __fixunssfsi
 .text          0x0001c880       0x3c /home/brghena/toolchains/gcc-arm-none-eabi-4_9-2014q4/bin/../lib/gcc/arm-none-eabi/4.9.3/armv6-m/libgcc.a(_fixunsdfsi.o)
                0x0001c880                __fixunsdfsi
                0x0001c880                __aeabi_d2uiz
 .text          0x0001c8bc       0x6c /home/brghena/toolchains/gcc-arm-none-eabi-4_9-2014q4/bin/../lib/gcc/arm-none-eabi/4.9.3/armv6-m/libgcc.a(bpabi.o)
                0x0001c8bc                __gnu_ldivmod_helper
                0x0001c8f4                __gnu_uldivmod_helper
 .text          0x0001c928      0x270 /home/brghena/toolchains/gcc-arm-none-eabi-4_9-2014q4/bin/../lib/gcc/arm-none-eabi/4.9.3/armv6-m/libgcc.a(divsf3.o)
                0x0001c928                __aeabi_fdiv
 .text          0x0001cb98       0x54 /home/brghena/toolchains/gcc-arm-none-eabi-4_9-2014q4/bin/../lib/gcc/arm-none-eabi/4.9.3/armv6-m/libgcc.a(eqsf2.o)
                0x0001cb98                __nesf2
                0x0001cb98                __eqsf2
 .text          0x0001cbec       0x94 /home/brghena/toolchains/gcc-arm-none-eabi-4_9-2014q4/bin/../lib/gcc/arm-none-eabi/4.9.3/armv6-m/libgcc.a(gesf2.o)
                0x0001cbec                __gtsf2
                0x0001cbec                __gesf2
 .text          0x0001cc80       0x8c /home/brghena/toolchains/gcc-arm-none-eabi-4_9-2014q4/bin/../lib/gcc/arm-none-eabi/4.9.3/armv6-m/libgcc.a(lesf2.o)
                0x0001cc80                __lesf2
                0x0001cc80                __ltsf2
 .text          0x0001cd0c      0x264 /home/brghena/toolchains/gcc-arm-none-eabi-4_9-2014q4/bin/../lib/gcc/arm-none-eabi/4.9.3/armv6-m/libgcc.a(mulsf3.o)
                0x0001cd0c                __aeabi_fmul
 .text          0x0001cf70      0x2fc /home/brghena/toolchains/gcc-arm-none-eabi-4_9-2014q4/bin/../lib/gcc/arm-none-eabi/4.9.3/armv6-m/libgcc.a(subsf3.o)
                0x0001cf70                __aeabi_fsub
 .text          0x0001d26c       0x40 /home/brghena/toolchains/gcc-arm-none-eabi-4_9-2014q4/bin/../lib/gcc/arm-none-eabi/4.9.3/armv6-m/libgcc.a(fixsfsi.o)
                0x0001d26c                __aeabi_f2iz
 .text          0x0001d2ac       0x90 /home/brghena/toolchains/gcc-arm-none-eabi-4_9-2014q4/bin/../lib/gcc/arm-none-eabi/4.9.3/armv6-m/libgcc.a(floatsisf.o)
                0x0001d2ac                __aeabi_i2f
 .text          0x0001d33c       0x90 /home/brghena/toolchains/gcc-arm-none-eabi-4_9-2014q4/bin/../lib/gcc/arm-none-eabi/4.9.3/armv6-m/libgcc.a(floatunsisf.o)
                0x0001d33c                __aeabi_ui2f
 .text          0x0001d3cc      0x650 /home/brghena/toolchains/gcc-arm-none-eabi-4_9-2014q4/bin/../lib/gcc/arm-none-eabi/4.9.3/armv6-m/libgcc.a(adddf3.o)
                0x0001d3cc                __aeabi_dadd
 .text          0x0001da1c      0x648 /home/brghena/toolchains/gcc-arm-none-eabi-4_9-2014q4/bin/../lib/gcc/arm-none-eabi/4.9.3/armv6-m/libgcc.a(divdf3.o)
                0x0001da1c                __aeabi_ddiv
 .text          0x0001e064       0x88 /home/brghena/toolchains/gcc-arm-none-eabi-4_9-2014q4/bin/../lib/gcc/arm-none-eabi/4.9.3/armv6-m/libgcc.a(eqdf2.o)
                0x0001e064                __eqdf2
                0x0001e064                __nedf2
 .text          0x0001e0ec       0xe0 /home/brghena/toolchains/gcc-arm-none-eabi-4_9-2014q4/bin/../lib/gcc/arm-none-eabi/4.9.3/armv6-m/libgcc.a(gedf2.o)
                0x0001e0ec                __gtdf2
                0x0001e0ec                __gedf2
 .text          0x0001e1cc       0xcc /home/brghena/toolchains/gcc-arm-none-eabi-4_9-2014q4/bin/../lib/gcc/arm-none-eabi/4.9.3/armv6-m/libgcc.a(ledf2.o)
                0x0001e1cc                __ltdf2
                0x0001e1cc                __ledf2
 .text          0x0001e298      0x534 /home/brghena/toolchains/gcc-arm-none-eabi-4_9-2014q4/bin/../lib/gcc/arm-none-eabi/4.9.3/armv6-m/libgcc.a(muldf3.o)
                0x0001e298                __aeabi_dmul
 .text          0x0001e7cc      0x6f4 /home/brghena/toolchains/gcc-arm-none-eabi-4_9-2014q4/bin/../lib/gcc/arm-none-eabi/4.9.3/armv6-m/libgcc.a(subdf3.o)
                0x0001e7cc                __aeabi_dsub
 .text          0x0001eec0       0x6c /home/brghena/toolchains/gcc-arm-none-eabi-4_9-2014q4/bin/../lib/gcc/arm-none-eabi/4.9.3/armv6-m/libgcc.a(fixdfsi.o)
                0x0001eec0                __aeabi_d2iz
 .text          0x0001ef2c       0x78 /home/brghena/toolchains/gcc-arm-none-eabi-4_9-2014q4/bin/../lib/gcc/arm-none-eabi/4.9.3/armv6-m/libgcc.a(floatsidf.o)
                0x0001ef2c                __aeabi_i2d
 .text          0x0001efa4       0x64 /home/brghena/toolchains/gcc-arm-none-eabi-4_9-2014q4/bin/../lib/gcc/arm-none-eabi/4.9.3/armv6-m/libgcc.a(floatunsidf.o)
                0x0001efa4                __aeabi_ui2d
 .text          0x0001f008       0xa8 /home/brghena/toolchains/gcc-arm-none-eabi-4_9-2014q4/bin/../lib/gcc/arm-none-eabi/4.9.3/armv6-m/libgcc.a(extendsfdf2.o)
                0x0001f008                __aeabi_f2d
 .text          0x0001f0b0      0x120 /home/brghena/toolchains/gcc-arm-none-eabi-4_9-2014q4/bin/../lib/gcc/arm-none-eabi/4.9.3/armv6-m/libgcc.a(truncdfsf2.o)
                0x0001f0b0                __aeabi_d2f
 .text          0x0001f1d0      0x120 /home/brghena/toolchains/gcc-arm-none-eabi-4_9-2014q4/bin/../lib/gcc/arm-none-eabi/4.9.3/armv6-m/libgcc.a(_udivsi3.o)
                0x0001f1d0                __udivsi3
                0x0001f1d0                __aeabi_uidiv
                0x0001f2dc                __aeabi_uidivmod
 .text          0x0001f2f0        0x4 /home/brghena/toolchains/gcc-arm-none-eabi-4_9-2014q4/bin/../lib/gcc/arm-none-eabi/4.9.3/armv6-m/libgcc.a(_dvmd_tls.o)
                0x0001f2f0                __aeabi_ldiv0
                0x0001f2f0                __aeabi_idiv0
 .text          0x0001f2f4       0x3c /home/brghena/toolchains/gcc-arm-none-eabi-4_9-2014q4/bin/../lib/gcc/arm-none-eabi/4.9.3/armv6-m/libgcc.a(_clzsi2.o)
                0x0001f2f4                __clzsi2
 .text          0x0001f330       0x54 /home/brghena/toolchains/gcc-arm-none-eabi-4_9-2014q4/bin/../lib/gcc/arm-none-eabi/4.9.3/armv6-m/libgcc.a(_muldi3.o)
                0x0001f330                __aeabi_lmul
                0x0001f330                __muldi3
 .text          0x0001f384      0x1f0 /home/brghena/toolchains/gcc-arm-none-eabi-4_9-2014q4/bin/../lib/gcc/arm-none-eabi/4.9.3/armv6-m/libgcc.a(_divdi3.o)
                0x0001f384                __divdi3
 .text          0x0001f574      0x158 /home/brghena/toolchains/gcc-arm-none-eabi-4_9-2014q4/bin/../lib/gcc/arm-none-eabi/4.9.3/armv6-m/libgcc.a(_udivdi3.o)
                0x0001f574                __udivdi3
 .text          0x0001f6cc       0x18 /home/brghena/toolchains/gcc-arm-none-eabi-4_9-2014q4/bin/../lib/gcc/arm-none-eabi/4.9.3/armv6-m/libgcc.a(_clzdi2.o)
                0x0001f6cc                __clzdi2
 .text          0x0001f6e4        0x0 /home/brghena/toolchains/gcc-arm-none-eabi-4_9-2014q4/bin/../lib/gcc/arm-none-eabi/4.9.3/../../../../arm-none-eabi/lib/armv6-m/libc.a(lib_a-clock.o)
 .text.clock    0x0001f6e4       0x30 /home/brghena/toolchains/gcc-arm-none-eabi-4_9-2014q4/bin/../lib/gcc/arm-none-eabi/4.9.3/../../../../arm-none-eabi/lib/armv6-m/libc.a(lib_a-clock.o)
                0x0001f6e4                clock
 .text          0x0001f714        0x0 /home/brghena/toolchains/gcc-arm-none-eabi-4_9-2014q4/bin/../lib/gcc/arm-none-eabi/4.9.3/../../../../arm-none-eabi/lib/armv6-m/libc.a(lib_a-exit.o)
 .text.exit     0x0001f714       0x20 /home/brghena/toolchains/gcc-arm-none-eabi-4_9-2014q4/bin/../lib/gcc/arm-none-eabi/4.9.3/../../../../arm-none-eabi/lib/armv6-m/libc.a(lib_a-exit.o)
                0x0001f714                exit
 .text          0x0001f734        0x0 /home/brghena/toolchains/gcc-arm-none-eabi-4_9-2014q4/bin/../lib/gcc/arm-none-eabi/4.9.3/../../../../arm-none-eabi/lib/armv6-m/libc.a(lib_a-impure.o)
 .text          0x0001f734        0x0 /home/brghena/toolchains/gcc-arm-none-eabi-4_9-2014q4/bin/../lib/gcc/arm-none-eabi/4.9.3/../../../../arm-none-eabi/lib/armv6-m/libc.a(lib_a-init.o)
 .text.__libc_init_array
                0x0001f734       0x48 /home/brghena/toolchains/gcc-arm-none-eabi-4_9-2014q4/bin/../lib/gcc/arm-none-eabi/4.9.3/../../../../arm-none-eabi/lib/armv6-m/libc.a(lib_a-init.o)
                0x0001f734                __libc_init_array
 .text          0x0001f77c        0x0 /home/brghena/toolchains/gcc-arm-none-eabi-4_9-2014q4/bin/../lib/gcc/arm-none-eabi/4.9.3/../../../../arm-none-eabi/lib/armv6-m/libc.a(lib_a-memcpy.o)
 .text.memcpy   0x0001f77c       0x7c /home/brghena/toolchains/gcc-arm-none-eabi-4_9-2014q4/bin/../lib/gcc/arm-none-eabi/4.9.3/../../../../arm-none-eabi/lib/armv6-m/libc.a(lib_a-memcpy.o)
                0x0001f77c                memcpy
 .text          0x0001f7f8        0x0 /home/brghena/toolchains/gcc-arm-none-eabi-4_9-2014q4/bin/../lib/gcc/arm-none-eabi/4.9.3/../../../../arm-none-eabi/lib/armv6-m/libc.a(lib_a-memset.o)
 .text.memset   0x0001f7f8       0x8c /home/brghena/toolchains/gcc-arm-none-eabi-4_9-2014q4/bin/../lib/gcc/arm-none-eabi/4.9.3/../../../../arm-none-eabi/lib/armv6-m/libc.a(lib_a-memset.o)
                0x0001f7f8                memset
 .text          0x0001f884        0x0 /home/brghena/toolchains/gcc-arm-none-eabi-4_9-2014q4/bin/../lib/gcc/arm-none-eabi/4.9.3/../../../../arm-none-eabi/lib/armv6-m/libc.a(lib_a-strlen.o)
 .text.strlen   0x0001f884       0x68 /home/brghena/toolchains/gcc-arm-none-eabi-4_9-2014q4/bin/../lib/gcc/arm-none-eabi/4.9.3/../../../../arm-none-eabi/lib/armv6-m/libc.a(lib_a-strlen.o)
                0x0001f884                strlen
 .text          0x0001f8ec        0x0 /home/brghena/toolchains/gcc-arm-none-eabi-4_9-2014q4/bin/../lib/gcc/arm-none-eabi/4.9.3/../../../../arm-none-eabi/lib/armv6-m/libc.a(lib_a-strncpy.o)
 .text.strncpy  0x0001f8ec       0x78 /home/brghena/toolchains/gcc-arm-none-eabi-4_9-2014q4/bin/../lib/gcc/arm-none-eabi/4.9.3/../../../../arm-none-eabi/lib/armv6-m/libc.a(lib_a-strncpy.o)
                0x0001f8ec                strncpy
 .text          0x0001f964        0x0 /home/brghena/toolchains/gcc-arm-none-eabi-4_9-2014q4/bin/../lib/gcc/arm-none-eabi/4.9.3/../../../../arm-none-eabi/lib/armv6-m/libc.a(lib_a-timesr.o)
 .text._times_r
                0x0001f964        0xc /home/brghena/toolchains/gcc-arm-none-eabi-4_9-2014q4/bin/../lib/gcc/arm-none-eabi/4.9.3/../../../../arm-none-eabi/lib/armv6-m/libc.a(lib_a-timesr.o)
                0x0001f964                _times_r
 .text          0x0001f970        0x0 /home/brghena/toolchains/gcc-arm-none-eabi-4_9-2014q4/bin/../lib/gcc/arm-none-eabi/4.9.3/../../../../arm-none-eabi/lib/armv6-m/libc.a(lib_a-__call_atexit.o)
 .text.startup.register_fini
                0x0001f970       0x18 /home/brghena/toolchains/gcc-arm-none-eabi-4_9-2014q4/bin/../lib/gcc/arm-none-eabi/4.9.3/../../../../arm-none-eabi/lib/armv6-m/libc.a(lib_a-__call_atexit.o)
 .text.__call_exitprocs
                0x0001f988      0x108 /home/brghena/toolchains/gcc-arm-none-eabi-4_9-2014q4/bin/../lib/gcc/arm-none-eabi/4.9.3/../../../../arm-none-eabi/lib/armv6-m/libc.a(lib_a-__call_atexit.o)
                0x0001f988                __call_exitprocs
 .text          0x0001fa90        0x0 /home/brghena/toolchains/gcc-arm-none-eabi-4_9-2014q4/bin/../lib/gcc/arm-none-eabi/4.9.3/../../../../arm-none-eabi/lib/armv6-m/libc.a(lib_a-atexit.o)
 .text.atexit   0x0001fa90       0x10 /home/brghena/toolchains/gcc-arm-none-eabi-4_9-2014q4/bin/../lib/gcc/arm-none-eabi/4.9.3/../../../../arm-none-eabi/lib/armv6-m/libc.a(lib_a-atexit.o)
                0x0001fa90                atexit
 .text          0x0001faa0        0x0 /home/brghena/toolchains/gcc-arm-none-eabi-4_9-2014q4/bin/../lib/gcc/arm-none-eabi/4.9.3/../../../../arm-none-eabi/lib/armv6-m/libc.a(lib_a-fini.o)
 .text.__libc_fini_array
                0x0001faa0       0x34 /home/brghena/toolchains/gcc-arm-none-eabi-4_9-2014q4/bin/../lib/gcc/arm-none-eabi/4.9.3/../../../../arm-none-eabi/lib/armv6-m/libc.a(lib_a-fini.o)
                0x0001faa0                __libc_fini_array
 .text          0x0001fad4        0x0 /home/brghena/toolchains/gcc-arm-none-eabi-4_9-2014q4/bin/../lib/gcc/arm-none-eabi/4.9.3/../../../../arm-none-eabi/lib/armv6-m/libc.a(lib_a-__atexit.o)
 .text.__register_exitproc
                0x0001fad4       0xd4 /home/brghena/toolchains/gcc-arm-none-eabi-4_9-2014q4/bin/../lib/gcc/arm-none-eabi/4.9.3/../../../../arm-none-eabi/lib/armv6-m/libc.a(lib_a-__atexit.o)
                0x0001fad4                __register_exitproc
 .text          0x0001fba8        0x0 /home/brghena/toolchains/gcc-arm-none-eabi-4_9-2014q4/bin/../lib/gcc/arm-none-eabi/4.9.3/armv6-m/crtend.o
 .text          0x0001fba8        0x0 /home/brghena/toolchains/gcc-arm-none-eabi-4_9-2014q4/bin/../lib/gcc/arm-none-eabi/4.9.3/armv6-m/crtn.o
 .text          0x0001fba8        0x0 /home/brghena/toolchains/gcc-arm-none-eabi-4_9-2014q4/bin/../lib/gcc/arm-none-eabi/4.9.3/../../../../arm-none-eabi/lib/armv6-m/libm.a(lib_a-w_pow.o)
 .text.pow      0x0001fba8      0x35c /home/brghena/toolchains/gcc-arm-none-eabi-4_9-2014q4/bin/../lib/gcc/arm-none-eabi/4.9.3/../../../../arm-none-eabi/lib/armv6-m/libm.a(lib_a-w_pow.o)
                0x0001fba8                pow
 .text          0x0001ff04        0x0 /home/brghena/toolchains/gcc-arm-none-eabi-4_9-2014q4/bin/../lib/gcc/arm-none-eabi/4.9.3/../../../../arm-none-eabi/lib/armv6-m/libm.a(lib_a-e_pow.o)
 .text.__ieee754_pow
                0x0001ff04      0xa8c /home/brghena/toolchains/gcc-arm-none-eabi-4_9-2014q4/bin/../lib/gcc/arm-none-eabi/4.9.3/../../../../arm-none-eabi/lib/armv6-m/libm.a(lib_a-e_pow.o)
                0x0001ff04                __ieee754_pow
 .text          0x00020990        0x0 /home/brghena/toolchains/gcc-arm-none-eabi-4_9-2014q4/bin/../lib/gcc/arm-none-eabi/4.9.3/../../../../arm-none-eabi/lib/armv6-m/libm.a(lib_a-e_sqrt.o)
 .text.__ieee754_sqrt
                0x00020990      0x1ec /home/brghena/toolchains/gcc-arm-none-eabi-4_9-2014q4/bin/../lib/gcc/arm-none-eabi/4.9.3/../../../../arm-none-eabi/lib/armv6-m/libm.a(lib_a-e_sqrt.o)
                0x00020990                __ieee754_sqrt
 .text          0x00020b7c        0x0 /home/brghena/toolchains/gcc-arm-none-eabi-4_9-2014q4/bin/../lib/gcc/arm-none-eabi/4.9.3/../../../../arm-none-eabi/lib/armv6-m/libm.a(lib_a-s_fabs.o)
 .text.fabs     0x00020b7c        0x8 /home/brghena/toolchains/gcc-arm-none-eabi-4_9-2014q4/bin/../lib/gcc/arm-none-eabi/4.9.3/../../../../arm-none-eabi/lib/armv6-m/libm.a(lib_a-s_fabs.o)
                0x00020b7c                fabs
 .text          0x00020b84        0x0 /home/brghena/toolchains/gcc-arm-none-eabi-4_9-2014q4/bin/../lib/gcc/arm-none-eabi/4.9.3/../../../../arm-none-eabi/lib/armv6-m/libm.a(lib_a-s_finite.o)
 .text.finite   0x00020b84       0x14 /home/brghena/toolchains/gcc-arm-none-eabi-4_9-2014q4/bin/../lib/gcc/arm-none-eabi/4.9.3/../../../../arm-none-eabi/lib/armv6-m/libm.a(lib_a-s_finite.o)
                0x00020b84                finite
 .text          0x00020b98        0x0 /home/brghena/toolchains/gcc-arm-none-eabi-4_9-2014q4/bin/../lib/gcc/arm-none-eabi/4.9.3/../../../../arm-none-eabi/lib/armv6-m/libm.a(lib_a-s_fpclassify.o)
 .text.__fpclassifyd
                0x00020b98       0x5c /home/brghena/toolchains/gcc-arm-none-eabi-4_9-2014q4/bin/../lib/gcc/arm-none-eabi/4.9.3/../../../../arm-none-eabi/lib/armv6-m/libm.a(lib_a-s_fpclassify.o)
                0x00020b98                __fpclassifyd
 .text          0x00020bf4        0x0 /home/brghena/toolchains/gcc-arm-none-eabi-4_9-2014q4/bin/../lib/gcc/arm-none-eabi/4.9.3/../../../../arm-none-eabi/lib/armv6-m/libm.a(lib_a-s_lib_ver.o)
 .text          0x00020bf4        0x0 /home/brghena/toolchains/gcc-arm-none-eabi-4_9-2014q4/bin/../lib/gcc/arm-none-eabi/4.9.3/../../../../arm-none-eabi/lib/armv6-m/libm.a(lib_a-s_matherr.o)
 .text.matherr  0x00020bf4        0x4 /home/brghena/toolchains/gcc-arm-none-eabi-4_9-2014q4/bin/../lib/gcc/arm-none-eabi/4.9.3/../../../../arm-none-eabi/lib/armv6-m/libm.a(lib_a-s_matherr.o)
                0x00020bf4                matherr
 .text          0x00020bf8        0x0 /home/brghena/toolchains/gcc-arm-none-eabi-4_9-2014q4/bin/../lib/gcc/arm-none-eabi/4.9.3/../../../../arm-none-eabi/lib/armv6-m/libm.a(lib_a-s_nan.o)
 .text.nan      0x00020bf8        0xc /home/brghena/toolchains/gcc-arm-none-eabi-4_9-2014q4/bin/../lib/gcc/arm-none-eabi/4.9.3/../../../../arm-none-eabi/lib/armv6-m/libm.a(lib_a-s_nan.o)
                0x00020bf8                nan
 .text          0x00020c04        0x0 /home/brghena/toolchains/gcc-arm-none-eabi-4_9-2014q4/bin/../lib/gcc/arm-none-eabi/4.9.3/../../../../arm-none-eabi/lib/armv6-m/libm.a(lib_a-s_rint.o)
 .text.rint     0x00020c04      0x144 /home/brghena/toolchains/gcc-arm-none-eabi-4_9-2014q4/bin/../lib/gcc/arm-none-eabi/4.9.3/../../../../arm-none-eabi/lib/armv6-m/libm.a(lib_a-s_rint.o)
                0x00020c04                rint
 .text          0x00020d48        0x0 /home/brghena/toolchains/gcc-arm-none-eabi-4_9-2014q4/bin/../lib/gcc/arm-none-eabi/4.9.3/../../../../arm-none-eabi/lib/armv6-m/libm.a(lib_a-s_scalbn.o)
 .text.scalbn   0x00020d48       0xf8 /home/brghena/toolchains/gcc-arm-none-eabi-4_9-2014q4/bin/../lib/gcc/arm-none-eabi/4.9.3/../../../../arm-none-eabi/lib/armv6-m/libm.a(lib_a-s_scalbn.o)
                0x00020d48                scalbn
 .text          0x00020e40        0x0 /home/brghena/toolchains/gcc-arm-none-eabi-4_9-2014q4/bin/../lib/gcc/arm-none-eabi/4.9.3/../../../../arm-none-eabi/lib/armv6-m/libm.a(lib_a-s_copysign.o)
 .text.copysign
                0x00020e40       0x10 /home/brghena/toolchains/gcc-arm-none-eabi-4_9-2014q4/bin/../lib/gcc/arm-none-eabi/4.9.3/../../../../arm-none-eabi/lib/armv6-m/libm.a(lib_a-s_copysign.o)
                0x00020e40                copysign
 .text          0x00020e50        0x0 /home/brghena/toolchains/gcc-arm-none-eabi-4_9-2014q4/bin/../lib/gcc/arm-none-eabi/4.9.3/../../../../arm-none-eabi/lib/armv6-m/libnosys.a(times.o)
 .text._times   0x00020e50       0x10 /home/brghena/toolchains/gcc-arm-none-eabi-4_9-2014q4/bin/../lib/gcc/arm-none-eabi/4.9.3/../../../../arm-none-eabi/lib/armv6-m/libnosys.a(times.o)
                0x00020e50                _times
 .text          0x00020e60        0x0 /home/brghena/toolchains/gcc-arm-none-eabi-4_9-2014q4/bin/../lib/gcc/arm-none-eabi/4.9.3/../../../../arm-none-eabi/lib/armv6-m/libnosys.a(_exit.o)
 .text._exit    0x00020e60        0x4 /home/brghena/toolchains/gcc-arm-none-eabi-4_9-2014q4/bin/../lib/gcc/arm-none-eabi/4.9.3/../../../../arm-none-eabi/lib/armv6-m/libnosys.a(_exit.o)
                0x00020e60                _exit
 .text          0x00020e64        0x0 /home/brghena/toolchains/gcc-arm-none-eabi-4_9-2014q4/bin/../lib/gcc/arm-none-eabi/4.9.3/../../../../arm-none-eabi/lib/armv6-m/libnosys.a(errno.o)
 .text          0x00020e64        0x0 /home/brghena/toolchains/gcc-arm-none-eabi-4_9-2014q4/bin/../lib/gcc/arm-none-eabi/4.9.3/../../../../arm-none-eabi/lib/armv6-m/libc.a(lib_a-errno.o)
 .text.__errno  0x00020e64        0xc /home/brghena/toolchains/gcc-arm-none-eabi-4_9-2014q4/bin/../lib/gcc/arm-none-eabi/4.9.3/../../../../arm-none-eabi/lib/armv6-m/libc.a(lib_a-errno.o)
                0x00020e64                __errno
 *(.init)
 .init          0x00020e70        0x4 /home/brghena/toolchains/gcc-arm-none-eabi-4_9-2014q4/bin/../lib/gcc/arm-none-eabi/4.9.3/armv6-m/crti.o
                0x00020e70                _init
 .init          0x00020e74        0x8 /home/brghena/toolchains/gcc-arm-none-eabi-4_9-2014q4/bin/../lib/gcc/arm-none-eabi/4.9.3/armv6-m/crtn.o
 *(.fini)
 .fini          0x00020e7c        0x4 /home/brghena/toolchains/gcc-arm-none-eabi-4_9-2014q4/bin/../lib/gcc/arm-none-eabi/4.9.3/armv6-m/crti.o
                0x00020e7c                _fini
 .fini          0x00020e80        0x8 /home/brghena/toolchains/gcc-arm-none-eabi-4_9-2014q4/bin/../lib/gcc/arm-none-eabi/4.9.3/armv6-m/crtn.o
 *crtbegin.o(.ctors)
 *crtbegin?.o(.ctors)
 *(EXCLUDE_FILE(*crtend.o *crtend?.o) .ctors)
 *(SORT(.ctors.*))
 *(.ctors)
 *crtbegin.o(.dtors)
 *crtbegin?.o(.dtors)
 *(EXCLUDE_FILE(*crtend.o *crtend?.o) .dtors)
 *(SORT(.dtors.*))
 *(.dtors)
 *(.rodata*)
 .rodata        0x00020e88       0x10 _build/ble_ess.o
 .rodata        0x00020e98        0x4 _build/main.o
 .rodata.str1.1
                0x00020e9c       0x14 _build/main.o
 .rodata        0x00020eb0        0xa _build/ble_srv_common.o
 *fill*         0x00020eba        0x2 
 .rodata        0x00020ebc       0xc0 _build/nrf_drv_twi.o
 .rodata        0x00020f7c        0x6 _build/lps331ap.o
 .rodata        0x00020f82        0x2 _build/si7021.o
 .rodata        0x00020f84        0x2 _build/tsl2561.o
 *fill*         0x00020f86        0x2 
 .rodata        0x00020f88       0x80 /home/brghena/toolchains/gcc-arm-none-eabi-4_9-2014q4/bin/../lib/gcc/arm-none-eabi/4.9.3/armv6-m/libgcc.a(divsf3.o)
 .rodata        0x00021008       0x40 /home/brghena/toolchains/gcc-arm-none-eabi-4_9-2014q4/bin/../lib/gcc/arm-none-eabi/4.9.3/armv6-m/libgcc.a(mulsf3.o)
 .rodata        0x00021048       0x40 /home/brghena/toolchains/gcc-arm-none-eabi-4_9-2014q4/bin/../lib/gcc/arm-none-eabi/4.9.3/armv6-m/libgcc.a(divdf3.o)
 .rodata        0x00021088       0x40 /home/brghena/toolchains/gcc-arm-none-eabi-4_9-2014q4/bin/../lib/gcc/arm-none-eabi/4.9.3/armv6-m/libgcc.a(muldf3.o)
 .rodata.str1.4
                0x000210c8        0x2 /home/brghena/toolchains/gcc-arm-none-eabi-4_9-2014q4/bin/../lib/gcc/arm-none-eabi/4.9.3/../../../../arm-none-eabi/lib/armv6-m/libc.a(lib_a-impure.o)
                                  0x4 (size before relaxing)
 *fill*         0x000210ca        0x2 
 .rodata._global_impure_ptr
                0x000210cc        0x4 /home/brghena/toolchains/gcc-arm-none-eabi-4_9-2014q4/bin/../lib/gcc/arm-none-eabi/4.9.3/../../../../arm-none-eabi/lib/armv6-m/libc.a(lib_a-impure.o)
                0x000210cc                _global_impure_ptr
 .rodata.str1.4
                0x000210d0        0x4 /home/brghena/toolchains/gcc-arm-none-eabi-4_9-2014q4/bin/../lib/gcc/arm-none-eabi/4.9.3/../../../../arm-none-eabi/lib/armv6-m/libm.a(lib_a-w_pow.o)
 *fill*         0x000210d4        0x4 
 .rodata.dp_h   0x000210d8       0x10 /home/brghena/toolchains/gcc-arm-none-eabi-4_9-2014q4/bin/../lib/gcc/arm-none-eabi/4.9.3/../../../../arm-none-eabi/lib/armv6-m/libm.a(lib_a-e_pow.o)
 .rodata.dp_l   0x000210e8       0x10 /home/brghena/toolchains/gcc-arm-none-eabi-4_9-2014q4/bin/../lib/gcc/arm-none-eabi/4.9.3/../../../../arm-none-eabi/lib/armv6-m/libm.a(lib_a-e_pow.o)
 .rodata.bp     0x000210f8       0x10 /home/brghena/toolchains/gcc-arm-none-eabi-4_9-2014q4/bin/../lib/gcc/arm-none-eabi/4.9.3/../../../../arm-none-eabi/lib/armv6-m/libm.a(lib_a-e_pow.o)
 .rodata.str1.4
                0x00021108        0x4 /home/brghena/toolchains/gcc-arm-none-eabi-4_9-2014q4/bin/../lib/gcc/arm-none-eabi/4.9.3/../../../../arm-none-eabi/lib/armv6-m/libm.a(lib_a-e_pow.o)
 *fill*         0x0002110c        0x4 
 .rodata.TWO52  0x00021110       0x10 /home/brghena/toolchains/gcc-arm-none-eabi-4_9-2014q4/bin/../lib/gcc/arm-none-eabi/4.9.3/../../../../arm-none-eabi/lib/armv6-m/libm.a(lib_a-s_rint.o)
 *(.eh_frame*)
 .eh_frame      0x00021120        0x0 /home/brghena/toolchains/gcc-arm-none-eabi-4_9-2014q4/bin/../lib/gcc/arm-none-eabi/4.9.3/armv6-m/crtbegin.o
 .eh_frame      0x00021120        0x4 /home/brghena/toolchains/gcc-arm-none-eabi-4_9-2014q4/bin/../lib/gcc/arm-none-eabi/4.9.3/armv6-m/crtend.o

.glue_7         0x00021124        0x0
 .glue_7        0x00000000        0x0 linker stubs

.glue_7t        0x00021124        0x0
 .glue_7t       0x00000000        0x0 linker stubs

.vfp11_veneer   0x00021124        0x0
 .vfp11_veneer  0x00000000        0x0 linker stubs

.v4_bx          0x00021124        0x0
 .v4_bx         0x00000000        0x0 linker stubs

.iplt           0x00021124        0x0
 .iplt          0x00000000        0x0 /home/brghena/toolchains/gcc-arm-none-eabi-4_9-2014q4/bin/../lib/gcc/arm-none-eabi/4.9.3/armv6-m/crtbegin.o

.ARM.extab      0x00021124        0x0
 *(.ARM.extab* .gnu.linkonce.armextab.*)
 .ARM.extab     0x00021124        0x0 /home/brghena/toolchains/gcc-arm-none-eabi-4_9-2014q4/bin/../lib/gcc/arm-none-eabi/4.9.3/../../../../arm-none-eabi/lib/armv6-m/crt0.o
 .ARM.extab     0x00021124        0x0 /home/brghena/toolchains/gcc-arm-none-eabi-4_9-2014q4/bin/../lib/gcc/arm-none-eabi/4.9.3/armv6-m/libgcc.a(_divdi3.o)
 .ARM.extab     0x00021124        0x0 /home/brghena/toolchains/gcc-arm-none-eabi-4_9-2014q4/bin/../lib/gcc/arm-none-eabi/4.9.3/armv6-m/libgcc.a(_udivdi3.o)
                0x00021124                __exidx_start = .

.ARM.exidx      0x00021124        0x8
 *(.ARM.exidx* .gnu.linkonce.armexidx.*)
 .ARM.exidx     0x00021124        0x8 /home/brghena/toolchains/gcc-arm-none-eabi-4_9-2014q4/bin/../lib/gcc/arm-none-eabi/4.9.3/../../../../arm-none-eabi/lib/armv6-m/crt0.o
 .ARM.exidx     0x0002112c        0x0 /home/brghena/toolchains/gcc-arm-none-eabi-4_9-2014q4/bin/../lib/gcc/arm-none-eabi/4.9.3/armv6-m/libgcc.a(_divdi3.o)
                                  0x8 (size before relaxing)
 .ARM.exidx     0x0002112c        0x0 /home/brghena/toolchains/gcc-arm-none-eabi-4_9-2014q4/bin/../lib/gcc/arm-none-eabi/4.9.3/armv6-m/libgcc.a(_udivdi3.o)
                                  0x8 (size before relaxing)
                0x0002112c                __exidx_end = .
                0x0002112c                __etext = .

.rel.dyn        0x0002112c        0x0
 .rel.iplt      0x00000000        0x0 /home/brghena/toolchains/gcc-arm-none-eabi-4_9-2014q4/bin/../lib/gcc/arm-none-eabi/4.9.3/armv6-m/crtbegin.o

.data           0x20002000      0x474 load address 0x0002112c
                0x20002000                __data_start__ = .
 *(vtable)
 *(.data*)
 .data          0x20002000        0x0 /home/brghena/toolchains/gcc-arm-none-eabi-4_9-2014q4/bin/../lib/gcc/arm-none-eabi/4.9.3/armv6-m/crti.o
 .data          0x20002000        0x4 /home/brghena/toolchains/gcc-arm-none-eabi-4_9-2014q4/bin/../lib/gcc/arm-none-eabi/4.9.3/armv6-m/crtbegin.o
                0x20002000                __dso_handle
 .data          0x20002004        0x0 /home/brghena/toolchains/gcc-arm-none-eabi-4_9-2014q4/bin/../lib/gcc/arm-none-eabi/4.9.3/../../../../arm-none-eabi/lib/armv6-m/crt0.o
 .data          0x20002004        0x0 _build/startup_nrf51.os
 .data          0x20002004        0x4 _build/system_nrf51.o
                0x20002004                SystemCoreClock
 .data          0x20002008        0x0 _build/ble_ess.o
 .data          0x20002008       0x30 _build/main.o
                0x20002008                twi_instance
                0x20002024                PHYSWEB_SERVICE_LIST
                0x2000202c                MAC_ADDR
                0x20002032                PHYSWEB_SERVICE_UUID
 .data          0x20002038        0x0 _build/softdevice_handler.o
 .data          0x20002038        0x0 _build/ble_advdata.o
 .data          0x20002038        0x0 _build/ble_conn_params.o
 .data          0x20002038        0x0 _build/ble_debug_assert_handler.o
 .data          0x20002038        0x0 _build/ble_srv_common.o
 .data          0x20002038        0x0 _build/app_timer.o
 .data          0x20002038        0x0 _build/app_util_platform.o
 .data          0x20002038        0x0 _build/nrf_delay.o
 .data          0x20002038        0x0 _build/nrf_drv_common.o
 .data          0x20002038        0x0 _build/nrf_drv_gpiote.o
 .data          0x20002038        0x0 _build/nrf_drv_twi.o
 .data          0x20002038        0x0 _build/led.o
 .data          0x20002038        0x0 _build/app_scheduler.o
 .data          0x20002038        0x0 _build/adxl362.o
 .data          0x20002038        0x0 _build/lps331ap.o
 .data          0x20002038        0x0 _build/si7021.o
 .data          0x20002038        0x0 _build/tsl2561.o
 .data          0x20002038        0x0 _build/spi_driver.o
 .data          0x20002038        0x0 _build/blees.o
 .data          0x20002038        0x0 /home/brghena/toolchains/gcc-arm-none-eabi-4_9-2014q4/bin/../lib/gcc/arm-none-eabi/4.9.3/armv6-m/libgcc.a(_arm_cmpdf2.o)
 .data          0x20002038        0x0 /home/brghena/toolchains/gcc-arm-none-eabi-4_9-2014q4/bin/../lib/gcc/arm-none-eabi/4.9.3/armv6-m/libgcc.a(_arm_cmpsf2.o)
 .data          0x20002038        0x0 /home/brghena/toolchains/gcc-arm-none-eabi-4_9-2014q4/bin/../lib/gcc/arm-none-eabi/4.9.3/armv6-m/libgcc.a(_aeabi_uldivmod.o)
 .data          0x20002038        0x0 /home/brghena/toolchains/gcc-arm-none-eabi-4_9-2014q4/bin/../lib/gcc/arm-none-eabi/4.9.3/armv6-m/libgcc.a(_fixunssfsi.o)
 .data          0x20002038        0x0 /home/brghena/toolchains/gcc-arm-none-eabi-4_9-2014q4/bin/../lib/gcc/arm-none-eabi/4.9.3/armv6-m/libgcc.a(_fixunsdfsi.o)
 .data          0x20002038        0x0 /home/brghena/toolchains/gcc-arm-none-eabi-4_9-2014q4/bin/../lib/gcc/arm-none-eabi/4.9.3/armv6-m/libgcc.a(bpabi.o)
 .data          0x20002038        0x0 /home/brghena/toolchains/gcc-arm-none-eabi-4_9-2014q4/bin/../lib/gcc/arm-none-eabi/4.9.3/armv6-m/libgcc.a(divsf3.o)
 .data          0x20002038        0x0 /home/brghena/toolchains/gcc-arm-none-eabi-4_9-2014q4/bin/../lib/gcc/arm-none-eabi/4.9.3/armv6-m/libgcc.a(eqsf2.o)
 .data          0x20002038        0x0 /home/brghena/toolchains/gcc-arm-none-eabi-4_9-2014q4/bin/../lib/gcc/arm-none-eabi/4.9.3/armv6-m/libgcc.a(gesf2.o)
 .data          0x20002038        0x0 /home/brghena/toolchains/gcc-arm-none-eabi-4_9-2014q4/bin/../lib/gcc/arm-none-eabi/4.9.3/armv6-m/libgcc.a(lesf2.o)
 .data          0x20002038        0x0 /home/brghena/toolchains/gcc-arm-none-eabi-4_9-2014q4/bin/../lib/gcc/arm-none-eabi/4.9.3/armv6-m/libgcc.a(mulsf3.o)
 .data          0x20002038        0x0 /home/brghena/toolchains/gcc-arm-none-eabi-4_9-2014q4/bin/../lib/gcc/arm-none-eabi/4.9.3/armv6-m/libgcc.a(subsf3.o)
 .data          0x20002038        0x0 /home/brghena/toolchains/gcc-arm-none-eabi-4_9-2014q4/bin/../lib/gcc/arm-none-eabi/4.9.3/armv6-m/libgcc.a(fixsfsi.o)
 .data          0x20002038        0x0 /home/brghena/toolchains/gcc-arm-none-eabi-4_9-2014q4/bin/../lib/gcc/arm-none-eabi/4.9.3/armv6-m/libgcc.a(floatsisf.o)
 .data          0x20002038        0x0 /home/brghena/toolchains/gcc-arm-none-eabi-4_9-2014q4/bin/../lib/gcc/arm-none-eabi/4.9.3/armv6-m/libgcc.a(floatunsisf.o)
 .data          0x20002038        0x0 /home/brghena/toolchains/gcc-arm-none-eabi-4_9-2014q4/bin/../lib/gcc/arm-none-eabi/4.9.3/armv6-m/libgcc.a(adddf3.o)
 .data          0x20002038        0x0 /home/brghena/toolchains/gcc-arm-none-eabi-4_9-2014q4/bin/../lib/gcc/arm-none-eabi/4.9.3/armv6-m/libgcc.a(divdf3.o)
 .data          0x20002038        0x0 /home/brghena/toolchains/gcc-arm-none-eabi-4_9-2014q4/bin/../lib/gcc/arm-none-eabi/4.9.3/armv6-m/libgcc.a(eqdf2.o)
 .data          0x20002038        0x0 /home/brghena/toolchains/gcc-arm-none-eabi-4_9-2014q4/bin/../lib/gcc/arm-none-eabi/4.9.3/armv6-m/libgcc.a(gedf2.o)
 .data          0x20002038        0x0 /home/brghena/toolchains/gcc-arm-none-eabi-4_9-2014q4/bin/../lib/gcc/arm-none-eabi/4.9.3/armv6-m/libgcc.a(ledf2.o)
 .data          0x20002038        0x0 /home/brghena/toolchains/gcc-arm-none-eabi-4_9-2014q4/bin/../lib/gcc/arm-none-eabi/4.9.3/armv6-m/libgcc.a(muldf3.o)
 .data          0x20002038        0x0 /home/brghena/toolchains/gcc-arm-none-eabi-4_9-2014q4/bin/../lib/gcc/arm-none-eabi/4.9.3/armv6-m/libgcc.a(subdf3.o)
 .data          0x20002038        0x0 /home/brghena/toolchains/gcc-arm-none-eabi-4_9-2014q4/bin/../lib/gcc/arm-none-eabi/4.9.3/armv6-m/libgcc.a(fixdfsi.o)
 .data          0x20002038        0x0 /home/brghena/toolchains/gcc-arm-none-eabi-4_9-2014q4/bin/../lib/gcc/arm-none-eabi/4.9.3/armv6-m/libgcc.a(floatsidf.o)
 .data          0x20002038        0x0 /home/brghena/toolchains/gcc-arm-none-eabi-4_9-2014q4/bin/../lib/gcc/arm-none-eabi/4.9.3/armv6-m/libgcc.a(floatunsidf.o)
 .data          0x20002038        0x0 /home/brghena/toolchains/gcc-arm-none-eabi-4_9-2014q4/bin/../lib/gcc/arm-none-eabi/4.9.3/armv6-m/libgcc.a(extendsfdf2.o)
 .data          0x20002038        0x0 /home/brghena/toolchains/gcc-arm-none-eabi-4_9-2014q4/bin/../lib/gcc/arm-none-eabi/4.9.3/armv6-m/libgcc.a(truncdfsf2.o)
 .data          0x20002038        0x0 /home/brghena/toolchains/gcc-arm-none-eabi-4_9-2014q4/bin/../lib/gcc/arm-none-eabi/4.9.3/armv6-m/libgcc.a(_udivsi3.o)
 .data          0x20002038        0x0 /home/brghena/toolchains/gcc-arm-none-eabi-4_9-2014q4/bin/../lib/gcc/arm-none-eabi/4.9.3/armv6-m/libgcc.a(_dvmd_tls.o)
 .data          0x20002038        0x0 /home/brghena/toolchains/gcc-arm-none-eabi-4_9-2014q4/bin/../lib/gcc/arm-none-eabi/4.9.3/armv6-m/libgcc.a(_clzsi2.o)
 .data          0x20002038        0x0 /home/brghena/toolchains/gcc-arm-none-eabi-4_9-2014q4/bin/../lib/gcc/arm-none-eabi/4.9.3/armv6-m/libgcc.a(_muldi3.o)
 .data          0x20002038        0x0 /home/brghena/toolchains/gcc-arm-none-eabi-4_9-2014q4/bin/../lib/gcc/arm-none-eabi/4.9.3/armv6-m/libgcc.a(_divdi3.o)
 .data          0x20002038        0x0 /home/brghena/toolchains/gcc-arm-none-eabi-4_9-2014q4/bin/../lib/gcc/arm-none-eabi/4.9.3/armv6-m/libgcc.a(_udivdi3.o)
 .data          0x20002038        0x0 /home/brghena/toolchains/gcc-arm-none-eabi-4_9-2014q4/bin/../lib/gcc/arm-none-eabi/4.9.3/armv6-m/libgcc.a(_clzdi2.o)
 .data          0x20002038        0x0 /home/brghena/toolchains/gcc-arm-none-eabi-4_9-2014q4/bin/../lib/gcc/arm-none-eabi/4.9.3/../../../../arm-none-eabi/lib/armv6-m/libc.a(lib_a-clock.o)
 .data          0x20002038        0x0 /home/brghena/toolchains/gcc-arm-none-eabi-4_9-2014q4/bin/../lib/gcc/arm-none-eabi/4.9.3/../../../../arm-none-eabi/lib/armv6-m/libc.a(lib_a-exit.o)
 .data          0x20002038        0x0 /home/brghena/toolchains/gcc-arm-none-eabi-4_9-2014q4/bin/../lib/gcc/arm-none-eabi/4.9.3/../../../../arm-none-eabi/lib/armv6-m/libc.a(lib_a-impure.o)
 .data.impure_data
                0x20002038      0x428 /home/brghena/toolchains/gcc-arm-none-eabi-4_9-2014q4/bin/../lib/gcc/arm-none-eabi/4.9.3/../../../../arm-none-eabi/lib/armv6-m/libc.a(lib_a-impure.o)
 .data._impure_ptr
                0x20002460        0x4 /home/brghena/toolchains/gcc-arm-none-eabi-4_9-2014q4/bin/../lib/gcc/arm-none-eabi/4.9.3/../../../../arm-none-eabi/lib/armv6-m/libc.a(lib_a-impure.o)
                0x20002460                _impure_ptr
 .data          0x20002464        0x0 /home/brghena/toolchains/gcc-arm-none-eabi-4_9-2014q4/bin/../lib/gcc/arm-none-eabi/4.9.3/../../../../arm-none-eabi/lib/armv6-m/libc.a(lib_a-init.o)
 .data          0x20002464        0x0 /home/brghena/toolchains/gcc-arm-none-eabi-4_9-2014q4/bin/../lib/gcc/arm-none-eabi/4.9.3/../../../../arm-none-eabi/lib/armv6-m/libc.a(lib_a-memcpy.o)
 .data          0x20002464        0x0 /home/brghena/toolchains/gcc-arm-none-eabi-4_9-2014q4/bin/../lib/gcc/arm-none-eabi/4.9.3/../../../../arm-none-eabi/lib/armv6-m/libc.a(lib_a-memset.o)
 .data          0x20002464        0x0 /home/brghena/toolchains/gcc-arm-none-eabi-4_9-2014q4/bin/../lib/gcc/arm-none-eabi/4.9.3/../../../../arm-none-eabi/lib/armv6-m/libc.a(lib_a-strlen.o)
 .data          0x20002464        0x0 /home/brghena/toolchains/gcc-arm-none-eabi-4_9-2014q4/bin/../lib/gcc/arm-none-eabi/4.9.3/../../../../arm-none-eabi/lib/armv6-m/libc.a(lib_a-strncpy.o)
 .data          0x20002464        0x0 /home/brghena/toolchains/gcc-arm-none-eabi-4_9-2014q4/bin/../lib/gcc/arm-none-eabi/4.9.3/../../../../arm-none-eabi/lib/armv6-m/libc.a(lib_a-timesr.o)
 .data          0x20002464        0x0 /home/brghena/toolchains/gcc-arm-none-eabi-4_9-2014q4/bin/../lib/gcc/arm-none-eabi/4.9.3/../../../../arm-none-eabi/lib/armv6-m/libc.a(lib_a-__call_atexit.o)
 .data          0x20002464        0x0 /home/brghena/toolchains/gcc-arm-none-eabi-4_9-2014q4/bin/../lib/gcc/arm-none-eabi/4.9.3/../../../../arm-none-eabi/lib/armv6-m/libc.a(lib_a-atexit.o)
 .data          0x20002464        0x0 /home/brghena/toolchains/gcc-arm-none-eabi-4_9-2014q4/bin/../lib/gcc/arm-none-eabi/4.9.3/../../../../arm-none-eabi/lib/armv6-m/libc.a(lib_a-fini.o)
 .data          0x20002464        0x0 /home/brghena/toolchains/gcc-arm-none-eabi-4_9-2014q4/bin/../lib/gcc/arm-none-eabi/4.9.3/../../../../arm-none-eabi/lib/armv6-m/libc.a(lib_a-__atexit.o)
 .data          0x20002464        0x0 /home/brghena/toolchains/gcc-arm-none-eabi-4_9-2014q4/bin/../lib/gcc/arm-none-eabi/4.9.3/armv6-m/crtend.o
 .data          0x20002464        0x0 /home/brghena/toolchains/gcc-arm-none-eabi-4_9-2014q4/bin/../lib/gcc/arm-none-eabi/4.9.3/armv6-m/crtn.o
 .data          0x20002464        0x0 /home/brghena/toolchains/gcc-arm-none-eabi-4_9-2014q4/bin/../lib/gcc/arm-none-eabi/4.9.3/../../../../arm-none-eabi/lib/armv6-m/libm.a(lib_a-w_pow.o)
 .data          0x20002464        0x0 /home/brghena/toolchains/gcc-arm-none-eabi-4_9-2014q4/bin/../lib/gcc/arm-none-eabi/4.9.3/../../../../arm-none-eabi/lib/armv6-m/libm.a(lib_a-e_pow.o)
 .data          0x20002464        0x0 /home/brghena/toolchains/gcc-arm-none-eabi-4_9-2014q4/bin/../lib/gcc/arm-none-eabi/4.9.3/../../../../arm-none-eabi/lib/armv6-m/libm.a(lib_a-e_sqrt.o)
 .data          0x20002464        0x0 /home/brghena/toolchains/gcc-arm-none-eabi-4_9-2014q4/bin/../lib/gcc/arm-none-eabi/4.9.3/../../../../arm-none-eabi/lib/armv6-m/libm.a(lib_a-s_fabs.o)
 .data          0x20002464        0x0 /home/brghena/toolchains/gcc-arm-none-eabi-4_9-2014q4/bin/../lib/gcc/arm-none-eabi/4.9.3/../../../../arm-none-eabi/lib/armv6-m/libm.a(lib_a-s_finite.o)
 .data          0x20002464        0x0 /home/brghena/toolchains/gcc-arm-none-eabi-4_9-2014q4/bin/../lib/gcc/arm-none-eabi/4.9.3/../../../../arm-none-eabi/lib/armv6-m/libm.a(lib_a-s_fpclassify.o)
 .data          0x20002464        0x0 /home/brghena/toolchains/gcc-arm-none-eabi-4_9-2014q4/bin/../lib/gcc/arm-none-eabi/4.9.3/../../../../arm-none-eabi/lib/armv6-m/libm.a(lib_a-s_lib_ver.o)
 .data.__fdlib_version
                0x20002464        0x1 /home/brghena/toolchains/gcc-arm-none-eabi-4_9-2014q4/bin/../lib/gcc/arm-none-eabi/4.9.3/../../../../arm-none-eabi/lib/armv6-m/libm.a(lib_a-s_lib_ver.o)
                0x20002464                __fdlib_version
 .data          0x20002465        0x0 /home/brghena/toolchains/gcc-arm-none-eabi-4_9-2014q4/bin/../lib/gcc/arm-none-eabi/4.9.3/../../../../arm-none-eabi/lib/armv6-m/libm.a(lib_a-s_matherr.o)
 .data          0x20002465        0x0 /home/brghena/toolchains/gcc-arm-none-eabi-4_9-2014q4/bin/../lib/gcc/arm-none-eabi/4.9.3/../../../../arm-none-eabi/lib/armv6-m/libm.a(lib_a-s_nan.o)
 .data          0x20002465        0x0 /home/brghena/toolchains/gcc-arm-none-eabi-4_9-2014q4/bin/../lib/gcc/arm-none-eabi/4.9.3/../../../../arm-none-eabi/lib/armv6-m/libm.a(lib_a-s_rint.o)
 .data          0x20002465        0x0 /home/brghena/toolchains/gcc-arm-none-eabi-4_9-2014q4/bin/../lib/gcc/arm-none-eabi/4.9.3/../../../../arm-none-eabi/lib/armv6-m/libm.a(lib_a-s_scalbn.o)
 .data          0x20002465        0x0 /home/brghena/toolchains/gcc-arm-none-eabi-4_9-2014q4/bin/../lib/gcc/arm-none-eabi/4.9.3/../../../../arm-none-eabi/lib/armv6-m/libm.a(lib_a-s_copysign.o)
 .data          0x20002465        0x0 /home/brghena/toolchains/gcc-arm-none-eabi-4_9-2014q4/bin/../lib/gcc/arm-none-eabi/4.9.3/../../../../arm-none-eabi/lib/armv6-m/libnosys.a(times.o)
 .data          0x20002465        0x0 /home/brghena/toolchains/gcc-arm-none-eabi-4_9-2014q4/bin/../lib/gcc/arm-none-eabi/4.9.3/../../../../arm-none-eabi/lib/armv6-m/libnosys.a(_exit.o)
 .data          0x20002465        0x0 /home/brghena/toolchains/gcc-arm-none-eabi-4_9-2014q4/bin/../lib/gcc/arm-none-eabi/4.9.3/../../../../arm-none-eabi/lib/armv6-m/libnosys.a(errno.o)
 .data          0x20002465        0x0 /home/brghena/toolchains/gcc-arm-none-eabi-4_9-2014q4/bin/../lib/gcc/arm-none-eabi/4.9.3/../../../../arm-none-eabi/lib/armv6-m/libc.a(lib_a-errno.o)
                0x20002468                . = ALIGN (0x4)
 *fill*         0x20002465        0x3 
                0x20002468                PROVIDE (__preinit_array_start, .)
 *(.preinit_array)
                0x20002468                PROVIDE (__preinit_array_end, .)
                0x20002468                . = ALIGN (0x4)
                0x20002468                PROVIDE (__init_array_start, .)
 *(SORT(.init_array.*))
 .init_array.00000
                0x20002468        0x4 /home/brghena/toolchains/gcc-arm-none-eabi-4_9-2014q4/bin/../lib/gcc/arm-none-eabi/4.9.3/../../../../arm-none-eabi/lib/armv6-m/libc.a(lib_a-__call_atexit.o)
 *(.init_array)
 .init_array    0x2000246c        0x4 /home/brghena/toolchains/gcc-arm-none-eabi-4_9-2014q4/bin/../lib/gcc/arm-none-eabi/4.9.3/armv6-m/crtbegin.o
                0x20002470                PROVIDE (__init_array_end, .)
                0x20002470                . = ALIGN (0x4)
                0x20002470                PROVIDE (__fini_array_start, .)
 *(SORT(.fini_array.*))
 *(.fini_array)
 .fini_array    0x20002470        0x4 /home/brghena/toolchains/gcc-arm-none-eabi-4_9-2014q4/bin/../lib/gcc/arm-none-eabi/4.9.3/armv6-m/crtbegin.o
                0x20002474                PROVIDE (__fini_array_end, .)
                0x20002474                . = ALIGN (0x4)
                0x20002474                __data_end__ = .

.jcr            0x20002474        0x4 load address 0x000215a0
 .jcr           0x20002474        0x0 /home/brghena/toolchains/gcc-arm-none-eabi-4_9-2014q4/bin/../lib/gcc/arm-none-eabi/4.9.3/armv6-m/crtbegin.o
 .jcr           0x20002474        0x4 /home/brghena/toolchains/gcc-arm-none-eabi-4_9-2014q4/bin/../lib/gcc/arm-none-eabi/4.9.3/armv6-m/crtend.o

.igot.plt       0x20002478        0x0 load address 0x000215a4
 .igot.plt      0x00000000        0x0 /home/brghena/toolchains/gcc-arm-none-eabi-4_9-2014q4/bin/../lib/gcc/arm-none-eabi/4.9.3/armv6-m/crtbegin.o

.bss            0x20002478      0x990 load address 0x000215a4
                0x20002478                __bss_start__ = .
 *(.bss*)
 .bss           0x20002478        0x0 /home/brghena/toolchains/gcc-arm-none-eabi-4_9-2014q4/bin/../lib/gcc/arm-none-eabi/4.9.3/armv6-m/crti.o
 .bss           0x20002478       0x1c /home/brghena/toolchains/gcc-arm-none-eabi-4_9-2014q4/bin/../lib/gcc/arm-none-eabi/4.9.3/armv6-m/crtbegin.o
 .bss           0x20002494        0x0 /home/brghena/toolchains/gcc-arm-none-eabi-4_9-2014q4/bin/../lib/gcc/arm-none-eabi/4.9.3/../../../../arm-none-eabi/lib/armv6-m/crt0.o
 .bss           0x20002494        0x0 _build/startup_nrf51.os
 .bss           0x20002494        0x0 _build/system_nrf51.o
 .bss           0x20002494        0x0 _build/ble_ess.o
 .bss           0x20002494      0x7f0 _build/main.o
 .bss           0x20002c84       0x18 _build/softdevice_handler.o
 .bss           0x20002c9c        0x0 _build/ble_advdata.o
 .bss           0x20002c9c       0x38 _build/ble_conn_params.o
 .bss           0x20002cd4       0x88 _build/ble_debug_assert_handler.o
 .bss           0x20002d5c        0x0 _build/ble_srv_common.o
 .bss           0x20002d5c       0x2c _build/app_timer.o
 .bss           0x20002d88        0x4 _build/app_util_platform.o
 .bss           0x20002d8c        0x0 _build/nrf_delay.o
 .bss           0x20002d8c        0x0 _build/nrf_drv_common.o
 .bss           0x20002d8c       0x38 _build/nrf_drv_gpiote.o
 .bss           0x20002dc4       0x24 _build/nrf_drv_twi.o
 .bss           0x20002de8        0x0 _build/led.o
 .bss           0x20002de8       0x10 _build/app_scheduler.o
 .bss           0x20002df8        0x0 _build/adxl362.o
 .bss           0x20002df8        0x4 _build/lps331ap.o
 .bss           0x20002dfc        0x4 _build/si7021.o
 .bss           0x20002e00        0x4 _build/tsl2561.o
 .bss           0x20002e04        0x0 _build/spi_driver.o
 .bss           0x20002e04        0x0 _build/blees.o
 .bss           0x20002e04        0x0 /home/brghena/toolchains/gcc-arm-none-eabi-4_9-2014q4/bin/../lib/gcc/arm-none-eabi/4.9.3/armv6-m/libgcc.a(_arm_cmpdf2.o)
 .bss           0x20002e04        0x0 /home/brghena/toolchains/gcc-arm-none-eabi-4_9-2014q4/bin/../lib/gcc/arm-none-eabi/4.9.3/armv6-m/libgcc.a(_arm_cmpsf2.o)
 .bss           0x20002e04        0x0 /home/brghena/toolchains/gcc-arm-none-eabi-4_9-2014q4/bin/../lib/gcc/arm-none-eabi/4.9.3/armv6-m/libgcc.a(_aeabi_uldivmod.o)
 .bss           0x20002e04        0x0 /home/brghena/toolchains/gcc-arm-none-eabi-4_9-2014q4/bin/../lib/gcc/arm-none-eabi/4.9.3/armv6-m/libgcc.a(_fixunssfsi.o)
 .bss           0x20002e04        0x0 /home/brghena/toolchains/gcc-arm-none-eabi-4_9-2014q4/bin/../lib/gcc/arm-none-eabi/4.9.3/armv6-m/libgcc.a(_fixunsdfsi.o)
 .bss           0x20002e04        0x0 /home/brghena/toolchains/gcc-arm-none-eabi-4_9-2014q4/bin/../lib/gcc/arm-none-eabi/4.9.3/armv6-m/libgcc.a(bpabi.o)
 .bss           0x20002e04        0x0 /home/brghena/toolchains/gcc-arm-none-eabi-4_9-2014q4/bin/../lib/gcc/arm-none-eabi/4.9.3/armv6-m/libgcc.a(divsf3.o)
 .bss           0x20002e04        0x0 /home/brghena/toolchains/gcc-arm-none-eabi-4_9-2014q4/bin/../lib/gcc/arm-none-eabi/4.9.3/armv6-m/libgcc.a(eqsf2.o)
 .bss           0x20002e04        0x0 /home/brghena/toolchains/gcc-arm-none-eabi-4_9-2014q4/bin/../lib/gcc/arm-none-eabi/4.9.3/armv6-m/libgcc.a(gesf2.o)
 .bss           0x20002e04        0x0 /home/brghena/toolchains/gcc-arm-none-eabi-4_9-2014q4/bin/../lib/gcc/arm-none-eabi/4.9.3/armv6-m/libgcc.a(lesf2.o)
 .bss           0x20002e04        0x0 /home/brghena/toolchains/gcc-arm-none-eabi-4_9-2014q4/bin/../lib/gcc/arm-none-eabi/4.9.3/armv6-m/libgcc.a(mulsf3.o)
 .bss           0x20002e04        0x0 /home/brghena/toolchains/gcc-arm-none-eabi-4_9-2014q4/bin/../lib/gcc/arm-none-eabi/4.9.3/armv6-m/libgcc.a(subsf3.o)
 .bss           0x20002e04        0x0 /home/brghena/toolchains/gcc-arm-none-eabi-4_9-2014q4/bin/../lib/gcc/arm-none-eabi/4.9.3/armv6-m/libgcc.a(fixsfsi.o)
 .bss           0x20002e04        0x0 /home/brghena/toolchains/gcc-arm-none-eabi-4_9-2014q4/bin/../lib/gcc/arm-none-eabi/4.9.3/armv6-m/libgcc.a(floatsisf.o)
 .bss           0x20002e04        0x0 /home/brghena/toolchains/gcc-arm-none-eabi-4_9-2014q4/bin/../lib/gcc/arm-none-eabi/4.9.3/armv6-m/libgcc.a(floatunsisf.o)
 .bss           0x20002e04        0x0 /home/brghena/toolchains/gcc-arm-none-eabi-4_9-2014q4/bin/../lib/gcc/arm-none-eabi/4.9.3/armv6-m/libgcc.a(adddf3.o)
 .bss           0x20002e04        0x0 /home/brghena/toolchains/gcc-arm-none-eabi-4_9-2014q4/bin/../lib/gcc/arm-none-eabi/4.9.3/armv6-m/libgcc.a(divdf3.o)
 .bss           0x20002e04        0x0 /home/brghena/toolchains/gcc-arm-none-eabi-4_9-2014q4/bin/../lib/gcc/arm-none-eabi/4.9.3/armv6-m/libgcc.a(eqdf2.o)
 .bss           0x20002e04        0x0 /home/brghena/toolchains/gcc-arm-none-eabi-4_9-2014q4/bin/../lib/gcc/arm-none-eabi/4.9.3/armv6-m/libgcc.a(gedf2.o)
 .bss           0x20002e04        0x0 /home/brghena/toolchains/gcc-arm-none-eabi-4_9-2014q4/bin/../lib/gcc/arm-none-eabi/4.9.3/armv6-m/libgcc.a(ledf2.o)
 .bss           0x20002e04        0x0 /home/brghena/toolchains/gcc-arm-none-eabi-4_9-2014q4/bin/../lib/gcc/arm-none-eabi/4.9.3/armv6-m/libgcc.a(muldf3.o)
 .bss           0x20002e04        0x0 /home/brghena/toolchains/gcc-arm-none-eabi-4_9-2014q4/bin/../lib/gcc/arm-none-eabi/4.9.3/armv6-m/libgcc.a(subdf3.o)
 .bss           0x20002e04        0x0 /home/brghena/toolchains/gcc-arm-none-eabi-4_9-2014q4/bin/../lib/gcc/arm-none-eabi/4.9.3/armv6-m/libgcc.a(fixdfsi.o)
 .bss           0x20002e04        0x0 /home/brghena/toolchains/gcc-arm-none-eabi-4_9-2014q4/bin/../lib/gcc/arm-none-eabi/4.9.3/armv6-m/libgcc.a(floatsidf.o)
 .bss           0x20002e04        0x0 /home/brghena/toolchains/gcc-arm-none-eabi-4_9-2014q4/bin/../lib/gcc/arm-none-eabi/4.9.3/armv6-m/libgcc.a(floatunsidf.o)
 .bss           0x20002e04        0x0 /home/brghena/toolchains/gcc-arm-none-eabi-4_9-2014q4/bin/../lib/gcc/arm-none-eabi/4.9.3/armv6-m/libgcc.a(extendsfdf2.o)
 .bss           0x20002e04        0x0 /home/brghena/toolchains/gcc-arm-none-eabi-4_9-2014q4/bin/../lib/gcc/arm-none-eabi/4.9.3/armv6-m/libgcc.a(truncdfsf2.o)
 .bss           0x20002e04        0x0 /home/brghena/toolchains/gcc-arm-none-eabi-4_9-2014q4/bin/../lib/gcc/arm-none-eabi/4.9.3/armv6-m/libgcc.a(_udivsi3.o)
 .bss           0x20002e04        0x0 /home/brghena/toolchains/gcc-arm-none-eabi-4_9-2014q4/bin/../lib/gcc/arm-none-eabi/4.9.3/armv6-m/libgcc.a(_dvmd_tls.o)
 .bss           0x20002e04        0x0 /home/brghena/toolchains/gcc-arm-none-eabi-4_9-2014q4/bin/../lib/gcc/arm-none-eabi/4.9.3/armv6-m/libgcc.a(_clzsi2.o)
 .bss           0x20002e04        0x0 /home/brghena/toolchains/gcc-arm-none-eabi-4_9-2014q4/bin/../lib/gcc/arm-none-eabi/4.9.3/armv6-m/libgcc.a(_muldi3.o)
 .bss           0x20002e04        0x0 /home/brghena/toolchains/gcc-arm-none-eabi-4_9-2014q4/bin/../lib/gcc/arm-none-eabi/4.9.3/armv6-m/libgcc.a(_divdi3.o)
 .bss           0x20002e04        0x0 /home/brghena/toolchains/gcc-arm-none-eabi-4_9-2014q4/bin/../lib/gcc/arm-none-eabi/4.9.3/armv6-m/libgcc.a(_udivdi3.o)
 .bss           0x20002e04        0x0 /home/brghena/toolchains/gcc-arm-none-eabi-4_9-2014q4/bin/../lib/gcc/arm-none-eabi/4.9.3/armv6-m/libgcc.a(_clzdi2.o)
 .bss           0x20002e04        0x0 /home/brghena/toolchains/gcc-arm-none-eabi-4_9-2014q4/bin/../lib/gcc/arm-none-eabi/4.9.3/../../../../arm-none-eabi/lib/armv6-m/libc.a(lib_a-clock.o)
 .bss           0x20002e04        0x0 /home/brghena/toolchains/gcc-arm-none-eabi-4_9-2014q4/bin/../lib/gcc/arm-none-eabi/4.9.3/../../../../arm-none-eabi/lib/armv6-m/libc.a(lib_a-exit.o)
 .bss           0x20002e04        0x0 /home/brghena/toolchains/gcc-arm-none-eabi-4_9-2014q4/bin/../lib/gcc/arm-none-eabi/4.9.3/../../../../arm-none-eabi/lib/armv6-m/libc.a(lib_a-impure.o)
 .bss           0x20002e04        0x0 /home/brghena/toolchains/gcc-arm-none-eabi-4_9-2014q4/bin/../lib/gcc/arm-none-eabi/4.9.3/../../../../arm-none-eabi/lib/armv6-m/libc.a(lib_a-init.o)
 .bss           0x20002e04        0x0 /home/brghena/toolchains/gcc-arm-none-eabi-4_9-2014q4/bin/../lib/gcc/arm-none-eabi/4.9.3/../../../../arm-none-eabi/lib/armv6-m/libc.a(lib_a-memcpy.o)
 .bss           0x20002e04        0x0 /home/brghena/toolchains/gcc-arm-none-eabi-4_9-2014q4/bin/../lib/gcc/arm-none-eabi/4.9.3/../../../../arm-none-eabi/lib/armv6-m/libc.a(lib_a-memset.o)
 .bss           0x20002e04        0x0 /home/brghena/toolchains/gcc-arm-none-eabi-4_9-2014q4/bin/../lib/gcc/arm-none-eabi/4.9.3/../../../../arm-none-eabi/lib/armv6-m/libc.a(lib_a-strlen.o)
 .bss           0x20002e04        0x0 /home/brghena/toolchains/gcc-arm-none-eabi-4_9-2014q4/bin/../lib/gcc/arm-none-eabi/4.9.3/../../../../arm-none-eabi/lib/armv6-m/libc.a(lib_a-strncpy.o)
 .bss           0x20002e04        0x0 /home/brghena/toolchains/gcc-arm-none-eabi-4_9-2014q4/bin/../lib/gcc/arm-none-eabi/4.9.3/../../../../arm-none-eabi/lib/armv6-m/libc.a(lib_a-timesr.o)
 .bss           0x20002e04        0x0 /home/brghena/toolchains/gcc-arm-none-eabi-4_9-2014q4/bin/../lib/gcc/arm-none-eabi/4.9.3/../../../../arm-none-eabi/lib/armv6-m/libc.a(lib_a-__call_atexit.o)
 .bss           0x20002e04        0x0 /home/brghena/toolchains/gcc-arm-none-eabi-4_9-2014q4/bin/../lib/gcc/arm-none-eabi/4.9.3/../../../../arm-none-eabi/lib/armv6-m/libc.a(lib_a-atexit.o)
 .bss           0x20002e04        0x0 /home/brghena/toolchains/gcc-arm-none-eabi-4_9-2014q4/bin/../lib/gcc/arm-none-eabi/4.9.3/../../../../arm-none-eabi/lib/armv6-m/libc.a(lib_a-fini.o)
 .bss           0x20002e04        0x0 /home/brghena/toolchains/gcc-arm-none-eabi-4_9-2014q4/bin/../lib/gcc/arm-none-eabi/4.9.3/../../../../arm-none-eabi/lib/armv6-m/libc.a(lib_a-__atexit.o)
 .bss           0x20002e04        0x0 /home/brghena/toolchains/gcc-arm-none-eabi-4_9-2014q4/bin/../lib/gcc/arm-none-eabi/4.9.3/armv6-m/crtend.o
 .bss           0x20002e04        0x0 /home/brghena/toolchains/gcc-arm-none-eabi-4_9-2014q4/bin/../lib/gcc/arm-none-eabi/4.9.3/armv6-m/crtn.o
 .bss           0x20002e04        0x0 /home/brghena/toolchains/gcc-arm-none-eabi-4_9-2014q4/bin/../lib/gcc/arm-none-eabi/4.9.3/../../../../arm-none-eabi/lib/armv6-m/libm.a(lib_a-w_pow.o)
 .bss           0x20002e04        0x0 /home/brghena/toolchains/gcc-arm-none-eabi-4_9-2014q4/bin/../lib/gcc/arm-none-eabi/4.9.3/../../../../arm-none-eabi/lib/armv6-m/libm.a(lib_a-e_pow.o)
 .bss           0x20002e04        0x0 /home/brghena/toolchains/gcc-arm-none-eabi-4_9-2014q4/bin/../lib/gcc/arm-none-eabi/4.9.3/../../../../arm-none-eabi/lib/armv6-m/libm.a(lib_a-e_sqrt.o)
 .bss           0x20002e04        0x0 /home/brghena/toolchains/gcc-arm-none-eabi-4_9-2014q4/bin/../lib/gcc/arm-none-eabi/4.9.3/../../../../arm-none-eabi/lib/armv6-m/libm.a(lib_a-s_fabs.o)
 .bss           0x20002e04        0x0 /home/brghena/toolchains/gcc-arm-none-eabi-4_9-2014q4/bin/../lib/gcc/arm-none-eabi/4.9.3/../../../../arm-none-eabi/lib/armv6-m/libm.a(lib_a-s_finite.o)
 .bss           0x20002e04        0x0 /home/brghena/toolchains/gcc-arm-none-eabi-4_9-2014q4/bin/../lib/gcc/arm-none-eabi/4.9.3/../../../../arm-none-eabi/lib/armv6-m/libm.a(lib_a-s_fpclassify.o)
 .bss           0x20002e04        0x0 /home/brghena/toolchains/gcc-arm-none-eabi-4_9-2014q4/bin/../lib/gcc/arm-none-eabi/4.9.3/../../../../arm-none-eabi/lib/armv6-m/libm.a(lib_a-s_lib_ver.o)
 .bss           0x20002e04        0x0 /home/brghena/toolchains/gcc-arm-none-eabi-4_9-2014q4/bin/../lib/gcc/arm-none-eabi/4.9.3/../../../../arm-none-eabi/lib/armv6-m/libm.a(lib_a-s_matherr.o)
 .bss           0x20002e04        0x0 /home/brghena/toolchains/gcc-arm-none-eabi-4_9-2014q4/bin/../lib/gcc/arm-none-eabi/4.9.3/../../../../arm-none-eabi/lib/armv6-m/libm.a(lib_a-s_nan.o)
 .bss           0x20002e04        0x0 /home/brghena/toolchains/gcc-arm-none-eabi-4_9-2014q4/bin/../lib/gcc/arm-none-eabi/4.9.3/../../../../arm-none-eabi/lib/armv6-m/libm.a(lib_a-s_rint.o)
 .bss           0x20002e04        0x0 /home/brghena/toolchains/gcc-arm-none-eabi-4_9-2014q4/bin/../lib/gcc/arm-none-eabi/4.9.3/../../../../arm-none-eabi/lib/armv6-m/libm.a(lib_a-s_scalbn.o)
 .bss           0x20002e04        0x0 /home/brghena/toolchains/gcc-arm-none-eabi-4_9-2014q4/bin/../lib/gcc/arm-none-eabi/4.9.3/../../../../arm-none-eabi/lib/armv6-m/libm.a(lib_a-s_copysign.o)
 .bss           0x20002e04        0x0 /home/brghena/toolchains/gcc-arm-none-eabi-4_9-2014q4/bin/../lib/gcc/arm-none-eabi/4.9.3/../../../../arm-none-eabi/lib/armv6-m/libnosys.a(times.o)
 .bss           0x20002e04        0x0 /home/brghena/toolchains/gcc-arm-none-eabi-4_9-2014q4/bin/../lib/gcc/arm-none-eabi/4.9.3/../../../../arm-none-eabi/lib/armv6-m/libnosys.a(_exit.o)
 .bss           0x20002e04        0x0 /home/brghena/toolchains/gcc-arm-none-eabi-4_9-2014q4/bin/../lib/gcc/arm-none-eabi/4.9.3/../../../../arm-none-eabi/lib/armv6-m/libnosys.a(errno.o)
 .bss           0x20002e04        0x0 /home/brghena/toolchains/gcc-arm-none-eabi-4_9-2014q4/bin/../lib/gcc/arm-none-eabi/4.9.3/../../../../arm-none-eabi/lib/armv6-m/libc.a(lib_a-errno.o)
 *(COMMON)
 COMMON         0x20002e04        0x4 /home/brghena/toolchains/gcc-arm-none-eabi-4_9-2014q4/bin/../lib/gcc/arm-none-eabi/4.9.3/../../../../arm-none-eabi/lib/armv6-m/libnosys.a(errno.o)
                0x20002e04                errno
                0x20002e08                __bss_end__ = .

.heap           0x20002e08      0x100
                0x20002e08                __end__ = .
                0x20002e08                end = __end__
 *(.heap*)
 .heap          0x20002e08      0x100 _build/startup_nrf51.os
                0x20002e08                __HeapBase
                0x20002f08                __HeapLimit = .

.stack_dummy    0x20002e08      0xc00
 *(.stack)
 .stack         0x20002e08      0xc00 _build/startup_nrf51.os
                0x20004000                __StackTop = (ORIGIN (RAM) + 0x2000)
                0x20003400                __StackLimit = (__StackTop - SIZEOF (.stack_dummy))
                0x20004000                PROVIDE (__stack, __StackTop)
                0x00000001                ASSERT ((__StackLimit >= __HeapLimit), region RAM overflowed with stack)
OUTPUT(_build/blees_s110.elf elf32-littlearm)

.ARM.attributes
                0x00000000       0x28
 .ARM.attributes
                0x00000000       0x1e /home/brghena/toolchains/gcc-arm-none-eabi-4_9-2014q4/bin/../lib/gcc/arm-none-eabi/4.9.3/armv6-m/crti.o
 .ARM.attributes
                0x0000001e       0x2c /home/brghena/toolchains/gcc-arm-none-eabi-4_9-2014q4/bin/../lib/gcc/arm-none-eabi/4.9.3/armv6-m/crtbegin.o
 .ARM.attributes
                0x0000004a       0x1b /home/brghena/toolchains/gcc-arm-none-eabi-4_9-2014q4/bin/../lib/gcc/arm-none-eabi/4.9.3/../../../../arm-none-eabi/lib/armv6-m/crt0.o
 .ARM.attributes
                0x00000065       0x1b _build/startup_nrf51.os
 .ARM.attributes
                0x00000080       0x31 _build/system_nrf51.o
 .ARM.attributes
                0x000000b1       0x31 _build/ble_ess.o
 .ARM.attributes
                0x000000e2       0x31 _build/main.o
 .ARM.attributes
                0x00000113       0x31 _build/softdevice_handler.o
 .ARM.attributes
                0x00000144       0x31 _build/ble_advdata.o
 .ARM.attributes
                0x00000175       0x31 _build/ble_conn_params.o
 .ARM.attributes
                0x000001a6       0x31 _build/ble_debug_assert_handler.o
 .ARM.attributes
                0x000001d7       0x31 _build/ble_srv_common.o
 .ARM.attributes
                0x00000208       0x31 _build/app_timer.o
 .ARM.attributes
                0x00000239       0x31 _build/app_util_platform.o
 .ARM.attributes
                0x0000026a       0x31 _build/nrf_delay.o
 .ARM.attributes
                0x0000029b       0x31 _build/nrf_drv_common.o
 .ARM.attributes
                0x000002cc       0x31 _build/nrf_drv_gpiote.o
 .ARM.attributes
                0x000002fd       0x31 _build/nrf_drv_twi.o
 .ARM.attributes
                0x0000032e       0x31 _build/led.o
 .ARM.attributes
                0x0000035f       0x31 _build/app_scheduler.o
 .ARM.attributes
                0x00000390       0x31 _build/adxl362.o
 .ARM.attributes
                0x000003c1       0x31 _build/lps331ap.o
 .ARM.attributes
                0x000003f2       0x31 _build/si7021.o
 .ARM.attributes
                0x00000423       0x31 _build/tsl2561.o
 .ARM.attributes
                0x00000454       0x31 _build/spi_driver.o
 .ARM.attributes
                0x00000485       0x31 _build/blees.o
 .ARM.attributes
                0x000004b6       0x1e /home/brghena/toolchains/gcc-arm-none-eabi-4_9-2014q4/bin/../lib/gcc/arm-none-eabi/4.9.3/armv6-m/libgcc.a(_arm_cmpdf2.o)
 .ARM.attributes
                0x000004d4       0x1e /home/brghena/toolchains/gcc-arm-none-eabi-4_9-2014q4/bin/../lib/gcc/arm-none-eabi/4.9.3/armv6-m/libgcc.a(_arm_cmpsf2.o)
 .ARM.attributes
                0x000004f2       0x1e /home/brghena/toolchains/gcc-arm-none-eabi-4_9-2014q4/bin/../lib/gcc/arm-none-eabi/4.9.3/armv6-m/libgcc.a(_aeabi_uldivmod.o)
 .ARM.attributes
                0x00000510       0x2c /home/brghena/toolchains/gcc-arm-none-eabi-4_9-2014q4/bin/../lib/gcc/arm-none-eabi/4.9.3/armv6-m/libgcc.a(_fixunssfsi.o)
 .ARM.attributes
                0x0000053c       0x2c /home/brghena/toolchains/gcc-arm-none-eabi-4_9-2014q4/bin/../lib/gcc/arm-none-eabi/4.9.3/armv6-m/libgcc.a(_fixunsdfsi.o)
 .ARM.attributes
                0x00000568       0x2c /home/brghena/toolchains/gcc-arm-none-eabi-4_9-2014q4/bin/../lib/gcc/arm-none-eabi/4.9.3/armv6-m/libgcc.a(bpabi.o)
 .ARM.attributes
                0x00000594       0x2c /home/brghena/toolchains/gcc-arm-none-eabi-4_9-2014q4/bin/../lib/gcc/arm-none-eabi/4.9.3/armv6-m/libgcc.a(divsf3.o)
 .ARM.attributes
                0x000005c0       0x2c /home/brghena/toolchains/gcc-arm-none-eabi-4_9-2014q4/bin/../lib/gcc/arm-none-eabi/4.9.3/armv6-m/libgcc.a(eqsf2.o)
 .ARM.attributes
                0x000005ec       0x2c /home/brghena/toolchains/gcc-arm-none-eabi-4_9-2014q4/bin/../lib/gcc/arm-none-eabi/4.9.3/armv6-m/libgcc.a(gesf2.o)
 .ARM.attributes
                0x00000618       0x2c /home/brghena/toolchains/gcc-arm-none-eabi-4_9-2014q4/bin/../lib/gcc/arm-none-eabi/4.9.3/armv6-m/libgcc.a(lesf2.o)
 .ARM.attributes
                0x00000644       0x2c /home/brghena/toolchains/gcc-arm-none-eabi-4_9-2014q4/bin/../lib/gcc/arm-none-eabi/4.9.3/armv6-m/libgcc.a(mulsf3.o)
 .ARM.attributes
                0x00000670       0x2c /home/brghena/toolchains/gcc-arm-none-eabi-4_9-2014q4/bin/../lib/gcc/arm-none-eabi/4.9.3/armv6-m/libgcc.a(subsf3.o)
 .ARM.attributes
                0x0000069c       0x2c /home/brghena/toolchains/gcc-arm-none-eabi-4_9-2014q4/bin/../lib/gcc/arm-none-eabi/4.9.3/armv6-m/libgcc.a(fixsfsi.o)
 .ARM.attributes
                0x000006c8       0x2c /home/brghena/toolchains/gcc-arm-none-eabi-4_9-2014q4/bin/../lib/gcc/arm-none-eabi/4.9.3/armv6-m/libgcc.a(floatsisf.o)
 .ARM.attributes
                0x000006f4       0x2c /home/brghena/toolchains/gcc-arm-none-eabi-4_9-2014q4/bin/../lib/gcc/arm-none-eabi/4.9.3/armv6-m/libgcc.a(floatunsisf.o)
 .ARM.attributes
                0x00000720       0x2c /home/brghena/toolchains/gcc-arm-none-eabi-4_9-2014q4/bin/../lib/gcc/arm-none-eabi/4.9.3/armv6-m/libgcc.a(adddf3.o)
 .ARM.attributes
                0x0000074c       0x2c /home/brghena/toolchains/gcc-arm-none-eabi-4_9-2014q4/bin/../lib/gcc/arm-none-eabi/4.9.3/armv6-m/libgcc.a(divdf3.o)
 .ARM.attributes
                0x00000778       0x2c /home/brghena/toolchains/gcc-arm-none-eabi-4_9-2014q4/bin/../lib/gcc/arm-none-eabi/4.9.3/armv6-m/libgcc.a(eqdf2.o)
 .ARM.attributes
                0x000007a4       0x2c /home/brghena/toolchains/gcc-arm-none-eabi-4_9-2014q4/bin/../lib/gcc/arm-none-eabi/4.9.3/armv6-m/libgcc.a(gedf2.o)
 .ARM.attributes
                0x000007d0       0x2c /home/brghena/toolchains/gcc-arm-none-eabi-4_9-2014q4/bin/../lib/gcc/arm-none-eabi/4.9.3/armv6-m/libgcc.a(ledf2.o)
 .ARM.attributes
                0x000007fc       0x2c /home/brghena/toolchains/gcc-arm-none-eabi-4_9-2014q4/bin/../lib/gcc/arm-none-eabi/4.9.3/armv6-m/libgcc.a(muldf3.o)
 .ARM.attributes
                0x00000828       0x2c /home/brghena/toolchains/gcc-arm-none-eabi-4_9-2014q4/bin/../lib/gcc/arm-none-eabi/4.9.3/armv6-m/libgcc.a(subdf3.o)
 .ARM.attributes
                0x00000854       0x2c /home/brghena/toolchains/gcc-arm-none-eabi-4_9-2014q4/bin/../lib/gcc/arm-none-eabi/4.9.3/armv6-m/libgcc.a(fixdfsi.o)
 .ARM.attributes
                0x00000880       0x2c /home/brghena/toolchains/gcc-arm-none-eabi-4_9-2014q4/bin/../lib/gcc/arm-none-eabi/4.9.3/armv6-m/libgcc.a(floatsidf.o)
 .ARM.attributes
                0x000008ac       0x2c /home/brghena/toolchains/gcc-arm-none-eabi-4_9-2014q4/bin/../lib/gcc/arm-none-eabi/4.9.3/armv6-m/libgcc.a(floatunsidf.o)
 .ARM.attributes
                0x000008d8       0x2c /home/brghena/toolchains/gcc-arm-none-eabi-4_9-2014q4/bin/../lib/gcc/arm-none-eabi/4.9.3/armv6-m/libgcc.a(extendsfdf2.o)
 .ARM.attributes
                0x00000904       0x2c /home/brghena/toolchains/gcc-arm-none-eabi-4_9-2014q4/bin/../lib/gcc/arm-none-eabi/4.9.3/armv6-m/libgcc.a(truncdfsf2.o)
 .ARM.attributes
                0x00000930       0x1e /home/brghena/toolchains/gcc-arm-none-eabi-4_9-2014q4/bin/../lib/gcc/arm-none-eabi/4.9.3/armv6-m/libgcc.a(_udivsi3.o)
 .ARM.attributes
                0x0000094e       0x1e /home/brghena/toolchains/gcc-arm-none-eabi-4_9-2014q4/bin/../lib/gcc/arm-none-eabi/4.9.3/armv6-m/libgcc.a(_dvmd_tls.o)
 .ARM.attributes
                0x0000096c       0x1e /home/brghena/toolchains/gcc-arm-none-eabi-4_9-2014q4/bin/../lib/gcc/arm-none-eabi/4.9.3/armv6-m/libgcc.a(_clzsi2.o)
 .ARM.attributes
                0x0000098a       0x2c /home/brghena/toolchains/gcc-arm-none-eabi-4_9-2014q4/bin/../lib/gcc/arm-none-eabi/4.9.3/armv6-m/libgcc.a(_muldi3.o)
 .ARM.attributes
                0x000009b6       0x2c /home/brghena/toolchains/gcc-arm-none-eabi-4_9-2014q4/bin/../lib/gcc/arm-none-eabi/4.9.3/armv6-m/libgcc.a(_divdi3.o)
 .ARM.attributes
                0x000009e2       0x2c /home/brghena/toolchains/gcc-arm-none-eabi-4_9-2014q4/bin/../lib/gcc/arm-none-eabi/4.9.3/armv6-m/libgcc.a(_udivdi3.o)
 .ARM.attributes
                0x00000a0e       0x1e /home/brghena/toolchains/gcc-arm-none-eabi-4_9-2014q4/bin/../lib/gcc/arm-none-eabi/4.9.3/armv6-m/libgcc.a(_clzdi2.o)
 .ARM.attributes
                0x00000a2c       0x2c /home/brghena/toolchains/gcc-arm-none-eabi-4_9-2014q4/bin/../lib/gcc/arm-none-eabi/4.9.3/../../../../arm-none-eabi/lib/armv6-m/libc.a(lib_a-clock.o)
 .ARM.attributes
                0x00000a58       0x2c /home/brghena/toolchains/gcc-arm-none-eabi-4_9-2014q4/bin/../lib/gcc/arm-none-eabi/4.9.3/../../../../arm-none-eabi/lib/armv6-m/libc.a(lib_a-exit.o)
 .ARM.attributes
                0x00000a84       0x2c /home/brghena/toolchains/gcc-arm-none-eabi-4_9-2014q4/bin/../lib/gcc/arm-none-eabi/4.9.3/../../../../arm-none-eabi/lib/armv6-m/libc.a(lib_a-impure.o)
 .ARM.attributes
                0x00000ab0       0x2c /home/brghena/toolchains/gcc-arm-none-eabi-4_9-2014q4/bin/../lib/gcc/arm-none-eabi/4.9.3/../../../../arm-none-eabi/lib/armv6-m/libc.a(lib_a-init.o)
 .ARM.attributes
                0x00000adc       0x2c /home/brghena/toolchains/gcc-arm-none-eabi-4_9-2014q4/bin/../lib/gcc/arm-none-eabi/4.9.3/../../../../arm-none-eabi/lib/armv6-m/libc.a(lib_a-memcpy.o)
 .ARM.attributes
                0x00000b08       0x2c /home/brghena/toolchains/gcc-arm-none-eabi-4_9-2014q4/bin/../lib/gcc/arm-none-eabi/4.9.3/../../../../arm-none-eabi/lib/armv6-m/libc.a(lib_a-memset.o)
 .ARM.attributes
                0x00000b34       0x2c /home/brghena/toolchains/gcc-arm-none-eabi-4_9-2014q4/bin/../lib/gcc/arm-none-eabi/4.9.3/../../../../arm-none-eabi/lib/armv6-m/libc.a(lib_a-strlen.o)
 .ARM.attributes
                0x00000b60       0x2c /home/brghena/toolchains/gcc-arm-none-eabi-4_9-2014q4/bin/../lib/gcc/arm-none-eabi/4.9.3/../../../../arm-none-eabi/lib/armv6-m/libc.a(lib_a-strncpy.o)
 .ARM.attributes
                0x00000b8c       0x2c /home/brghena/toolchains/gcc-arm-none-eabi-4_9-2014q4/bin/../lib/gcc/arm-none-eabi/4.9.3/../../../../arm-none-eabi/lib/armv6-m/libc.a(lib_a-timesr.o)
 .ARM.attributes
                0x00000bb8       0x2c /home/brghena/toolchains/gcc-arm-none-eabi-4_9-2014q4/bin/../lib/gcc/arm-none-eabi/4.9.3/../../../../arm-none-eabi/lib/armv6-m/libc.a(lib_a-__call_atexit.o)
 .ARM.attributes
                0x00000be4       0x2c /home/brghena/toolchains/gcc-arm-none-eabi-4_9-2014q4/bin/../lib/gcc/arm-none-eabi/4.9.3/../../../../arm-none-eabi/lib/armv6-m/libc.a(lib_a-atexit.o)
 .ARM.attributes
                0x00000c10       0x2c /home/brghena/toolchains/gcc-arm-none-eabi-4_9-2014q4/bin/../lib/gcc/arm-none-eabi/4.9.3/../../../../arm-none-eabi/lib/armv6-m/libc.a(lib_a-fini.o)
 .ARM.attributes
                0x00000c3c       0x2c /home/brghena/toolchains/gcc-arm-none-eabi-4_9-2014q4/bin/../lib/gcc/arm-none-eabi/4.9.3/../../../../arm-none-eabi/lib/armv6-m/libc.a(lib_a-__atexit.o)
 .ARM.attributes
                0x00000c68       0x2c /home/brghena/toolchains/gcc-arm-none-eabi-4_9-2014q4/bin/../lib/gcc/arm-none-eabi/4.9.3/armv6-m/crtend.o
 .ARM.attributes
                0x00000c94       0x1e /home/brghena/toolchains/gcc-arm-none-eabi-4_9-2014q4/bin/../lib/gcc/arm-none-eabi/4.9.3/armv6-m/crtn.o
 .ARM.attributes
                0x00000cb2       0x2c /home/brghena/toolchains/gcc-arm-none-eabi-4_9-2014q4/bin/../lib/gcc/arm-none-eabi/4.9.3/../../../../arm-none-eabi/lib/armv6-m/libm.a(lib_a-w_pow.o)
 .ARM.attributes
                0x00000cde       0x2c /home/brghena/toolchains/gcc-arm-none-eabi-4_9-2014q4/bin/../lib/gcc/arm-none-eabi/4.9.3/../../../../arm-none-eabi/lib/armv6-m/libm.a(lib_a-e_pow.o)
 .ARM.attributes
                0x00000d0a       0x2c /home/brghena/toolchains/gcc-arm-none-eabi-4_9-2014q4/bin/../lib/gcc/arm-none-eabi/4.9.3/../../../../arm-none-eabi/lib/armv6-m/libm.a(lib_a-e_sqrt.o)
 .ARM.attributes
                0x00000d36       0x2c /home/brghena/toolchains/gcc-arm-none-eabi-4_9-2014q4/bin/../lib/gcc/arm-none-eabi/4.9.3/../../../../arm-none-eabi/lib/armv6-m/libm.a(lib_a-s_fabs.o)
 .ARM.attributes
                0x00000d62       0x2c /home/brghena/toolchains/gcc-arm-none-eabi-4_9-2014q4/bin/../lib/gcc/arm-none-eabi/4.9.3/../../../../arm-none-eabi/lib/armv6-m/libm.a(lib_a-s_finite.o)
 .ARM.attributes
                0x00000d8e       0x2c /home/brghena/toolchains/gcc-arm-none-eabi-4_9-2014q4/bin/../lib/gcc/arm-none-eabi/4.9.3/../../../../arm-none-eabi/lib/armv6-m/libm.a(lib_a-s_fpclassify.o)
 .ARM.attributes
                0x00000dba       0x2c /home/brghena/toolchains/gcc-arm-none-eabi-4_9-2014q4/bin/../lib/gcc/arm-none-eabi/4.9.3/../../../../arm-none-eabi/lib/armv6-m/libm.a(lib_a-s_lib_ver.o)
 .ARM.attributes
                0x00000de6       0x2c /home/brghena/toolchains/gcc-arm-none-eabi-4_9-2014q4/bin/../lib/gcc/arm-none-eabi/4.9.3/../../../../arm-none-eabi/lib/armv6-m/libm.a(lib_a-s_matherr.o)
 .ARM.attributes
                0x00000e12       0x2c /home/brghena/toolchains/gcc-arm-none-eabi-4_9-2014q4/bin/../lib/gcc/arm-none-eabi/4.9.3/../../../../arm-none-eabi/lib/armv6-m/libm.a(lib_a-s_nan.o)
 .ARM.attributes
                0x00000e3e       0x2c /home/brghena/toolchains/gcc-arm-none-eabi-4_9-2014q4/bin/../lib/gcc/arm-none-eabi/4.9.3/../../../../arm-none-eabi/lib/armv6-m/libm.a(lib_a-s_rint.o)
 .ARM.attributes
                0x00000e6a       0x2c /home/brghena/toolchains/gcc-arm-none-eabi-4_9-2014q4/bin/../lib/gcc/arm-none-eabi/4.9.3/../../../../arm-none-eabi/lib/armv6-m/libm.a(lib_a-s_scalbn.o)
 .ARM.attributes
                0x00000e96       0x2c /home/brghena/toolchains/gcc-arm-none-eabi-4_9-2014q4/bin/../lib/gcc/arm-none-eabi/4.9.3/../../../../arm-none-eabi/lib/armv6-m/libm.a(lib_a-s_copysign.o)
 .ARM.attributes
                0x00000ec2       0x2c /home/brghena/toolchains/gcc-arm-none-eabi-4_9-2014q4/bin/../lib/gcc/arm-none-eabi/4.9.3/../../../../arm-none-eabi/lib/armv6-m/libnosys.a(times.o)
 .ARM.attributes
                0x00000eee       0x2c /home/brghena/toolchains/gcc-arm-none-eabi-4_9-2014q4/bin/../lib/gcc/arm-none-eabi/4.9.3/../../../../arm-none-eabi/lib/armv6-m/libnosys.a(_exit.o)
 .ARM.attributes
                0x00000f1a       0x2c /home/brghena/toolchains/gcc-arm-none-eabi-4_9-2014q4/bin/../lib/gcc/arm-none-eabi/4.9.3/../../../../arm-none-eabi/lib/armv6-m/libnosys.a(errno.o)
 .ARM.attributes
                0x00000f46       0x2c /home/brghena/toolchains/gcc-arm-none-eabi-4_9-2014q4/bin/../lib/gcc/arm-none-eabi/4.9.3/../../../../arm-none-eabi/lib/armv6-m/libc.a(lib_a-errno.o)

.comment        0x00000000       0x70
 .comment       0x00000000       0x70 _build/system_nrf51.o
                                 0x71 (size before relaxing)
 .comment       0x00000000       0x71 _build/ble_ess.o
 .comment       0x00000000       0x71 _build/main.o
 .comment       0x00000000       0x71 _build/softdevice_handler.o
 .comment       0x00000000       0x71 _build/ble_advdata.o
 .comment       0x00000000       0x71 _build/ble_conn_params.o
 .comment       0x00000000       0x71 _build/ble_debug_assert_handler.o
 .comment       0x00000000       0x71 _build/ble_srv_common.o
 .comment       0x00000000       0x71 _build/app_timer.o
 .comment       0x00000000       0x71 _build/app_util_platform.o
 .comment       0x00000000       0x71 _build/nrf_delay.o
 .comment       0x00000000       0x71 _build/nrf_drv_common.o
 .comment       0x00000000       0x71 _build/nrf_drv_gpiote.o
 .comment       0x00000000       0x71 _build/nrf_drv_twi.o
 .comment       0x00000000       0x71 _build/led.o
 .comment       0x00000000       0x71 _build/app_scheduler.o
 .comment       0x00000000       0x71 _build/adxl362.o
 .comment       0x00000000       0x71 _build/lps331ap.o
 .comment       0x00000000       0x71 _build/si7021.o
 .comment       0x00000000       0x71 _build/tsl2561.o
 .comment       0x00000000       0x71 _build/spi_driver.o
 .comment       0x00000000       0x71 _build/blees.o

.debug_frame    0x00000000      0xa08
 .debug_frame   0x00000000       0x28 /home/brghena/toolchains/gcc-arm-none-eabi-4_9-2014q4/bin/../lib/gcc/arm-none-eabi/4.9.3/armv6-m/libgcc.a(_fixunssfsi.o)
 .debug_frame   0x00000028       0x2c /home/brghena/toolchains/gcc-arm-none-eabi-4_9-2014q4/bin/../lib/gcc/arm-none-eabi/4.9.3/armv6-m/libgcc.a(_fixunsdfsi.o)
 .debug_frame   0x00000054       0x50 /home/brghena/toolchains/gcc-arm-none-eabi-4_9-2014q4/bin/../lib/gcc/arm-none-eabi/4.9.3/armv6-m/libgcc.a(bpabi.o)
 .debug_frame   0x000000a4       0x3c /home/brghena/toolchains/gcc-arm-none-eabi-4_9-2014q4/bin/../lib/gcc/arm-none-eabi/4.9.3/armv6-m/libgcc.a(divsf3.o)
 .debug_frame   0x000000e0       0x2c /home/brghena/toolchains/gcc-arm-none-eabi-4_9-2014q4/bin/../lib/gcc/arm-none-eabi/4.9.3/armv6-m/libgcc.a(eqsf2.o)
 .debug_frame   0x0000010c       0x30 /home/brghena/toolchains/gcc-arm-none-eabi-4_9-2014q4/bin/../lib/gcc/arm-none-eabi/4.9.3/armv6-m/libgcc.a(gesf2.o)
 .debug_frame   0x0000013c       0x30 /home/brghena/toolchains/gcc-arm-none-eabi-4_9-2014q4/bin/../lib/gcc/arm-none-eabi/4.9.3/armv6-m/libgcc.a(lesf2.o)
 .debug_frame   0x0000016c       0x3c /home/brghena/toolchains/gcc-arm-none-eabi-4_9-2014q4/bin/../lib/gcc/arm-none-eabi/4.9.3/armv6-m/libgcc.a(mulsf3.o)
 .debug_frame   0x000001a8       0x30 /home/brghena/toolchains/gcc-arm-none-eabi-4_9-2014q4/bin/../lib/gcc/arm-none-eabi/4.9.3/armv6-m/libgcc.a(subsf3.o)
 .debug_frame   0x000001d8       0x20 /home/brghena/toolchains/gcc-arm-none-eabi-4_9-2014q4/bin/../lib/gcc/arm-none-eabi/4.9.3/armv6-m/libgcc.a(fixsfsi.o)
 .debug_frame   0x000001f8       0x2c /home/brghena/toolchains/gcc-arm-none-eabi-4_9-2014q4/bin/../lib/gcc/arm-none-eabi/4.9.3/armv6-m/libgcc.a(floatsisf.o)
 .debug_frame   0x00000224       0x28 /home/brghena/toolchains/gcc-arm-none-eabi-4_9-2014q4/bin/../lib/gcc/arm-none-eabi/4.9.3/armv6-m/libgcc.a(floatunsisf.o)
 .debug_frame   0x0000024c       0x38 /home/brghena/toolchains/gcc-arm-none-eabi-4_9-2014q4/bin/../lib/gcc/arm-none-eabi/4.9.3/armv6-m/libgcc.a(adddf3.o)
 .debug_frame   0x00000284       0x3c /home/brghena/toolchains/gcc-arm-none-eabi-4_9-2014q4/bin/../lib/gcc/arm-none-eabi/4.9.3/armv6-m/libgcc.a(divdf3.o)
 .debug_frame   0x000002c0       0x38 /home/brghena/toolchains/gcc-arm-none-eabi-4_9-2014q4/bin/../lib/gcc/arm-none-eabi/4.9.3/armv6-m/libgcc.a(eqdf2.o)
 .debug_frame   0x000002f8       0x38 /home/brghena/toolchains/gcc-arm-none-eabi-4_9-2014q4/bin/../lib/gcc/arm-none-eabi/4.9.3/armv6-m/libgcc.a(gedf2.o)
 .debug_frame   0x00000330       0x38 /home/brghena/toolchains/gcc-arm-none-eabi-4_9-2014q4/bin/../lib/gcc/arm-none-eabi/4.9.3/armv6-m/libgcc.a(ledf2.o)
 .debug_frame   0x00000368       0x3c /home/brghena/toolchains/gcc-arm-none-eabi-4_9-2014q4/bin/../lib/gcc/arm-none-eabi/4.9.3/armv6-m/libgcc.a(muldf3.o)
 .debug_frame   0x000003a4       0x3c /home/brghena/toolchains/gcc-arm-none-eabi-4_9-2014q4/bin/../lib/gcc/arm-none-eabi/4.9.3/armv6-m/libgcc.a(subdf3.o)
 .debug_frame   0x000003e0       0x2c /home/brghena/toolchains/gcc-arm-none-eabi-4_9-2014q4/bin/../lib/gcc/arm-none-eabi/4.9.3/armv6-m/libgcc.a(fixdfsi.o)
 .debug_frame   0x0000040c       0x2c /home/brghena/toolchains/gcc-arm-none-eabi-4_9-2014q4/bin/../lib/gcc/arm-none-eabi/4.9.3/armv6-m/libgcc.a(floatsidf.o)
 .debug_frame   0x00000438       0x28 /home/brghena/toolchains/gcc-arm-none-eabi-4_9-2014q4/bin/../lib/gcc/arm-none-eabi/4.9.3/armv6-m/libgcc.a(floatunsidf.o)
 .debug_frame   0x00000460       0x2c /home/brghena/toolchains/gcc-arm-none-eabi-4_9-2014q4/bin/../lib/gcc/arm-none-eabi/4.9.3/armv6-m/libgcc.a(extendsfdf2.o)
 .debug_frame   0x0000048c       0x2c /home/brghena/toolchains/gcc-arm-none-eabi-4_9-2014q4/bin/../lib/gcc/arm-none-eabi/4.9.3/armv6-m/libgcc.a(truncdfsf2.o)
 .debug_frame   0x000004b8       0x20 /home/brghena/toolchains/gcc-arm-none-eabi-4_9-2014q4/bin/../lib/gcc/arm-none-eabi/4.9.3/armv6-m/libgcc.a(_udivsi3.o)
 .debug_frame   0x000004d8       0x34 /home/brghena/toolchains/gcc-arm-none-eabi-4_9-2014q4/bin/../lib/gcc/arm-none-eabi/4.9.3/armv6-m/libgcc.a(_muldi3.o)
 .debug_frame   0x0000050c       0x3c /home/brghena/toolchains/gcc-arm-none-eabi-4_9-2014q4/bin/../lib/gcc/arm-none-eabi/4.9.3/armv6-m/libgcc.a(_divdi3.o)
 .debug_frame   0x00000548       0x3c /home/brghena/toolchains/gcc-arm-none-eabi-4_9-2014q4/bin/../lib/gcc/arm-none-eabi/4.9.3/armv6-m/libgcc.a(_udivdi3.o)
 .debug_frame   0x00000584       0x28 /home/brghena/toolchains/gcc-arm-none-eabi-4_9-2014q4/bin/../lib/gcc/arm-none-eabi/4.9.3/../../../../arm-none-eabi/lib/armv6-m/libc.a(lib_a-clock.o)
 .debug_frame   0x000005ac       0x28 /home/brghena/toolchains/gcc-arm-none-eabi-4_9-2014q4/bin/../lib/gcc/arm-none-eabi/4.9.3/../../../../arm-none-eabi/lib/armv6-m/libc.a(lib_a-exit.o)
 .debug_frame   0x000005d4       0x2c /home/brghena/toolchains/gcc-arm-none-eabi-4_9-2014q4/bin/../lib/gcc/arm-none-eabi/4.9.3/../../../../arm-none-eabi/lib/armv6-m/libc.a(lib_a-init.o)
 .debug_frame   0x00000600       0x2c /home/brghena/toolchains/gcc-arm-none-eabi-4_9-2014q4/bin/../lib/gcc/arm-none-eabi/4.9.3/../../../../arm-none-eabi/lib/armv6-m/libc.a(lib_a-memcpy.o)
 .debug_frame   0x0000062c       0x2c /home/brghena/toolchains/gcc-arm-none-eabi-4_9-2014q4/bin/../lib/gcc/arm-none-eabi/4.9.3/../../../../arm-none-eabi/lib/armv6-m/libc.a(lib_a-memset.o)
 .debug_frame   0x00000658       0x28 /home/brghena/toolchains/gcc-arm-none-eabi-4_9-2014q4/bin/../lib/gcc/arm-none-eabi/4.9.3/../../../../arm-none-eabi/lib/armv6-m/libc.a(lib_a-strlen.o)
 .debug_frame   0x00000680       0x2c /home/brghena/toolchains/gcc-arm-none-eabi-4_9-2014q4/bin/../lib/gcc/arm-none-eabi/4.9.3/../../../../arm-none-eabi/lib/armv6-m/libc.a(lib_a-strncpy.o)