Archive member included because of file (symbol)

/home/brghena/toolchains/gcc-arm-none-eabi-4_9-2015q3/bin/../lib/gcc/arm-none-eabi/4.9.3/../../../../arm-none-eabi/lib/armv6-m/libc.a(lib_a-exit.o)
                              /home/brghena/toolchains/gcc-arm-none-eabi-4_9-2015q3/bin/../lib/gcc/arm-none-eabi/4.9.3/../../../../arm-none-eabi/lib/armv6-m/crt0.o (exit)
/home/brghena/toolchains/gcc-arm-none-eabi-4_9-2015q3/bin/../lib/gcc/arm-none-eabi/4.9.3/../../../../arm-none-eabi/lib/armv6-m/libc.a(lib_a-impure.o)
                              /home/brghena/toolchains/gcc-arm-none-eabi-4_9-2015q3/bin/../lib/gcc/arm-none-eabi/4.9.3/../../../../arm-none-eabi/lib/armv6-m/libc.a(lib_a-exit.o) (_global_impure_ptr)
/home/brghena/toolchains/gcc-arm-none-eabi-4_9-2015q3/bin/../lib/gcc/arm-none-eabi/4.9.3/../../../../arm-none-eabi/lib/armv6-m/libc.a(lib_a-init.o)
                              /home/brghena/toolchains/gcc-arm-none-eabi-4_9-2015q3/bin/../lib/gcc/arm-none-eabi/4.9.3/../../../../arm-none-eabi/lib/armv6-m/crt0.o (__libc_init_array)
/home/brghena/toolchains/gcc-arm-none-eabi-4_9-2015q3/bin/../lib/gcc/arm-none-eabi/4.9.3/../../../../arm-none-eabi/lib/armv6-m/libc.a(lib_a-memcpy.o)
                              _build/main.o (memcpy)
/home/brghena/toolchains/gcc-arm-none-eabi-4_9-2015q3/bin/../lib/gcc/arm-none-eabi/4.9.3/../../../../arm-none-eabi/lib/armv6-m/libc.a(lib_a-memset.o)
                              /home/brghena/toolchains/gcc-arm-none-eabi-4_9-2015q3/bin/../lib/gcc/arm-none-eabi/4.9.3/../../../../arm-none-eabi/lib/armv6-m/crt0.o (memset)
/home/brghena/toolchains/gcc-arm-none-eabi-4_9-2015q3/bin/../lib/gcc/arm-none-eabi/4.9.3/../../../../arm-none-eabi/lib/armv6-m/libc.a(lib_a-strlen.o)
                              _build/ble_srv_common.o (strlen)
/home/brghena/toolchains/gcc-arm-none-eabi-4_9-2015q3/bin/../lib/gcc/arm-none-eabi/4.9.3/../../../../arm-none-eabi/lib/armv6-m/libc.a(lib_a-__call_atexit.o)
                              /home/brghena/toolchains/gcc-arm-none-eabi-4_9-2015q3/bin/../lib/gcc/arm-none-eabi/4.9.3/../../../../arm-none-eabi/lib/armv6-m/libc.a(lib_a-exit.o) (__call_exitprocs)
/home/brghena/toolchains/gcc-arm-none-eabi-4_9-2015q3/bin/../lib/gcc/arm-none-eabi/4.9.3/../../../../arm-none-eabi/lib/armv6-m/libc.a(lib_a-atexit.o)
                              /home/brghena/toolchains/gcc-arm-none-eabi-4_9-2015q3/bin/../lib/gcc/arm-none-eabi/4.9.3/../../../../arm-none-eabi/lib/armv6-m/libc.a(lib_a-__call_atexit.o) (atexit)
/home/brghena/toolchains/gcc-arm-none-eabi-4_9-2015q3/bin/../lib/gcc/arm-none-eabi/4.9.3/../../../../arm-none-eabi/lib/armv6-m/libc.a(lib_a-fini.o)
                              /home/brghena/toolchains/gcc-arm-none-eabi-4_9-2015q3/bin/../lib/gcc/arm-none-eabi/4.9.3/../../../../arm-none-eabi/lib/armv6-m/libc.a(lib_a-__call_atexit.o) (__libc_fini_array)
/home/brghena/toolchains/gcc-arm-none-eabi-4_9-2015q3/bin/../lib/gcc/arm-none-eabi/4.9.3/../../../../arm-none-eabi/lib/armv6-m/libc.a(lib_a-__atexit.o)
                              /home/brghena/toolchains/gcc-arm-none-eabi-4_9-2015q3/bin/../lib/gcc/arm-none-eabi/4.9.3/../../../../arm-none-eabi/lib/armv6-m/libc.a(lib_a-atexit.o) (__register_exitproc)
/home/brghena/toolchains/gcc-arm-none-eabi-4_9-2015q3/bin/../lib/gcc/arm-none-eabi/4.9.3/../../../../arm-none-eabi/lib/armv6-m/libnosys.a(_exit.o)
                              /home/brghena/toolchains/gcc-arm-none-eabi-4_9-2015q3/bin/../lib/gcc/arm-none-eabi/4.9.3/../../../../arm-none-eabi/lib/armv6-m/libc.a(lib_a-exit.o) (_exit)

Allocating common symbols
Common symbol       size              file

response            0x100             _build/tripoint_interface.o
simple_ble_app      0x4               _build/main.o
tritag_uuid         0x4               _build/main.o
_ble_address        0x6               _build/main.o
dataBlob            0x100             _build/main.o
m_adv_params        0x18              _build/simple_ble.o
blobLen             0x4               _build/main.o
app                 0x2               _build/simple_ble.o

Discarded input sections

 .text          0x00000000        0x0 /home/brghena/toolchains/gcc-arm-none-eabi-4_9-2015q3/bin/../lib/gcc/arm-none-eabi/4.9.3/armv6-m/crti.o
 .data          0x00000000        0x0 /home/brghena/toolchains/gcc-arm-none-eabi-4_9-2015q3/bin/../lib/gcc/arm-none-eabi/4.9.3/armv6-m/crti.o
 .bss           0x00000000        0x0 /home/brghena/toolchains/gcc-arm-none-eabi-4_9-2015q3/bin/../lib/gcc/arm-none-eabi/4.9.3/armv6-m/crti.o
 .text          0x00000000       0x60 /home/brghena/toolchains/gcc-arm-none-eabi-4_9-2015q3/bin/../lib/gcc/arm-none-eabi/4.9.3/armv6-m/crtbegin.o
 .data          0x00000000        0x4 /home/brghena/toolchains/gcc-arm-none-eabi-4_9-2015q3/bin/../lib/gcc/arm-none-eabi/4.9.3/armv6-m/crtbegin.o
 .bss           0x00000000       0x1c /home/brghena/toolchains/gcc-arm-none-eabi-4_9-2015q3/bin/../lib/gcc/arm-none-eabi/4.9.3/armv6-m/crtbegin.o
 .init_array    0x00000000        0x4 /home/brghena/toolchains/gcc-arm-none-eabi-4_9-2015q3/bin/../lib/gcc/arm-none-eabi/4.9.3/armv6-m/crtbegin.o
 .fini_array    0x00000000        0x4 /home/brghena/toolchains/gcc-arm-none-eabi-4_9-2015q3/bin/../lib/gcc/arm-none-eabi/4.9.3/armv6-m/crtbegin.o
 .jcr           0x00000000        0x0 /home/brghena/toolchains/gcc-arm-none-eabi-4_9-2015q3/bin/../lib/gcc/arm-none-eabi/4.9.3/armv6-m/crtbegin.o
 .data          0x00000000        0x0 /home/brghena/toolchains/gcc-arm-none-eabi-4_9-2015q3/bin/../lib/gcc/arm-none-eabi/4.9.3/../../../../arm-none-eabi/lib/armv6-m/crt0.o
 .bss           0x00000000        0x0 /home/brghena/toolchains/gcc-arm-none-eabi-4_9-2015q3/bin/../lib/gcc/arm-none-eabi/4.9.3/../../../../arm-none-eabi/lib/armv6-m/crt0.o
 .ARM.extab     0x00000000        0x0 /home/brghena/toolchains/gcc-arm-none-eabi-4_9-2015q3/bin/../lib/gcc/arm-none-eabi/4.9.3/../../../../arm-none-eabi/lib/armv6-m/crt0.o
 .data          0x00000000        0x0 _build/startup_nrf51.os
 .bss           0x00000000        0x0 _build/startup_nrf51.os
 .text          0x00000000        0x0 _build/system_nrf51.o
 .data          0x00000000        0x0 _build/system_nrf51.o
 .bss           0x00000000        0x0 _build/system_nrf51.o
 .text.SystemCoreClockUpdate
                0x00000000       0x10 _build/system_nrf51.o
 .data.SystemCoreClock
                0x00000000        0x4 _build/system_nrf51.o
 .text          0x00000000        0x0 _build/main.o
 .data          0x00000000        0x0 _build/main.o
 .bss           0x00000000        0x0 _build/main.o
 .text          0x00000000        0x0 _build/softdevice_handler.o
 .data          0x00000000        0x0 _build/softdevice_handler.o
 .bss           0x00000000        0x0 _build/softdevice_handler.o
 .text.sd_softdevice_disable
                0x00000000        0x4 _build/softdevice_handler.o
 .text.softdevice_handler_sd_disable
                0x00000000       0x18 _build/softdevice_handler.o
 .text          0x00000000        0x0 _build/ble_advdata.o
 .data          0x00000000        0x0 _build/ble_advdata.o
 .bss           0x00000000        0x0 _build/ble_advdata.o
 .text          0x00000000        0x0 _build/ble_conn_params.o
 .data          0x00000000        0x0 _build/ble_conn_params.o
 .bss           0x00000000        0x0 _build/ble_conn_params.o
 .text.sd_ble_gap_conn_param_update
                0x00000000        0x4 _build/ble_conn_params.o
 .text.sd_ble_gap_disconnect
                0x00000000        0x4 _build/ble_conn_params.o
 .text.sd_ble_gap_ppcp_set
                0x00000000        0x4 _build/ble_conn_params.o
 .text.sd_ble_gap_ppcp_get
                0x00000000        0x4 _build/ble_conn_params.o
 .text.update_timeout_handler
                0x00000000       0x74 _build/ble_conn_params.o
 .text.ble_conn_params_init
                0x00000000       0x70 _build/ble_conn_params.o
 .text.ble_conn_params_stop
                0x00000000       0x10 _build/ble_conn_params.o
 .text.ble_conn_params_change_conn_params
                0x00000000       0x6c _build/ble_conn_params.o
 .text          0x00000000        0x0 _build/app_timer.o
 .data          0x00000000        0x0 _build/app_timer.o
 .bss           0x00000000        0x0 _build/app_timer.o
 .text.app_timer_stop_all
                0x00000000       0x4c _build/app_timer.o
 .text.app_timer_cnt_get
                0x00000000       0x14 _build/app_timer.o
 .text.app_timer_cnt_diff_compute
                0x00000000        0xc _build/app_timer.o
 .text          0x00000000        0x0 _build/ble_srv_common.o
 .data          0x00000000        0x0 _build/ble_srv_common.o
 .bss           0x00000000        0x0 _build/ble_srv_common.o
 .text.sd_ble_gatts_characteristic_add
                0x00000000        0x4 _build/ble_srv_common.o
 .text.set_security_req
                0x00000000       0x28 _build/ble_srv_common.o
 .text.ble_srv_report_ref_encode
                0x00000000        0xc _build/ble_srv_common.o
 .text.ble_srv_ascii_to_utf8
                0x00000000       0x12 _build/ble_srv_common.o
 .text.characteristic_add
                0x00000000       0xd0 _build/ble_srv_common.o
 .rodata.CSWTCH.7
                0x00000000        0x5 _build/ble_srv_common.o
 .rodata.CSWTCH.8
                0x00000000        0x5 _build/ble_srv_common.o
 .comment       0x00000000       0x71 _build/ble_srv_common.o
 .ARM.attributes
                0x00000000       0x31 _build/ble_srv_common.o
 .text          0x00000000        0x0 _build/nrf_drv_twi.o
 .data          0x00000000        0x0 _build/nrf_drv_twi.o
 .bss           0x00000000        0x0 _build/nrf_drv_twi.o
 .text.nrf_drv_twi_disable
                0x00000000       0x28 _build/nrf_drv_twi.o
 .text.nrf_drv_twi_uninit
                0x00000000       0x4c _build/nrf_drv_twi.o
 .text.nrf_data_count_get
                0x00000000       0x14 _build/nrf_drv_twi.o
 .text          0x00000000        0x0 _build/app_util_platform.o
 .data          0x00000000        0x0 _build/app_util_platform.o
 .bss           0x00000000        0x0 _build/app_util_platform.o
 .text          0x00000000        0x0 _build/nrf_drv_common.o
 .data          0x00000000        0x0 _build/nrf_drv_common.o
 .bss           0x00000000        0x0 _build/nrf_drv_common.o
 .text          0x00000000        0x0 _build/nrf_drv_gpiote.o
 .data          0x00000000        0x0 _build/nrf_drv_gpiote.o
 .bss           0x00000000        0x0 _build/nrf_drv_gpiote.o
 .text.nrf_drv_gpiote_is_init
                0x00000000       0x14 _build/nrf_drv_gpiote.o
 .text.nrf_drv_gpiote_out_init
                0x00000000       0xb0 _build/nrf_drv_gpiote.o
 .text.nrf_drv_gpiote_out_uninit
                0x00000000       0x30 _build/nrf_drv_gpiote.o
 .text.nrf_drv_gpiote_out_set
                0x00000000       0x12 _build/nrf_drv_gpiote.o
 .text.nrf_drv_gpiote_out_clear
                0x00000000       0x14 _build/nrf_drv_gpiote.o
 .text.nrf_drv_gpiote_out_toggle
                0x00000000       0x2c _build/nrf_drv_gpiote.o
 .text.nrf_drv_gpiote_out_task_enable
                0x00000000       0x38 _build/nrf_drv_gpiote.o
 .text.nrf_drv_gpiote_out_task_disable
                0x00000000       0x24 _build/nrf_drv_gpiote.o
 .text.nrf_drv_gpiote_out_task_addr_get
                0x00000000       0x1c _build/nrf_drv_gpiote.o
 .text.nrf_drv_gpiote_out_task_force
                0x00000000       0x38 _build/nrf_drv_gpiote.o
 .text.nrf_drv_gpiote_out_task_trigger
                0x00000000       0x20 _build/nrf_drv_gpiote.o
 .text.nrf_drv_gpiote_in_event_disable
                0x00000000       0x50 _build/nrf_drv_gpiote.o
 .text.nrf_drv_gpiote_in_uninit
                0x00000000       0x48 _build/nrf_drv_gpiote.o
 .text.nrf_drv_gpiote_uninit
                0x00000000       0x38 _build/nrf_drv_gpiote.o
 .text.nrf_drv_gpiote_in_is_set
                0x00000000       0x14 _build/nrf_drv_gpiote.o
 .text.nrf_drv_gpiote_in_event_addr_get
                0x00000000       0x1c _build/nrf_drv_gpiote.o
 .text          0x00000000        0x0 _build/nrf_delay.o
 .data          0x00000000        0x0 _build/nrf_delay.o
 .bss           0x00000000        0x0 _build/nrf_delay.o
 .text.nrf_delay_ms
                0x00000000       0x38 _build/nrf_delay.o
 .comment       0x00000000       0x71 _build/nrf_delay.o
 .ARM.attributes
                0x00000000       0x31 _build/nrf_delay.o
 .text          0x00000000        0x0 _build/led.o
 .data          0x00000000        0x0 _build/led.o
 .bss           0x00000000        0x0 _build/led.o
 .text.led_toggle
                0x00000000       0x2c _build/led.o
 .text          0x00000000        0x0 _build/simple_ble.o
 .data          0x00000000        0x0 _build/simple_ble.o
 .bss           0x00000000        0x0 _build/simple_ble.o
 .text.services_init
                0x00000000        0x2 _build/simple_ble.o
 .text          0x00000000        0x0 _build/eddystone.o
 .data          0x00000000        0x0 _build/eddystone.o
 .bss           0x00000000        0x0 _build/eddystone.o
 .text          0x00000000        0x0 _build/tripoint_interface.o
 .data          0x00000000        0x0 _build/tripoint_interface.o
 .bss           0x00000000        0x0 _build/tripoint_interface.o
 .text.tripoint_start_anchor
                0x00000000       0x20 _build/tripoint_interface.o
 .text.tripoint_get_calibration
                0x00000000       0x38 _build/tripoint_interface.o
 .text          0x00000000        0x0 _build/tritag.o
 .data          0x00000000        0x0 _build/tritag.o
 .bss           0x00000000        0x0 _build/tritag.o
 .comment       0x00000000       0x71 _build/tritag.o
 .ARM.attributes
                0x00000000       0x31 _build/tritag.o
 .text          0x00000000        0x0 /home/brghena/toolchains/gcc-arm-none-eabi-4_9-2015q3/bin/../lib/gcc/arm-none-eabi/4.9.3/../../../../arm-none-eabi/lib/armv6-m/libc.a(lib_a-exit.o)
 .data          0x00000000        0x0 /home/brghena/toolchains/gcc-arm-none-eabi-4_9-2015q3/bin/../lib/gcc/arm-none-eabi/4.9.3/../../../../arm-none-eabi/lib/armv6-m/libc.a(lib_a-exit.o)
 .bss           0x00000000        0x0 /home/brghena/toolchains/gcc-arm-none-eabi-4_9-2015q3/bin/../lib/gcc/arm-none-eabi/4.9.3/../../../../arm-none-eabi/lib/armv6-m/libc.a(lib_a-exit.o)
 .text          0x00000000        0x0 /home/brghena/toolchains/gcc-arm-none-eabi-4_9-2015q3/bin/../lib/gcc/arm-none-eabi/4.9.3/../../../../arm-none-eabi/lib/armv6-m/libc.a(lib_a-impure.o)
 .data          0x00000000        0x0 /home/brghena/toolchains/gcc-arm-none-eabi-4_9-2015q3/bin/../lib/gcc/arm-none-eabi/4.9.3/../../../../arm-none-eabi/lib/armv6-m/libc.a(lib_a-impure.o)
 .bss           0x00000000        0x0 /home/brghena/toolchains/gcc-arm-none-eabi-4_9-2015q3/bin/../lib/gcc/arm-none-eabi/4.9.3/../../../../arm-none-eabi/lib/armv6-m/libc.a(lib_a-impure.o)
 .data._impure_ptr
                0x00000000        0x4 /home/brghena/toolchains/gcc-arm-none-eabi-4_9-2015q3/bin/../lib/gcc/arm-none-eabi/4.9.3/../../../../arm-none-eabi/lib/armv6-m/libc.a(lib_a-impure.o)
 .text          0x00000000        0x0 /home/brghena/toolchains/gcc-arm-none-eabi-4_9-2015q3/bin/../lib/gcc/arm-none-eabi/4.9.3/../../../../arm-none-eabi/lib/armv6-m/libc.a(lib_a-init.o)
 .data          0x00000000        0x0 /home/brghena/toolchains/gcc-arm-none-eabi-4_9-2015q3/bin/../lib/gcc/arm-none-eabi/4.9.3/../../../../arm-none-eabi/lib/armv6-m/libc.a(lib_a-init.o)
 .bss           0x00000000        0x0 /home/brghena/toolchains/gcc-arm-none-eabi-4_9-2015q3/bin/../lib/gcc/arm-none-eabi/4.9.3/../../../../arm-none-eabi/lib/armv6-m/libc.a(lib_a-init.o)
 .text          0x00000000        0x0 /home/brghena/toolchains/gcc-arm-none-eabi-4_9-2015q3/bin/../lib/gcc/arm-none-eabi/4.9.3/../../../../arm-none-eabi/lib/armv6-m/libc.a(lib_a-memcpy.o)
 .data          0x00000000        0x0 /home/brghena/toolchains/gcc-arm-none-eabi-4_9-2015q3/bin/../lib/gcc/arm-none-eabi/4.9.3/../../../../arm-none-eabi/lib/armv6-m/libc.a(lib_a-memcpy.o)
 .bss           0x00000000        0x0 /home/brghena/toolchains/gcc-arm-none-eabi-4_9-2015q3/bin/../lib/gcc/arm-none-eabi/4.9.3/../../../../arm-none-eabi/lib/armv6-m/libc.a(lib_a-memcpy.o)
 .text          0x00000000        0x0 /home/brghena/toolchains/gcc-arm-none-eabi-4_9-2015q3/bin/../lib/gcc/arm-none-eabi/4.9.3/../../../../arm-none-eabi/lib/armv6-m/libc.a(lib_a-memset.o)
 .data          0x00000000        0x0 /home/brghena/toolchains/gcc-arm-none-eabi-4_9-2015q3/bin/../lib/gcc/arm-none-eabi/4.9.3/../../../../arm-none-eabi/lib/armv6-m/libc.a(lib_a-memset.o)
 .bss           0x00000000        0x0 /home/brghena/toolchains/gcc-arm-none-eabi-4_9-2015q3/bin/../lib/gcc/arm-none-eabi/4.9.3/../../../../arm-none-eabi/lib/armv6-m/libc.a(lib_a-memset.o)
 .text          0x00000000        0x0 /home/brghena/toolchains/gcc-arm-none-eabi-4_9-2015q3/bin/../lib/gcc/arm-none-eabi/4.9.3/../../../../arm-none-eabi/lib/armv6-m/libc.a(lib_a-strlen.o)
 .data          0x00000000        0x0 /home/brghena/toolchains/gcc-arm-none-eabi-4_9-2015q3/bin/../lib/gcc/arm-none-eabi/4.9.3/../../../../arm-none-eabi/lib/armv6-m/libc.a(lib_a-strlen.o)
 .bss           0x00000000        0x0 /home/brghena/toolchains/gcc-arm-none-eabi-4_9-2015q3/bin/../lib/gcc/arm-none-eabi/4.9.3/../../../../arm-none-eabi/lib/armv6-m/libc.a(lib_a-strlen.o)
 .text          0x00000000        0x0 /home/brghena/toolchains/gcc-arm-none-eabi-4_9-2015q3/bin/../lib/gcc/arm-none-eabi/4.9.3/../../../../arm-none-eabi/lib/armv6-m/libc.a(lib_a-__call_atexit.o)
 .data          0x00000000        0x0 /home/brghena/toolchains/gcc-arm-none-eabi-4_9-2015q3/bin/../lib/gcc/arm-none-eabi/4.9.3/../../../../arm-none-eabi/lib/armv6-m/libc.a(lib_a-__call_atexit.o)
 .bss           0x00000000        0x0 /home/brghena/toolchains/gcc-arm-none-eabi-4_9-2015q3/bin/../lib/gcc/arm-none-eabi/4.9.3/../../../../arm-none-eabi/lib/armv6-m/libc.a(lib_a-__call_atexit.o)
 .text.startup.register_fini
                0x00000000       0x18 /home/brghena/toolchains/gcc-arm-none-eabi-4_9-2015q3/bin/../lib/gcc/arm-none-eabi/4.9.3/../../../../arm-none-eabi/lib/armv6-m/libc.a(lib_a-__call_atexit.o)
 .init_array.00000
                0x00000000        0x4 /home/brghena/toolchains/gcc-arm-none-eabi-4_9-2015q3/bin/../lib/gcc/arm-none-eabi/4.9.3/../../../../arm-none-eabi/lib/armv6-m/libc.a(lib_a-__call_atexit.o)
 .text          0x00000000        0x0 /home/brghena/toolchains/gcc-arm-none-eabi-4_9-2015q3/bin/../lib/gcc/arm-none-eabi/4.9.3/../../../../arm-none-eabi/lib/armv6-m/libc.a(lib_a-atexit.o)
 .data          0x00000000        0x0 /home/brghena/toolchains/gcc-arm-none-eabi-4_9-2015q3/bin/../lib/gcc/arm-none-eabi/4.9.3/../../../../arm-none-eabi/lib/armv6-m/libc.a(lib_a-atexit.o)
 .bss           0x00000000        0x0 /home/brghena/toolchains/gcc-arm-none-eabi-4_9-2015q3/bin/../lib/gcc/arm-none-eabi/4.9.3/../../../../arm-none-eabi/lib/armv6-m/libc.a(lib_a-atexit.o)
 .text          0x00000000        0x0 /home/brghena/toolchains/gcc-arm-none-eabi-4_9-2015q3/bin/../lib/gcc/arm-none-eabi/4.9.3/../../../../arm-none-eabi/lib/armv6-m/libc.a(lib_a-fini.o)
 .data          0x00000000        0x0 /home/brghena/toolchains/gcc-arm-none-eabi-4_9-2015q3/bin/../lib/gcc/arm-none-eabi/4.9.3/../../../../arm-none-eabi/lib/armv6-m/libc.a(lib_a-fini.o)
 .bss           0x00000000        0x0 /home/brghena/toolchains/gcc-arm-none-eabi-4_9-2015q3/bin/../lib/gcc/arm-none-eabi/4.9.3/../../../../arm-none-eabi/lib/armv6-m/libc.a(lib_a-fini.o)
 .text          0x00000000        0x0 /home/brghena/toolchains/gcc-arm-none-eabi-4_9-2015q3/bin/../lib/gcc/arm-none-eabi/4.9.3/../../../../arm-none-eabi/lib/armv6-m/libc.a(lib_a-__atexit.o)
 .data          0x00000000        0x0 /home/brghena/toolchains/gcc-arm-none-eabi-4_9-2015q3/bin/../lib/gcc/arm-none-eabi/4.9.3/../../../../arm-none-eabi/lib/armv6-m/libc.a(lib_a-__atexit.o)
 .bss           0x00000000        0x0 /home/brghena/toolchains/gcc-arm-none-eabi-4_9-2015q3/bin/../lib/gcc/arm-none-eabi/4.9.3/../../../../arm-none-eabi/lib/armv6-m/libc.a(lib_a-__atexit.o)
 .text          0x00000000        0x0 /home/brghena/toolchains/gcc-arm-none-eabi-4_9-2015q3/bin/../lib/gcc/arm-none-eabi/4.9.3/armv6-m/crtend.o
 .data          0x00000000        0x0 /home/brghena/toolchains/gcc-arm-none-eabi-4_9-2015q3/bin/../lib/gcc/arm-none-eabi/4.9.3/armv6-m/crtend.o
 .bss           0x00000000        0x0 /home/brghena/toolchains/gcc-arm-none-eabi-4_9-2015q3/bin/../lib/gcc/arm-none-eabi/4.9.3/armv6-m/crtend.o
 .jcr           0x00000000        0x4 /home/brghena/toolchains/gcc-arm-none-eabi-4_9-2015q3/bin/../lib/gcc/arm-none-eabi/4.9.3/armv6-m/crtend.o
 .text          0x00000000        0x0 /home/brghena/toolchains/gcc-arm-none-eabi-4_9-2015q3/bin/../lib/gcc/arm-none-eabi/4.9.3/armv6-m/crtn.o
 .data          0x00000000        0x0 /home/brghena/toolchains/gcc-arm-none-eabi-4_9-2015q3/bin/../lib/gcc/arm-none-eabi/4.9.3/armv6-m/crtn.o
 .bss           0x00000000        0x0 /home/brghena/toolchains/gcc-arm-none-eabi-4_9-2015q3/bin/../lib/gcc/arm-none-eabi/4.9.3/armv6-m/crtn.o
 .text          0x00000000        0x0 /home/brghena/toolchains/gcc-arm-none-eabi-4_9-2015q3/bin/../lib/gcc/arm-none-eabi/4.9.3/../../../../arm-none-eabi/lib/armv6-m/libnosys.a(_exit.o)
 .data          0x00000000        0x0 /home/brghena/toolchains/gcc-arm-none-eabi-4_9-2015q3/bin/../lib/gcc/arm-none-eabi/4.9.3/../../../../arm-none-eabi/lib/armv6-m/libnosys.a(_exit.o)
 .bss           0x00000000        0x0 /home/brghena/toolchains/gcc-arm-none-eabi-4_9-2015q3/bin/../lib/gcc/arm-none-eabi/4.9.3/../../../../arm-none-eabi/lib/armv6-m/libnosys.a(_exit.o)

Memory Configuration

Name             Origin             Length             Attributes
FLASH            0x00018000         0x00028000         xr
RAM              0x20002000         0x00002000         xrw
*default*        0x00000000         0xffffffff

Linker script and memory map

LOAD /home/brghena/toolchains/gcc-arm-none-eabi-4_9-2015q3/bin/../lib/gcc/arm-none-eabi/4.9.3/armv6-m/crti.o
LOAD /home/brghena/toolchains/gcc-arm-none-eabi-4_9-2015q3/bin/../lib/gcc/arm-none-eabi/4.9.3/armv6-m/crtbegin.o
LOAD /home/brghena/toolchains/gcc-arm-none-eabi-4_9-2015q3/bin/../lib/gcc/arm-none-eabi/4.9.3/../../../../arm-none-eabi/lib/armv6-m/crt0.o
LOAD _build/startup_nrf51.os
LOAD _build/system_nrf51.o
LOAD _build/main.o
LOAD _build/softdevice_handler.o
LOAD _build/ble_advdata.o
LOAD _build/ble_conn_params.o
LOAD _build/app_timer.o
LOAD _build/ble_srv_common.o
LOAD _build/nrf_drv_twi.o
LOAD _build/app_util_platform.o
LOAD _build/nrf_drv_common.o
LOAD _build/nrf_drv_gpiote.o
LOAD _build/nrf_delay.o
LOAD _build/led.o
LOAD _build/simple_ble.o
LOAD _build/eddystone.o
LOAD _build/tripoint_interface.o
LOAD _build/tritag.o
START GROUP
LOAD /home/brghena/toolchains/gcc-arm-none-eabi-4_9-2015q3/bin/../lib/gcc/arm-none-eabi/4.9.3/armv6-m/libgcc.a
LOAD /home/brghena/toolchains/gcc-arm-none-eabi-4_9-2015q3/bin/../lib/gcc/arm-none-eabi/4.9.3/../../../../arm-none-eabi/lib/armv6-m/libc.a
END GROUP
LOAD /home/brghena/toolchains/gcc-arm-none-eabi-4_9-2015q3/bin/../lib/gcc/arm-none-eabi/4.9.3/armv6-m/crtend.o
LOAD /home/brghena/toolchains/gcc-arm-none-eabi-4_9-2015q3/bin/../lib/gcc/arm-none-eabi/4.9.3/armv6-m/crtn.o
START GROUP
LOAD /home/brghena/toolchains/gcc-arm-none-eabi-4_9-2015q3/bin/../lib/gcc/arm-none-eabi/4.9.3/armv6-m/libgcc.a
LOAD /home/brghena/toolchains/gcc-arm-none-eabi-4_9-2015q3/bin/../lib/gcc/arm-none-eabi/4.9.3/../../../../arm-none-eabi/lib/armv6-m/libc.a
LOAD /home/brghena/toolchains/gcc-arm-none-eabi-4_9-2015q3/bin/../lib/gcc/arm-none-eabi/4.9.3/../../../../arm-none-eabi/lib/armv6-m/libm.a
LOAD /home/brghena/toolchains/gcc-arm-none-eabi-4_9-2015q3/bin/../lib/gcc/arm-none-eabi/4.9.3/../../../../arm-none-eabi/lib/armv6-m/libnosys.a
END GROUP

.text           0x00018000     0x2ae0
 *(.isr_vector)
 .isr_vector    0x00018000       0xc0 _build/startup_nrf51.os
                0x00018000                __Vectors
 *(.text*)
 .text          0x000180c0       0x78 /home/brghena/toolchains/gcc-arm-none-eabi-4_9-2015q3/bin/../lib/gcc/arm-none-eabi/4.9.3/../../../../arm-none-eabi/lib/armv6-m/crt0.o
                0x000180c0                _mainCRTStartup
                0x000180c0                _start
 .text          0x00018138       0x7c _build/startup_nrf51.os
                0x00018138                Reset_Handler
                0x00018178                NMI_Handler
                0x0001817a                HardFault_Handler
                0x0001817c                SVC_Handler
                0x0001817e                PendSV_Handler
                0x00018180                SysTick_Handler
                0x00018182                Default_Handler
                0x00018182                DEF_IRQHandler
                0x00018184                POWER_CLOCK_IRQHandler
                0x00018186                RADIO_IRQHandler
                0x00018188                UART0_IRQHandler
                0x0001818a                SPI0_TWI0_IRQHandler
                0x00018190                ADC_IRQHandler
                0x00018192                TIMER0_IRQHandler
                0x00018194                TIMER1_IRQHandler
                0x00018196                TIMER2_IRQHandler
                0x00018198                RTC0_IRQHandler
                0x0001819a                TEMP_IRQHandler
                0x0001819c                RNG_IRQHandler
                0x0001819e                ECB_IRQHandler
                0x000181a0                CCM_AAR_IRQHandler
                0x000181a2                WDT_IRQHandler
                0x000181a6                QDEC_IRQHandler
                0x000181aa                SWI1_IRQHandler
                0x000181ae                SWI3_IRQHandler
                0x000181b0                SWI4_IRQHandler
                0x000181b2                SWI5_IRQHandler
 .text.SystemInit
                0x000181b4       0x8c _build/system_nrf51.o
                0x000181b4                SystemInit
 .text.sd_ble_gatts_hvx
                0x00018240        0x4 _build/main.o
 .text.updateData
                0x00018244       0x34 _build/main.o
                0x00018244                updateData
 .text.timer_handler
                0x00018278       0x28 _build/main.o
 .text.ble_evt_write
                0x000182a0       0x3c _build/main.o
                0x000182a0                ble_evt_write
 .text.tripointDataUpdate
                0x000182dc       0x88 _build/main.o
                0x000182dc                tripointDataUpdate
 .text.services_init
                0x00018364       0xc4 _build/main.o
                0x00018364                services_init
 .text.startup.main
                0x00018428      0x114 _build/main.o
                0x00018428                main
 .text.sd_nvic_EnableIRQ
                0x0001853c        0x4 _build/softdevice_handler.o
 .text.sd_evt_get
                0x00018540        0x4 _build/softdevice_handler.o
 .text.sd_softdevice_enable
                0x00018544        0x4 _build/softdevice_handler.o
 .text.sd_ble_evt_get
                0x00018548        0x4 _build/softdevice_handler.o
 .text.softdevice_assertion_handler
                0x0001854c        0xc _build/softdevice_handler.o
                0x0001854c                softdevice_assertion_handler
 .text.intern_softdevice_events_execute
                0x00018558       0xb0 _build/softdevice_handler.o
                0x00018558                intern_softdevice_events_execute
 .text.softdevice_handler_init
                0x00018608       0x48 _build/softdevice_handler.o
                0x00018608                softdevice_handler_init
 .text.softdevice_ble_evt_handler_set
                0x00018650       0x14 _build/softdevice_handler.o
                0x00018650                softdevice_ble_evt_handler_set
 .text.softdevice_sys_evt_handler_set
                0x00018664       0x14 _build/softdevice_handler.o
                0x00018664                softdevice_sys_evt_handler_set
 .text.SWI2_IRQHandler
                0x00018678       0x24 _build/softdevice_handler.o
                0x00018678                SWI2_IRQHandler
 .text.sd_ble_gap_adv_data_set
                0x0001869c        0x4 _build/ble_advdata.o
 .text.sd_ble_gap_appearance_get
                0x000186a0        0x4 _build/ble_advdata.o
 .text.sd_ble_gap_device_name_get
                0x000186a4        0x4 _build/ble_advdata.o
 .text.sd_ble_uuid_encode
                0x000186a8        0x4 _build/ble_advdata.o
 .text.uuid_list_sized_encode
                0x000186ac       0xaa _build/ble_advdata.o
 .text.uuid_list_encode
                0x00018756       0x26 _build/ble_advdata.o
 .text.adv_data_encode
                0x0001877c      0x2d8 _build/ble_advdata.o
 .text.ble_advdata_set
                0x00018a54       0x62 _build/ble_advdata.o
                0x00018a54                ble_advdata_set
 *fill*         0x00018ab6        0x2 
 .text.conn_params_negotiation
                0x00018ab8       0x7c _build/ble_conn_params.o
 .text.ble_conn_params_on_ble_evt
                0x00018b34       0xb0 _build/ble_conn_params.o
                0x00018b34                ble_conn_params_on_ble_evt
 .text.user_op_alloc
                0x00018be4       0x2a _build/app_timer.o
 *fill*         0x00018c0e        0x2 
 .text.user_id_get
                0x00018c10       0x64 _build/app_timer.o
 .text.rtc1_stop
                0x00018c74       0x78 _build/app_timer.o
 .text.RTC1_IRQHandler
                0x00018cec       0xbc _build/app_timer.o
                0x00018cec                RTC1_IRQHandler
 .text.SWI0_IRQHandler
                0x00018da8      0x41c _build/app_timer.o
                0x00018da8                SWI0_IRQHandler
 .text.app_timer_init
                0x000191c4       0xe8 _build/app_timer.o
                0x000191c4                app_timer_init
 .text.app_timer_create
                0x000192ac       0x50 _build/app_timer.o
                0x000192ac                app_timer_create
 .text.app_timer_start
                0x000192fc       0x98 _build/app_timer.o
                0x000192fc                app_timer_start
 .text.app_timer_stop
                0x00019394       0x68 _build/app_timer.o
                0x00019394                app_timer_stop
 .text.state_machine
                0x000193fc       0x58 _build/nrf_drv_twi.o
 .text.txrx_shorts_set_task_start
                0x00019454       0xa0 _build/nrf_drv_twi.o
 .text.rx_address_req
                0x000194f4       0x64 _build/nrf_drv_twi.o
 .text.rx_prepare
                0x00019558        0x8 _build/nrf_drv_twi.o
 .text.rx_done  0x00019560       0x38 _build/nrf_drv_twi.o
 .text.tx_prepare
                0x00019598       0x28 _build/nrf_drv_twi.o
 .text.address_req
                0x000195c0       0x68 _build/nrf_drv_twi.o
 .text.tx_done  0x00019628       0x28 _build/nrf_drv_twi.o
 .text.on_error
                0x00019650       0x58 _build/nrf_drv_twi.o
 .text.ack_error
                0x000196a8       0x14 _build/nrf_drv_twi.o
 .text.twi_transfer
                0x000196bc      0x120 _build/nrf_drv_twi.o
 .text.nrf_drv_twi_init
                0x000197dc      0x1b8 _build/nrf_drv_twi.o
                0x000197dc                nrf_drv_twi_init
 .text.nrf_drv_twi_enable
                0x00019994       0x4c _build/nrf_drv_twi.o
                0x00019994                nrf_drv_twi_enable
 .text.nrf_drv_twi_tx
                0x000199e0       0x12 _build/nrf_drv_twi.o
                0x000199e0                nrf_drv_twi_tx
 .text.nrf_drv_twi_rx
                0x000199f2       0x12 _build/nrf_drv_twi.o
                0x000199f2                nrf_drv_twi_rx
 .text.SPI1_TWI1_IRQHandler
                0x00019a04       0xa8 _build/nrf_drv_twi.o
                0x00019a04                SPI1_TWI1_IRQHandler
 .text.critical_region_enter
                0x00019aac       0x10 _build/app_util_platform.o
                0x00019aac                critical_region_enter
 .text.critical_region_exit
                0x00019abc       0x14 _build/app_util_platform.o
                0x00019abc                critical_region_exit
 .text.nrf_drv_common_irq_enable
                0x00019ad0       0x78 _build/nrf_drv_common.o
                0x00019ad0                nrf_drv_common_irq_enable
 .text.channel_free
                0x00019b48       0x1c _build/nrf_drv_gpiote.o
 .text.nrf_drv_gpiote_init
                0x00019b64       0x54 _build/nrf_drv_gpiote.o
                0x00019b64                nrf_drv_gpiote_init
 .text.nrf_drv_gpiote_in_init
                0x00019bb8       0xd0 _build/nrf_drv_gpiote.o
                0x00019bb8                nrf_drv_gpiote_in_init
 .text.nrf_drv_gpiote_in_event_enable
                0x00019c88       0xa8 _build/nrf_drv_gpiote.o
                0x00019c88                nrf_drv_gpiote_in_event_enable
 .text.GPIOTE_IRQHandler
                0x00019d30      0x104 _build/nrf_drv_gpiote.o
                0x00019d30                GPIOTE_IRQHandler
 .text.led_init
                0x00019e34       0x1e _build/led.o
                0x00019e34                led_init
 *fill*         0x00019e52        0x2 
 .text.led_on   0x00019e54       0x14 _build/led.o
                0x00019e54                led_on
 .text.led_off  0x00019e68       0x12 _build/led.o
                0x00019e68                led_off
 .text.sd_power_system_off
                0x00019e7a        0x4 _build/simple_ble.o
 .text.sd_app_evt_wait
                0x00019e7e        0x4 _build/simple_ble.o
 .text.unlikely.sd_ble_gap_address_set
                0x00019e82        0x4 _build/simple_ble.o
 .text.unlikely.sd_ble_gap_address_get
                0x00019e86        0x4 _build/simple_ble.o
 .text.sd_ble_gap_adv_start
                0x00019e8a        0x4 _build/simple_ble.o
 .text.sd_ble_gap_adv_stop
                0x00019e8e        0x4 _build/simple_ble.o
 .text.sd_ble_gap_tx_power_set
                0x00019e92        0x4 _build/simple_ble.o
 .text.unlikely.sd_ble_gap_appearance_set
                0x00019e96        0x4 _build/simple_ble.o
 .text.unlikely.sd_ble_gap_ppcp_set
                0x00019e9a        0x4 _build/simple_ble.o
 .text.sd_ble_gap_device_name_set
                0x00019e9e        0x4 _build/simple_ble.o
 .text.sd_ble_gap_sec_params_reply
                0x00019ea2        0x4 _build/simple_ble.o
 .text.sd_ble_gap_sec_info_reply
                0x00019ea6        0x4 _build/simple_ble.o
 .text.unlikely.sd_ble_gatts_service_add
                0x00019eaa        0x4 _build/simple_ble.o
 .text.sd_ble_gatts_characteristic_add
                0x00019eae        0x4 _build/simple_ble.o
 .text.sd_ble_gatts_sys_attr_set
                0x00019eb2        0x4 _build/simple_ble.o
 .text.unlikely.sd_ble_enable
                0x00019eb6        0x4 _build/simple_ble.o
 .text.sd_ble_uuid_vs_add
                0x00019eba        0x4 _build/simple_ble.o
 .text.sys_evt_dispatch
                0x00019ebe        0x2 _build/simple_ble.o
 .text.app_error_handler
                0x00019ec0       0x14 _build/simple_ble.o
                0x00019ec0                app_error_handler
 .text.assert_nrf_callback
                0x00019ed4       0x18 _build/simple_ble.o
                0x00019ed4                assert_nrf_callback
 .text.ble_stack_init
                0x00019eec       0xe4 _build/simple_ble.o
                0x00019eec                ble_stack_init
 .text.gap_params_init
                0x00019fd0       0x80 _build/simple_ble.o
                0x00019fd0                gap_params_init
 .text.advertising_init
                0x0001a050       0x20 _build/simple_ble.o
                0x0001a050                advertising_init
 .text.conn_params_init
                0x0001a070        0x2 _build/simple_ble.o
                0x0001a070                conn_params_init
 *fill*         0x0001a072        0x2 
 .text.advertising_start
                0x0001a074       0x24 _build/simple_ble.o
                0x0001a074                advertising_start
 .text.advertising_stop
                0x0001a098       0x1c _build/simple_ble.o
                0x0001a098                advertising_stop
 .text.ble_evt_dispatch
                0x0001a0b4      0x104 _build/simple_ble.o
 .text.power_manage
                0x0001a1b8       0x1c _build/simple_ble.o
                0x0001a1b8                power_manage
 .text.simple_ble_init
                0x0001a1d4       0x28 _build/simple_ble.o
                0x0001a1d4                simple_ble_init
 .text.simple_ble_add_service
                0x0001a1fc       0x4c _build/simple_ble.o
                0x0001a1fc                simple_ble_add_service
 .text.simple_ble_add_characteristic
                0x0001a248       0xc4 _build/simple_ble.o
                0x0001a248                simple_ble_add_characteristic
 .text.eddystone_adv
                0x0001a30c       0xb0 _build/eddystone.o
                0x0001a30c                eddystone_adv
 .text.tripoint_interrupt_handler
                0x0001a3bc       0x6c _build/tripoint_interface.o
                0x0001a3bc                tripoint_interrupt_handler
 .text.tripoint_hw_init
                0x0001a428       0x68 _build/tripoint_interface.o
                0x0001a428                tripoint_hw_init
 .text.tripoint_get_info
                0x0001a490       0x4c _build/tripoint_interface.o
                0x0001a490                tripoint_get_info
 .text.tripoint_init
                0x0001a4dc       0x54 _build/tripoint_interface.o
                0x0001a4dc                tripoint_init
 .text.tripoint_start_ranging
                0x0001a530       0x38 _build/tripoint_interface.o
                0x0001a530                tripoint_start_ranging
 .text.tripoint_start_calibration
                0x0001a568       0x24 _build/tripoint_interface.o
                0x0001a568                tripoint_start_calibration
 .text.tripoint_sleep
                0x0001a58c       0x20 _build/tripoint_interface.o
                0x0001a58c                tripoint_sleep
 .text.tripoint_resume
                0x0001a5ac       0x20 _build/tripoint_interface.o
                0x0001a5ac                tripoint_resume
 .text.exit     0x0001a5cc       0x20 /home/brghena/toolchains/gcc-arm-none-eabi-4_9-2015q3/bin/../lib/gcc/arm-none-eabi/4.9.3/../../../../arm-none-eabi/lib/armv6-m/libc.a(lib_a-exit.o)
                0x0001a5cc                exit
 .text.__libc_init_array
                0x0001a5ec       0x48 /home/brghena/toolchains/gcc-arm-none-eabi-4_9-2015q3/bin/../lib/gcc/arm-none-eabi/4.9.3/../../../../arm-none-eabi/lib/armv6-m/libc.a(lib_a-init.o)
                0x0001a5ec                __libc_init_array
 .text.memcpy   0x0001a634       0x7c /home/brghena/toolchains/gcc-arm-none-eabi-4_9-2015q3/bin/../lib/gcc/arm-none-eabi/4.9.3/../../../../arm-none-eabi/lib/armv6-m/libc.a(lib_a-memcpy.o)
                0x0001a634                memcpy
 .text.memset   0x0001a6b0       0x8c /home/brghena/toolchains/gcc-arm-none-eabi-4_9-2015q3/bin/../lib/gcc/arm-none-eabi/4.9.3/../../../../arm-none-eabi/lib/armv6-m/libc.a(lib_a-memset.o)
                0x0001a6b0                memset
 .text.strlen   0x0001a73c       0x68 /home/brghena/toolchains/gcc-arm-none-eabi-4_9-2015q3/bin/../lib/gcc/arm-none-eabi/4.9.3/../../../../arm-none-eabi/lib/armv6-m/libc.a(lib_a-strlen.o)
                0x0001a73c                strlen
 .text.__call_exitprocs
                0x0001a7a4      0x108 /home/brghena/toolchains/gcc-arm-none-eabi-4_9-2015q3/bin/../lib/gcc/arm-none-eabi/4.9.3/../../../../arm-none-eabi/lib/armv6-m/libc.a(lib_a-__call_atexit.o)
                0x0001a7a4                __call_exitprocs
 .text.atexit   0x0001a8ac       0x10 /home/brghena/toolchains/gcc-arm-none-eabi-4_9-2015q3/bin/../lib/gcc/arm-none-eabi/4.9.3/../../../../arm-none-eabi/lib/armv6-m/libc.a(lib_a-atexit.o)
                0x0001a8ac                atexit
 .text.__libc_fini_array
                0x0001a8bc       0x34 /home/brghena/toolchains/gcc-arm-none-eabi-4_9-2015q3/bin/../lib/gcc/arm-none-eabi/4.9.3/../../../../arm-none-eabi/lib/armv6-m/libc.a(lib_a-fini.o)
                0x0001a8bc                __libc_fini_array
 .text.__register_exitproc
                0x0001a8f0       0xd4 /home/brghena/toolchains/gcc-arm-none-eabi-4_9-2015q3/bin/../lib/gcc/arm-none-eabi/4.9.3/../../../../arm-none-eabi/lib/armv6-m/libc.a(lib_a-__atexit.o)
                0x0001a8f0                __register_exitproc
 .text._exit    0x0001a9c4        0x4 /home/brghena/toolchains/gcc-arm-none-eabi-4_9-2015q3/bin/../lib/gcc/arm-none-eabi/4.9.3/../../../../arm-none-eabi/lib/armv6-m/libnosys.a(_exit.o)
                0x0001a9c4                _exit
 *(.init)
 .init          0x0001a9c8        0x4 /home/brghena/toolchains/gcc-arm-none-eabi-4_9-2015q3/bin/../lib/gcc/arm-none-eabi/4.9.3/armv6-m/crti.o
                0x0001a9c8                _init
 .init          0x0001a9cc        0x8 /home/brghena/toolchains/gcc-arm-none-eabi-4_9-2015q3/bin/../lib/gcc/arm-none-eabi/4.9.3/armv6-m/crtn.o
 *(.fini)
 .fini          0x0001a9d4        0x4 /home/brghena/toolchains/gcc-arm-none-eabi-4_9-2015q3/bin/../lib/gcc/arm-none-eabi/4.9.3/armv6-m/crti.o
                0x0001a9d4                _fini
 .fini          0x0001a9d8        0x8 /home/brghena/toolchains/gcc-arm-none-eabi-4_9-2015q3/bin/../lib/gcc/arm-none-eabi/4.9.3/armv6-m/crtn.o
 *crtbegin.o(.ctors)
 *crtbegin?.o(.ctors)
 *(EXCLUDE_FILE(*crtend.o *crtend?.o) .ctors)
 *(SORT(.ctors.*))
 *(.ctors)
 *crtbegin.o(.dtors)
 *crtbegin?.o(.dtors)
 *(EXCLUDE_FILE(*crtend.o *crtend?.o) .dtors)
 *(SORT(.dtors.*))
 *(.dtors)
 *(.rodata*)
 .rodata.str1.1
                0x0001a9e0       0x15 _build/main.o
 .rodata.tritag_uuid128
                0x0001a9f5       0x10 _build/main.o
                0x0001a9f5                tritag_uuid128
 *fill*         0x0001aa05        0x3 
 .rodata.m_states_len
                0x0001aa08       0x14 _build/nrf_drv_twi.o
 .rodata.m_stopped
                0x0001aa1c       0x18 _build/nrf_drv_twi.o
 .rodata.m_rx_suspended
                0x0001aa34       0x20 _build/nrf_drv_twi.o
 .rodata.m_default_config
                0x0001aa54       0x10 _build/nrf_drv_twi.o
 .rodata.m_idle
                0x0001aa64       0x10 _build/nrf_drv_twi.o
 .rodata.m_tx_suspended
                0x0001aa74       0x28 _build/nrf_drv_twi.o
 .rodata.m_error
                0x0001aa9c       0x18 _build/nrf_drv_twi.o
 .rodata.mp_states
                0x0001aab4       0x14 _build/nrf_drv_twi.o
 .rodata.PHYSWEB_SERVICE_LIST
                0x0001aac8        0x8 _build/eddystone.o
 .rodata        0x0001aad0        0x4 _build/tripoint_interface.o
 .rodata.str1.4
                0x0001aad4        0x4 /home/brghena/toolchains/gcc-arm-none-eabi-4_9-2015q3/bin/../lib/gcc/arm-none-eabi/4.9.3/../../../../arm-none-eabi/lib/armv6-m/libc.a(lib_a-impure.o)
                                  0x2 (size before relaxing)
 .rodata._global_impure_ptr
                0x0001aad8        0x4 /home/brghena/toolchains/gcc-arm-none-eabi-4_9-2015q3/bin/../lib/gcc/arm-none-eabi/4.9.3/../../../../arm-none-eabi/lib/armv6-m/libc.a(lib_a-impure.o)
                0x0001aad8                _global_impure_ptr
 *(.eh_frame*)
 .eh_frame      0x0001aadc        0x0 /home/brghena/toolchains/gcc-arm-none-eabi-4_9-2015q3/bin/../lib/gcc/arm-none-eabi/4.9.3/armv6-m/crtbegin.o
 .eh_frame      0x0001aadc        0x4 /home/brghena/toolchains/gcc-arm-none-eabi-4_9-2015q3/bin/../lib/gcc/arm-none-eabi/4.9.3/armv6-m/crtend.o

.glue_7         0x0001aae0        0x0
 .glue_7        0x00000000        0x0 linker stubs

.glue_7t        0x0001aae0        0x0
 .glue_7t       0x00000000        0x0 linker stubs

.vfp11_veneer   0x0001aae0        0x0
 .vfp11_veneer  0x00000000        0x0 linker stubs

.v4_bx          0x0001aae0        0x0
 .v4_bx         0x00000000        0x0 linker stubs

.iplt           0x0001aae0        0x0
 .iplt          0x00000000        0x0 /home/brghena/toolchains/gcc-arm-none-eabi-4_9-2015q3/bin/../lib/gcc/arm-none-eabi/4.9.3/armv6-m/crtbegin.o

.ARM.extab
 *(.ARM.extab* .gnu.linkonce.armextab.*)
                0x0001aae0                __exidx_start = .

.ARM.exidx      0x0001aae0        0x8
 *(.ARM.exidx* .gnu.linkonce.armexidx.*)
 .ARM.exidx     0x0001aae0        0x8 /home/brghena/toolchains/gcc-arm-none-eabi-4_9-2015q3/bin/../lib/gcc/arm-none-eabi/4.9.3/../../../../arm-none-eabi/lib/armv6-m/crt0.o
                0x0001aae8                __exidx_end = .
                0x0001aae8                __etext = .

.rel.dyn        0x0001aae8        0x0
 .rel.iplt      0x00000000        0x0 /home/brghena/toolchains/gcc-arm-none-eabi-4_9-2015q3/bin/../lib/gcc/arm-none-eabi/4.9.3/armv6-m/crtbegin.o

.data           0x20002000      0x450 load address 0x0001aae8
                0x20002000                __data_start__ = .
 *(vtable)
 *(.data*)
 .data.ble_config
                0x20002000       0x10 _build/main.o
 .data.m_sec_params
                0x20002010        0x5 _build/simple_ble.o
                0x20002010                m_sec_params
 *fill*         0x20002015        0x1 
 .data.PHYSWEB_SERVICE_UUID
                0x20002016        0x4 _build/eddystone.o
 *fill*         0x2000201a        0x2 
 .data.twi_instance
                0x2000201c        0x8 _build/tripoint_interface.o
                0x2000201c                twi_instance
 *fill*         0x20002024        0x4 
 .data.impure_data
                0x20002028      0x428 /home/brghena/toolchains/gcc-arm-none-eabi-4_9-2015q3/bin/../lib/gcc/arm-none-eabi/4.9.3/../../../../arm-none-eabi/lib/armv6-m/libc.a(lib_a-impure.o)
                0x20002450                . = ALIGN (0x4)
                0x20002450                PROVIDE (__preinit_array_start, .)
 *(.preinit_array)
                0x20002450                PROVIDE (__preinit_array_end, .)
                0x20002450                . = ALIGN (0x4)
                0x20002450                PROVIDE (__init_array_start, .)
 *(SORT(.init_array.*))
 *(.init_array)
                0x20002450                PROVIDE (__init_array_end, .)
                0x20002450                . = ALIGN (0x4)
                0x20002450                PROVIDE (__fini_array_start, .)
 *(SORT(.fini_array.*))
 *(.fini_array)
                0x20002450                PROVIDE (__fini_array_end, .)
                0x20002450                . = ALIGN (0x4)
                0x20002450                __data_end__ = .

.igot.plt       0x20002450        0x0 load address 0x0001af38
 .igot.plt      0x00000000        0x0 /home/brghena/toolchains/gcc-arm-none-eabi-4_9-2015q3/bin/../lib/gcc/arm-none-eabi/4.9.3/armv6-m/crtbegin.o

.bss            0x20002450      0x716 load address 0x0001af38
                0x20002450                __bss_start__ = .
 *(.bss*)
 .bss.APP_TIMER_BUF.8522
                0x20002450      0x300 _build/main.o
 .bss.app       0x20002750       0xb8 _build/main.o
 .bss.app_timer
                0x20002808        0x4 _build/main.o
 .bss.tripoint_inited
                0x2000280c        0x1 _build/main.o
                0x2000280c                tripoint_inited
 .bss.updated   0x2000280d        0x1 _build/main.o
                0x2000280d                updated
 .bss.m_softdevice_enabled
                0x2000280e        0x1 _build/softdevice_handler.o
 *fill*         0x2000280f        0x1 
 .bss.m_ble_evt_buffer_size
                0x20002810        0x2 _build/softdevice_handler.o
 *fill*         0x20002812        0x2 
 .bss.mp_ble_evt_buffer
                0x20002814        0x4 _build/softdevice_handler.o
 .bss.m_sys_evt_handler
                0x20002818        0x4 _build/softdevice_handler.o
 .bss.m_ble_evt_handler
                0x2000281c        0x4 _build/softdevice_handler.o
 .bss.m_evt_schedule_func
                0x20002820        0x4 _build/softdevice_handler.o
 .bss.m_change_param
                0x20002824        0x1 _build/ble_conn_params.o
 *fill*         0x20002825        0x1 
 .bss.m_current_conn_params
                0x20002826        0x8 _build/ble_conn_params.o
 .bss.m_update_count
                0x2000282e        0x1 _build/ble_conn_params.o
 *fill*         0x2000282f        0x1 
 .bss.m_conn_params_config
                0x20002830       0x1c _build/ble_conn_params.o
 .bss.m_conn_params_timer_id
                0x2000284c        0x4 _build/ble_conn_params.o
 .bss.m_conn_handle
                0x20002850        0x2 _build/ble_conn_params.o
 .bss.m_preferred_conn_params
                0x20002852        0x8 _build/ble_conn_params.o
 *fill*         0x2000285a        0x2 
 .bss.m_ticks_latest
                0x2000285c        0x4 _build/app_timer.o
 .bss.m_evt_schedule_func
                0x20002860        0x4 _build/app_timer.o
 .bss.mp_nodes  0x20002864        0x4 _build/app_timer.o
 .bss.m_user_array_size
                0x20002868        0x1 _build/app_timer.o
 *fill*         0x20002869        0x3 
 .bss.mp_users  0x2000286c        0x4 _build/app_timer.o
 .bss.m_ticks_elapsed_q_read_ind
                0x20002870        0x1 _build/app_timer.o
 .bss.m_ticks_elapsed_q_write_ind
                0x20002871        0x1 _build/app_timer.o
 .bss.m_node_array_size
                0x20002872        0x1 _build/app_timer.o
 *fill*         0x20002873        0x1 
 .bss.m_timer_id_head
                0x20002874        0x4 _build/app_timer.o
 .bss.m_rtc1_reset
                0x20002878        0x1 _build/app_timer.o
 *fill*         0x20002879        0x3 
 .bss.m_ticks_elapsed
                0x2000287c        0x8 _build/app_timer.o
 .bss.m_rtc1_running
                0x20002884        0x1 _build/app_timer.o
 *fill*         0x20002885        0x3 
 .bss.m_instances
                0x20002888        0x4 _build/nrf_drv_twi.o
 .bss.m_handlers
                0x2000288c        0x4 _build/nrf_drv_twi.o
 .bss.m_cb      0x20002890       0x1c _build/nrf_drv_twi.o
 .bss.m_in_critical_region
                0x200028ac        0x4 _build/app_util_platform.o
 .bss.m_cb      0x200028b0       0x38 _build/nrf_drv_gpiote.o
 .bss.ble_config
                0x200028e8        0x4 _build/simple_ble.o
 .bss.BLE_EVT_BUFFER.8519
                0x200028ec       0x48 _build/simple_ble.o
 .bss._data_callback
                0x20002934        0x4 _build/tripoint_interface.o
                0x20002934                _data_callback
 *(COMMON)
 COMMON         0x20002938      0x114 _build/main.o
                0x20002938                simple_ble_app
                0x2000293c                tritag_uuid
                0x20002940                _ble_address
                0x20002946                dataBlob
                0x20002a48                blobLen
 COMMON         0x20002a4c       0x1a _build/simple_ble.o
                0x20002a4c                m_adv_params
                0x20002a64                app
 COMMON         0x20002a66      0x100 _build/tripoint_interface.o
                0x20002a66                response
                0x20002b66                __bss_end__ = .

.heap           0x20002b68      0x100
                0x20002b68                __end__ = .
                0x20002b68                end = __end__
 *(.heap*)
 .heap          0x20002b68      0x100 _build/startup_nrf51.os
                0x20002b68                __HeapBase
                0x20002c68                __HeapLimit = .

.stack_dummy    0x20002b68      0xc00
 *(.stack)
 .stack         0x20002b68      0xc00 _build/startup_nrf51.os
                0x20004000                __StackTop = (ORIGIN (RAM) + 0x2000)
                0x20003400                __StackLimit = (__StackTop - SIZEOF (.stack_dummy))
                0x20004000                PROVIDE (__stack, __StackTop)
                0x00000001                ASSERT ((__StackLimit >= __HeapLimit), region RAM overflowed with stack)
OUTPUT(_build/tritag_s110.elf elf32-littlearm)

.ARM.attributes
                0x00000000       0x28
 .ARM.attributes
                0x00000000       0x1e /home/brghena/toolchains/gcc-arm-none-eabi-4_9-2015q3/bin/../lib/gcc/arm-none-eabi/4.9.3/armv6-m/crti.o
 .ARM.attributes
                0x0000001e       0x2c /home/brghena/toolchains/gcc-arm-none-eabi-4_9-2015q3/bin/../lib/gcc/arm-none-eabi/4.9.3/armv6-m/crtbegin.o
 .ARM.attributes
                0x0000004a       0x1b /home/brghena/toolchains/gcc-arm-none-eabi-4_9-2015q3/bin/../lib/gcc/arm-none-eabi/4.9.3/../../../../arm-none-eabi/lib/armv6-m/crt0.o
 .ARM.attributes
                0x00000065       0x1b _build/startup_nrf51.os
 .ARM.attributes
                0x00000080       0x31 _build/system_nrf51.o
 .ARM.attributes
                0x000000b1       0x31 _build/main.o
 .ARM.attributes
                0x000000e2       0x31 _build/softdevice_handler.o
 .ARM.attributes
                0x00000113       0x31 _build/ble_advdata.o
 .ARM.attributes
                0x00000144       0x31 _build/ble_conn_params.o
 .ARM.attributes
                0x00000175       0x31 _build/app_timer.o
 .ARM.attributes
                0x000001a6       0x31 _build/nrf_drv_twi.o
 .ARM.attributes
                0x000001d7       0x31 _build/app_util_platform.o
 .ARM.attributes
                0x00000208       0x31 _build/nrf_drv_common.o
 .ARM.attributes
                0x00000239       0x31 _build/nrf_drv_gpiote.o
 .ARM.attributes
                0x0000026a       0x31 _build/led.o
 .ARM.attributes
                0x0000029b       0x31 _build/simple_ble.o
 .ARM.attributes
                0x000002cc       0x31 _build/eddystone.o
 .ARM.attributes
                0x000002fd       0x31 _build/tripoint_interface.o
 .ARM.attributes
                0x0000032e       0x2c /home/brghena/toolchains/gcc-arm-none-eabi-4_9-2015q3/bin/../lib/gcc/arm-none-eabi/4.9.3/../../../../arm-none-eabi/lib/armv6-m/libc.a(lib_a-exit.o)
 .ARM.attributes
                0x0000035a       0x2c /home/brghena/toolchains/gcc-arm-none-eabi-4_9-2015q3/bin/../lib/gcc/arm-none-eabi/4.9.3/../../../../arm-none-eabi/lib/armv6-m/libc.a(lib_a-impure.o)
 .ARM.attributes
                0x00000386       0x2c /home/brghena/toolchains/gcc-arm-none-eabi-4_9-2015q3/bin/../lib/gcc/arm-none-eabi/4.9.3/../../../../arm-none-eabi/lib/armv6-m/libc.a(lib_a-init.o)
 .ARM.attributes
                0x000003b2       0x2c /home/brghena/toolchains/gcc-arm-none-eabi-4_9-2015q3/bin/../lib/gcc/arm-none-eabi/4.9.3/../../../../arm-none-eabi/lib/armv6-m/libc.a(lib_a-memcpy.o)
 .ARM.attributes
                0x000003de       0x2c /home/brghena/toolchains/gcc-arm-none-eabi-4_9-2015q3/bin/../lib/gcc/arm-none-eabi/4.9.3/../../../../arm-none-eabi/lib/armv6-m/libc.a(lib_a-memset.o)
 .ARM.attributes
                0x0000040a       0x2c /home/brghena/toolchains/gcc-arm-none-eabi-4_9-2015q3/bin/../lib/gcc/arm-none-eabi/4.9.3/../../../../arm-none-eabi/lib/armv6-m/libc.a(lib_a-strlen.o)
 .ARM.attributes
                0x00000436       0x2c /home/brghena/toolchains/gcc-arm-none-eabi-4_9-2015q3/bin/../lib/gcc/arm-none-eabi/4.9.3/../../../../arm-none-eabi/lib/armv6-m/libc.a(lib_a-__call_atexit.o)
 .ARM.attributes
                0x00000462       0x2c /home/brghena/toolchains/gcc-arm-none-eabi-4_9-2015q3/bin/../lib/gcc/arm-none-eabi/4.9.3/../../../../arm-none-eabi/lib/armv6-m/libc.a(lib_a-atexit.o)
 .ARM.attributes
                0x0000048e       0x2c /home/brghena/toolchains/gcc-arm-none-eabi-4_9-2015q3/bin/../lib/gcc/arm-none-eabi/4.9.3/../../../../arm-none-eabi/lib/armv6-m/libc.a(lib_a-fini.o)
 .ARM.attributes
                0x000004ba       0x2c /home/brghena/toolchains/gcc-arm-none-eabi-4_9-2015q3/bin/../lib/gcc/arm-none-eabi/4.9.3/../../../../arm-none-eabi/lib/armv6-m/libc.a(lib_a-__atexit.o)
 .ARM.attributes
                0x000004e6       0x2c /home/brghena/toolchains/gcc-arm-none-eabi-4_9-2015q3/bin/../lib/gcc/arm-none-eabi/4.9.3/armv6-m/crtend.o
 .ARM.attributes
                0x00000512       0x1e /home/brghena/toolchains/gcc-arm-none-eabi-4_9-2015q3/bin/../lib/gcc/arm-none-eabi/4.9.3/armv6-m/crtn.o
 .ARM.attributes
                0x00000530       0x2c /home/brghena/toolchains/gcc-arm-none-eabi-4_9-2015q3/bin/../lib/gcc/arm-none-eabi/4.9.3/../../../../arm-none-eabi/lib/armv6-m/libnosys.a(_exit.o)

.comment        0x00000000       0x70
 .comment       0x00000000       0x70 _build/system_nrf51.o
                                 0x71 (size before relaxing)
 .comment       0x00000000       0x71 _build/main.o
 .comment       0x00000000       0x71 _build/softdevice_handler.o
 .comment       0x00000000       0x71 _build/ble_advdata.o
 .comment       0x00000000       0x71 _build/ble_conn_params.o
 .comment       0x00000000       0x71 _build/app_timer.o
 .comment       0x00000000       0x71 _build/nrf_drv_twi.o
 .comment       0x00000000       0x71 _build/app_util_platform.o
 .comment       0x00000000       0x71 _build/nrf_drv_common.o
 .comment       0x00000000       0x71 _build/nrf_drv_gpiote.o
 .comment       0x00000000       0x71 _build/led.o
 .comment       0x00000000       0x71 _build/simple_ble.o
 .comment       0x00000000       0x71 _build/eddystone.o
 .comment       0x00000000       0x71 _build/tripoint_interface.o

.debug_frame    0x00000000      0x1d8
 .debug_frame   0x00000000       0x28 /home/brghena/toolchains/gcc-arm-none-eabi-4_9-2015q3/bin/../lib/gcc/arm-none-eabi/4.9.3/../../../../arm-none-eabi/lib/armv6-m/libc.a(lib_a-exit.o)
 .debug_frame   0x00000028       0x2c /home/brghena/toolchains/gcc-arm-none-eabi-4_9-2015q3/bin/../lib/gcc/arm-none-eabi/4.9.3/../../../../arm-none-eabi/lib/armv6-m/libc.a(lib_a-init.o)
 .debug_frame   0x00000054       0x2c /home/brghena/toolchains/gcc-arm-none-eabi-4_9-2015q3/bin/../lib/gcc/arm-none-eabi/4.9.3/../../../../arm-none-eabi/lib/armv6-m/libc.a(lib_a-memcpy.o)
 .debug_frame   0x00000080       0x2c /home/brghena/toolchains/gcc-arm-none-eabi-4_9-2015q3/bin/../lib/gcc/arm-none-eabi/4.9.3/../../../../arm-none-eabi/lib/armv6-m/libc.a(lib_a-memset.o)
 .debug_frame   0x000000ac       0x28 /home/brghena/toolchains/gcc-arm-none-eabi-4_9-2015q3/bin/../lib/gcc/arm-none-eabi/4.9.3/../../../../arm-none-eabi/lib/armv6-m/libc.a(lib_a-strlen.o)
 .debug_frame   0x000000d4       0x54 /home/brghena/toolchains/gcc-arm-none-eabi-4_9-2015q3/bin/../lib/gcc/arm-none-eabi/4.9.3/../../../../arm-none-eabi/lib/armv6-m/libc.a(lib_a-__call_atexit.o)
 .debug_frame   0x00000128       0x28 /home/brghena/toolchains/gcc-arm-none-eabi-4_9-2015q3/bin/../lib/gcc/arm-none-eabi/4.9.3/../../../../arm-none-eabi/lib/armv6-m/libc.a(lib_a-atexit.o)
 .debug_frame   0x00000150       0x2c /home/brghena/toolchains/gcc-arm-none-eabi-4_9-2015q3/bin/../lib/gcc/arm-none-eabi/4.9.3/../../../../arm-none-eabi/lib/armv6-m/libc.a(lib_a-fini.o)
 .debug_frame   0x0000017c       0x3c /home/brghena/toolchains/gcc-arm-none-eabi-4_9-2015q3/bin/../lib/gcc/arm-none-eabi/4.9.3/../../../../arm-none-eabi/lib/armv6-m/libc.a(lib_a-__atexit.o)
 .debug_frame   0x000001b8       0x20 /home/brghena/toolchains/gcc-arm-none-eabi-4_9-2015q3/bin/../lib/gcc/arm-none-eabi/4.9.3/../../../../arm-none-eabi/lib/armv6-m/libnosys.a(_exit.o)
